12-02 13:30:01.567  2478 21625 E ActivityManager: full avg10=0.00 avg60=0.00 avg300=0.00 total=420751
12-02 13:30:01.567  2478 21625 E ActivityManager: ----- End output from /proc/pressure/memory -----
12-02 13:30:01.567  2478 21625 E ActivityManager: ----- Output from /proc/pressure/cpu -----
12-02 13:30:01.567  2478 21625 E ActivityManager: some avg10=2.20 avg60=2.39 avg300=2.14 total=606732282
12-02 13:30:01.567  2478 21625 E ActivityManager: full avg10=0.00 avg60=0.00 avg300=0.00 total=0
12-02 13:30:01.567  2478 21625 E ActivityManager: ----- End output from /proc/pressure/cpu -----
12-02 13:30:01.567  2478 21625 E ActivityManager: ----- Output from /proc/pressure/io -----
12-02 13:30:01.567  2478 21625 E ActivityManager: some avg10=0.00 avg60=0.00 avg300=0.00 total=3951905
12-02 13:30:01.567  2478 21625 E ActivityManager: full avg10=0.00 avg60=0.00 avg300=0.00 total=2536558
12-02 13:30:01.567  2478 21625 E ActivityManager: ----- End output from /proc/pressure/io -----
12-02 13:30:01.567  2478 21625 E ActivityManager: 
12-02 13:30:01.567  2478 21625 E ActivityManager: CPU usage from 20064ms to 0ms ago (2024-12-02 13:29:41.483 to 2024-12-02 13:30:01.547):
12-02 13:30:01.567  2478 21625 E ActivityManager:   2.9% 1571/surfaceflinger: 1.7% user + 1.1% kernel / faults: 40 minor
12-02 13:30:01.567  2478 21625 E ActivityManager:   1.8% 932/crtc_commit:201: 0% user + 1.8% kernel
12-02 13:30:01.567  2478 21625 E ActivityManager:   1.7% 2478/system_server: 0.7% user + 0.9% kernel / faults: 12801 minor
12-02 13:30:01.567  2478 21625 E ActivityManager:   1.4% 1468/vendor.qti.hardware.display.composer-service: 0.7% user + 0.7% kernel / faults: 24 minor
12-02 13:30:01.567  2478 21625 E ActivityManager:   1.1% 15862/kworker/u16:0-rq_stats: 0% user + 1.1% kernel / faults: 4 minor
12-02 13:30:01.567  2478 21625 E ActivityManager:   0.8% 3246/com.android.launcher3: 0.5% user + 0.2% kernel / faults: 1073 minor 1 major
12-02 13:30:01.567  2478 21625 E ActivityManager:   0.8% 2500/irq/299-goodix_ts: 0% user + 0.8% kernel
12-02 13:30:01.567  2478 21625 E ActivityManager:   0.7% 29599/kworker/u16:2-memlat_wq: 0% user + 0.7% kernel
12-02 13:30:01.567  2478 21625 E ActivityManager:   0.5% 13077/kworker/u16:1-rq_stats: 0% user + 0.5% kernel / faults: 1 minor
12-02 13:30:01.567  2478 21625 E ActivityManager:   0.4% 64/rcuop/7: 0% user + 0.4% kernel
12-02 13:30:01.567  2478 21625 E ActivityManager: 4.1% TOTAL: 2% user + 1.5% kernel + 0% iowait + 0.4% irq + 0% softirq
12-02 13:30:01.567  2478 21625 E ActivityManager: CPU usage from 22186158ms to 22186158ms ago (1970-01-01 00:00:00.000 to 1970-01-01 00:00:00.000) with 0% awake:
12-02 13:30:01.567  2478 21625 E ActivityManager: 0% TOTAL: 0% user + 0% kernel
12-02 13:30:01.568  2478 21625 I ActivityManager: Killing 21542:com.android.se/1068 (adj -800): bg anr
12-02 13:30:01.568  2478 21625 D ActivityManager: Completed ANR of com.android.se in 21ms, latency 2ms
12-02 13:30:01.575  2478  2916 I ActivityManager: Process com.android.se (pid 21542) has died: pers PER 
12-02 13:30:01.575  2478  2916 W ActivityManager: Scheduling restart of crashed service com.android.se/.SecureElementService in 0ms for persistent
12-02 13:30:01.576  2478  2916 W ActivityManager: Re-adding persistent process ProcessRecord{8b68b80 21542:com.android.se/1068}
12-02 13:30:01.576  2478  2916 D CompatibilityChangeReporter: Compat change id reported: 135634846; UID 1068; state: DISABLED
12-02 13:30:01.576  2478  2535 D DisplayManagerService: Drop pending events for gone uid 1068
12-02 13:30:01.584  2478  2545 I ActivityManager: Start proc 21627:com.android.se/1068 for restart com.android.se
12-02 13:30:01.608  2478  2916 I ActivityManager: Flag disabled. Ignoring finishAttachApplication from uid: 1068. pid: 21627
12-02 13:30:01.614   745   745 I servicemanager: Found vendor.qti.hardware.perf2.IPerf/default in device VINTF manifest.
12-02 13:30:01.615   745   745 I servicemanager: Found android.hardware.secure_element.ISecureElement/eSE1 in device VINTF manifest.
12-02 13:30:01.616   745   745 I servicemanager: Since 'android.hardware.secure_element.ISecureElement/eSE1' could not be found, trying to start it as a lazy AIDL service. (if it's not configured to be a lazy service, it may be stuck starting or still starting).
12-02 13:30:01.616 21644 21644 I servicemanager: Tried to start aidl service android.hardware.secure_element.ISecureElement/eSE1 as a lazy service, but was unable to. Usually this happens when a service is not installed, but if the service is intended to be used as a lazy service, then it may be configured incorrectly.
12-02 13:30:02.618   745   745 I servicemanager: Since 'android.hardware.secure_element.ISecureElement/eSE1' could not be found, trying to start it as a lazy AIDL service. (if it's not configured to be a lazy service, it may be stuck starting or still starting).
12-02 13:30:02.619 21645 21645 I servicemanager: Tried to start aidl service android.hardware.secure_element.ISecureElement/eSE1 as a lazy service, but was unable to. Usually this happens when a service is not installed, but if the service is intended to be used as a lazy service, then it may be configured incorrectly.
12-02 13:30:03.621   745   745 I servicemanager: Since 'android.hardware.secure_element.ISecureElement/eSE1' could not be found, trying to start it as a lazy AIDL service. (if it's not configured to be a lazy service, it may be stuck starting or still starting).
12-02 13:30:03.622 21646 21646 I servicemanager: Tried to start aidl service android.hardware.secure_element.ISecureElement/eSE1 as a lazy service, but was unable to. Usually this happens when a service is not installed, but if the service is intended to be used as a lazy service, then it may be configured incorrectly.
12-02 13:30:05.055     1     1 I init    : starting service 'vendor.secure_element'...
12-02 13:30:05.061     1     1 I init    : ... started service 'vendor.secure_element' has pid 21648
12-02 13:30:05.075     1     1 I init    : Service 'vendor.secure_element' (pid 21648) exited with status 1
12-02 13:30:05.075     1     1 I init    : Sending signal 9 to service 'vendor.secure_element' (pid 21648) process group...
12-02 13:30:05.075     1     1 I libprocessgroup: Successfully killed process cgroup uid 1000 pid 21648 in 0ms
12-02 13:30:05.075     1     1 E init    : process with updatable components 'vendor.secure_element' exited 4 times in 4 minutes
12-02 13:30:05.076     1     1 I init    : processing action (sys.init.updatable_crashing=1) from (/system/etc/init/flags_health_check.rc:10)
12-02 13:30:05.076     1     1 I init    : starting service 'exec 6483 (/system/bin/flags_health_check UPDATABLE_CRASHING)'...
12-02 13:30:05.078     1     1 I init    : ... started service 'exec 6483 (/system/bin/flags_health_check UPDATABLE_CRASHING)' has pid 21649
12-02 13:30:05.078     1     1 I init    : SVC_EXEC service 'exec 6483 (/system/bin/flags_health_check UPDATABLE_CRASHING)' pid 21649 (uid 1000 gid 1000+0 context default) started; waiting...
12-02 13:30:05.623   745   745 I servicemanager: Since 'android.hardware.secure_element.ISecureElement/eSE1' could not be found, trying to start it as a lazy AIDL service. (if it's not configured to be a lazy service, it may be stuck starting or still starting).
12-02 13:30:05.624 21653 21653 I servicemanager: Tried to start aidl service android.hardware.secure_element.ISecureElement/eSE1 as a lazy service, but was unable to. Usually this happens when a service is not installed, but if the service is intended to be used as a lazy service, then it may be configured incorrectly.
12-02 13:30:06.624   745   745 I servicemanager: Since 'android.hardware.secure_element.ISecureElement/eSE1' could not be found, trying to start it as a lazy AIDL service. (if it's not configured to be a lazy service, it may be stuck starting or still starting).
12-02 13:30:06.626 21654 21654 I servicemanager: Tried to start aidl service android.hardware.secure_element.ISecureElement/eSE1 as a lazy service, but was unable to. Usually this happens when a service is not installed, but if the service is intended to be used as a lazy service, then it may be configured incorrectly.
12-02 13:30:07.627   745   745 I servicemanager: Since 'android.hardware.secure_element.ISecureElement/eSE1' could not be found, trying to start it as a lazy AIDL service. (if it's not configured to be a lazy service, it may be stuck starting or still starting).
12-02 13:30:07.628 21655 21655 I servicemanager: Tried to start aidl service android.hardware.secure_element.ISecureElement/eSE1 as a lazy service, but was unable to. Usually this happens when a service is not installed, but if the service is intended to be used as a lazy service, then it may be configured incorrectly.
12-02 13:30:08.630   745   745 I servicemanager: Since 'android.hardware.secure_element.ISecureElement/eSE1' could not be found, trying to start it as a lazy AIDL service. (if it's not configured to be a lazy service, it may be stuck starting or still starting).
12-02 13:30:08.631 21656 21656 I servicemanager: Tried to start aidl service android.hardware.secure_element.ISecureElement/eSE1 as a lazy service, but was unable to. Usually this happens when a service is not installed, but if the service is intended to be used as a lazy service, then it may be configured incorrectly.
12-02 13:30:09.632   745   745 I servicemanager: Since 'android.hardware.secure_element.ISecureElement/eSE1' could not be found, trying to start it as a lazy AIDL service. (if it's not configured to be a lazy service, it may be stuck starting or still starting).
12-02 13:30:09.633 21657 21657 I servicemanager: Tried to start aidl service android.hardware.secure_element.ISecureElement/eSE1 as a lazy service, but was unable to. Usually this happens when a service is not installed, but if the service is intended to be used as a lazy service, then it may be configured incorrectly.
12-02 13:30:10.061     1     1 I init    : starting service 'vendor.secure_element'...
12-02 13:30:10.066     1     1 I init    : ... started service 'vendor.secure_element' has pid 21658
12-02 13:30:10.077     1     1 I init    : Service 'vendor.secure_element' (pid 21658) exited with status 1
12-02 13:30:10.077     1     1 I init    : Sending signal 9 to service 'vendor.secure_element' (pid 21658) process group...
12-02 13:30:10.077     1     1 I libprocessgroup: Successfully killed process cgroup uid 1000 pid 21658 in 0ms
12-02 13:30:10.077     1     1 E init    : process with updatable components 'vendor.secure_element' exited 4 times in 4 minutes
12-02 13:30:10.078     1     1 I init    : processing action (sys.init.updatable_crashing=1) from (/system/etc/init/flags_health_check.rc:10)
12-02 13:30:10.078     1     1 I init    : starting service 'exec 6484 (/system/bin/flags_health_check UPDATABLE_CRASHING)'...
12-02 13:30:10.080     1     1 I init    : ... started service 'exec 6484 (/system/bin/flags_health_check UPDATABLE_CRASHING)' has pid 21659
12-02 13:30:10.080     1     1 I init    : SVC_EXEC service 'exec 6484 (/system/bin/flags_health_check UPDATABLE_CRASHING)' pid 21659 (uid 1000 gid 1000+0 context default) started; waiting...
12-02 13:30:10.633   745   745 I servicemanager: Since 'android.hardware.secure_element.ISecureElement/eSE1' could not be found, trying to start it as a lazy AIDL service. (if it's not configured to be a lazy service, it may be stuck starting or still starting).
12-02 13:30:10.634 21660 21660 I servicemanager: Tried to start aidl service android.hardware.secure_element.ISecureElement/eSE1 as a lazy service, but was unable to. Usually this happens when a service is not installed, but if the service is intended to be used as a lazy service, then it may be configured incorrectly.
12-02 13:30:11.636   745   745 I servicemanager: Since 'android.hardware.secure_element.ISecureElement/eSE1' could not be found, trying to start it as a lazy AIDL service. (if it's not configured to be a lazy service, it may be stuck starting or still starting).
12-02 13:30:11.637 21661 21661 I servicemanager: Tried to start aidl service android.hardware.secure_element.ISecureElement/eSE1 as a lazy service, but was unable to. Usually this happens when a service is not installed, but if the service is intended to be used as a lazy service, then it may be configured incorrectly.
12-02 13:30:12.638   745   745 I servicemanager: Since 'android.hardware.secure_element.ISecureElement/eSE1' could not be found, trying to start it as a lazy AIDL service. (if it's not configured to be a lazy service, it may be stuck starting or still starting).
12-02 13:30:12.639 21662 21662 I servicemanager: Tried to start aidl service android.hardware.secure_element.ISecureElement/eSE1 as a lazy service, but was unable to. Usually this happens when a service is not installed, but if the service is intended to be used as a lazy service, then it may be configured incorrectly.
12-02 13:30:13.639   745   745 I servicemanager: Since 'android.hardware.secure_element.ISecureElement/eSE1' could not be found, trying to start it as a lazy AIDL service. (if it's not configured to be a lazy service, it may be stuck starting or still starting).
12-02 13:30:13.639 21666 21666 I servicemanager: Tried to start aidl service android.hardware.secure_element.ISecureElement/eSE1 as a lazy service, but was unable to. Usually this happens when a service is not installed, but if the service is intended to be used as a lazy service, then it may be configured incorrectly.
12-02 13:30:14.641   745   745 I servicemanager: Since 'android.hardware.secure_element.ISecureElement/eSE1' could not be found, trying to start it as a lazy AIDL service. (if it's not configured to be a lazy service, it may be stuck starting or still starting).
12-02 13:30:14.642 21667 21667 I servicemanager: Tried to start aidl service android.hardware.secure_element.ISecureElement/eSE1 as a lazy service, but was unable to. Usually this happens when a service is not installed, but if the service is intended to be used as a lazy service, then it may be configured incorrectly.
12-02 13:30:15.067     1     1 I init    : starting service 'vendor.secure_element'...
12-02 13:30:15.073     1     1 I init    : ... started service 'vendor.secure_element' has pid 21668
12-02 13:30:15.081     1     1 I init    : Service 'vendor.secure_element' (pid 21668) exited with status 1
12-02 13:30:15.081     1     1 I init    : Sending signal 9 to service 'vendor.secure_element' (pid 21668) process group...
12-02 13:30:15.081     1     1 I libprocessgroup: Successfully killed process cgroup uid 1000 pid 21668 in 0ms
12-02 13:30:15.081     1     1 E init    : process with updatable components 'vendor.secure_element' exited 4 times in 4 minutes
12-02 13:30:15.082     1     1 I init    : processing action (sys.init.updatable_crashing=1) from (/system/etc/init/flags_health_check.rc:10)
12-02 13:30:15.082     1     1 I init    : starting service 'exec 6485 (/system/bin/flags_health_check UPDATABLE_CRASHING)'...
12-02 13:30:15.084     1     1 I init    : ... started service 'exec 6485 (/system/bin/flags_health_check UPDATABLE_CRASHING)' has pid 21669
12-02 13:30:15.084     1     1 I init    : SVC_EXEC service 'exec 6485 (/system/bin/flags_health_check UPDATABLE_CRASHING)' pid 21669 (uid 1000 gid 1000+0 context default) started; waiting...
12-02 13:30:15.642   745   745 I servicemanager: Since 'android.hardware.secure_element.ISecureElement/eSE1' could not be found, trying to start it as a lazy AIDL service. (if it's not configured to be a lazy service, it may be stuck starting or still starting).
12-02 13:30:15.643 21670 21670 I servicemanager: Tried to start aidl service android.hardware.secure_element.ISecureElement/eSE1 as a lazy service, but was unable to. Usually this happens when a service is not installed, but if the service is intended to be used as a lazy service, then it may be configured incorrectly.
12-02 13:30:16.643   745   745 I servicemanager: Since 'android.hardware.secure_element.ISecureElement/eSE1' could not be found, trying to start it as a lazy AIDL service. (if it's not configured to be a lazy service, it may be stuck starting or still starting).
12-02 13:30:16.644 21671 21671 I servicemanager: Tried to start aidl service android.hardware.secure_element.ISecureElement/eSE1 as a lazy service, but was unable to. Usually this happens when a service is not installed, but if the service is intended to be used as a lazy service, then it may be configured incorrectly.
12-02 13:30:17.644   745   745 I servicemanager: Since 'android.hardware.secure_element.ISecureElement/eSE1' could not be found, trying to start it as a lazy AIDL service. (if it's not configured to be a lazy service, it may be stuck starting or still starting).
12-02 13:30:17.646 21672 21672 I servicemanager: Tried to start aidl service android.hardware.secure_element.ISecureElement/eSE1 as a lazy service, but was unable to. Usually this happens when a service is not installed, but if the service is intended to be used as a lazy service, then it may be configured incorrectly.
12-02 13:30:18.647   745   745 I servicemanager: Since 'android.hardware.secure_element.ISecureElement/eSE1' could not be found, trying to start it as a lazy AIDL service. (if it's not configured to be a lazy service, it may be stuck starting or still starting).
12-02 13:30:18.648 21673 21673 I servicemanager: Tried to start aidl service android.hardware.secure_element.ISecureElement/eSE1 as a lazy service, but was unable to. Usually this happens when a service is not installed, but if the service is intended to be used as a lazy service, then it may be configured incorrectly.
12-02 13:30:19.648   745   745 I servicemanager: Since 'android.hardware.secure_element.ISecureElement/eSE1' could not be found, trying to start it as a lazy AIDL service. (if it's not configured to be a lazy service, it may be stuck starting or still starting).
12-02 13:30:19.649 21674 21674 I servicemanager: Tried to start aidl service android.hardware.secure_element.ISecureElement/eSE1 as a lazy service, but was unable to. Usually this happens when a service is not installed, but if the service is intended to be used as a lazy service, then it may be configured incorrectly.
12-02 13:30:19.776  1351  1351 W healthd : battery l=100 v=9018 t=24.0 h=2 st=3 c=-4394 fc=2136000 cc=0 chg=
12-02 13:30:20.072     1     1 I init    : starting service 'vendor.secure_element'...
12-02 13:30:20.078     1     1 I init    : ... started service 'vendor.secure_element' has pid 21676
12-02 13:30:20.087     1     1 I init    : Service 'vendor.secure_element' (pid 21676) exited with status 1
12-02 13:30:20.087     1     1 I init    : Sending signal 9 to service 'vendor.secure_element' (pid 21676) process group...
12-02 13:30:20.087     1     1 I libprocessgroup: Successfully killed process cgroup uid 1000 pid 21676 in 0ms
12-02 13:30:20.087     1     1 E init    : process with updatable components 'vendor.secure_element' exited 4 times in 4 minutes
12-02 13:30:20.088     1     1 I init    : processing action (sys.init.updatable_crashing=1) from (/system/etc/init/flags_health_check.rc:10)
12-02 13:30:20.088     1     1 I init    : starting service 'exec 6486 (/system/bin/flags_health_check UPDATABLE_CRASHING)'...
12-02 13:30:20.090     1     1 I init    : ... started service 'exec 6486 (/system/bin/flags_health_check UPDATABLE_CRASHING)' has pid 21677
12-02 13:30:20.090     1     1 I init    : SVC_EXEC service 'exec 6486 (/system/bin/flags_health_check UPDATABLE_CRASHING)' pid 21677 (uid 1000 gid 1000+0 context default) started; waiting...
12-02 13:30:20.651   745   745 I servicemanager: Since 'android.hardware.secure_element.ISecureElement/eSE1' could not be found, trying to start it as a lazy AIDL service. (if it's not configured to be a lazy service, it may be stuck starting or still starting).
12-02 13:30:20.652 21678 21678 I servicemanager: Tried to start aidl service android.hardware.secure_element.ISecureElement/eSE1 as a lazy service, but was unable to. Usually this happens when a service is not installed, but if the service is intended to be used as a lazy service, then it may be configured incorrectly.
12-02 13:30:21.607  2478  2544 W ActivityManager: Timeout executing service: ServiceRecord{9a79afb u0 com.android.se/.SecureElementService}
12-02 13:30:21.611  2478 21679 D ActivityManager: created ANR temporary file:/data/anr/temp_anr_5640499550364771512.txt
12-02 13:30:21.612  2478 21679 I ActivityManager: Collecting stacks for pid 21627 into temporary file temp_anr_5640499550364771512.txt
12-02 13:30:21.612  2478 21680 D ActivityManager: created ANR temporary file:/data/anr/temp_anr_6724666254133786410.txt
12-02 13:30:21.612  2478 21680 I ActivityManager: Collecting stacks for pid 21627 into temporary file temp_anr_6724666254133786410.txt
12-02 13:30:21.616  2478 21681 I ActivityManager: dumpStackTraces pids=null
12-02 13:30:21.617  2478 21681 I ActivityManager: Dumping to /data/anr/anr_2024-12-02-13-30-21-616
12-02 13:30:21.618  2478 21679 W ActivityManager: Dumping Java threads failed, initiating native stack dump.
12-02 13:30:21.619  2478 21679 W ActivityManager: Native stack dump failed!
12-02 13:30:21.630  2478 21682 W ProcessCpuTracker: Failed to stat(/proc/21663): android.system.ErrnoException: stat failed: ENOENT (No such file or directory)
12-02 13:30:21.630  2478 21682 W ProcessCpuTracker: Skipping unknown process pid 21663
12-02 13:30:21.631  2478 21681 I ActivityManager: dumpStackTraces nativepids=null
12-02 13:30:21.631  2478 21681 I ActivityManager: dumpStackTraces extraPids=null
12-02 13:30:21.631  2478 21681 I ActivityManager: Done dumping
12-02 13:30:21.633  2478 21681 E ActivityManager: ANR in com.android.se
12-02 13:30:21.633  2478 21681 E ActivityManager: PID: 21627
12-02 13:30:21.633  2478 21681 E ActivityManager: Reason: executing service com.android.se/.SecureElementService
12-02 13:30:21.633  2478 21681 E ActivityManager: ErrorId: 7b0df2fe-f4c7-4f49-ac0e-82f5f673464d
12-02 13:30:21.633  2478 21681 E ActivityManager: Frozen: false
12-02 13:30:21.633  2478 21681 E ActivityManager: Load: 0.0 / 0.0 / 0.0
12-02 13:30:21.633  2478 21681 E ActivityManager: ----- Output from /proc/pressure/memory -----
12-02 13:30:21.633  2478 21681 E ActivityManager: some avg10=0.00 avg60=0.00 avg300=0.00 total=523484
12-02 13:30:21.633  2478 21681 E ActivityManager: full avg10=0.00 avg60=0.00 avg300=0.00 total=420751
12-02 13:30:21.633  2478 21681 E ActivityManager: ----- End output from /proc/pressure/memory -----
12-02 13:30:21.633  2478 21681 E ActivityManager: ----- Output from /proc/pressure/cpu -----
12-02 13:30:21.633  2478 21681 E ActivityManager: some avg10=2.14 avg60=2.29 avg300=2.13 total=607262934
12-02 13:30:21.633  2478 21681 E ActivityManager: full avg10=0.00 avg60=0.00 avg300=0.00 total=0
12-02 13:30:21.633  2478 21681 E ActivityManager: ----- End output from /proc/pressure/cpu -----
12-02 13:30:21.633  2478 21681 E ActivityManager: ----- Output from /proc/pressure/io -----
12-02 13:30:21.633  2478 21681 E ActivityManager: some avg10=0.00 avg60=0.00 avg300=0.00 total=3952427
12-02 13:30:21.633  2478 21681 E ActivityManager: full avg10=0.00 avg60=0.00 avg300=0.00 total=2536992
12-02 13:30:21.633  2478 21681 E ActivityManager: ----- End output from /proc/pressure/io -----
12-02 13:30:21.633  2478 21681 E ActivityManager: 
12-02 13:30:21.633  2478 21681 E ActivityManager: CPU usage from 20065ms to -1ms ago (2024-12-02 13:30:01.547 to 2024-12-02 13:30:21.613):
12-02 13:30:21.633  2478 21681 E ActivityManager:   1.4% 13077/kworker/u16:1-rq_stats: 0% user + 1.4% kernel / faults: 2 minor
12-02 13:30:21.633  2478 21681 E ActivityManager:   0.7% 2500/irq/299-goodix_ts: 0% user + 0.7% kernel
12-02 13:30:21.633  2478 21681 E ActivityManager:   0.5% 15862/kworker/u16:0-rq_stats: 0% user + 0.5% kernel / faults: 1 minor
12-02 13:30:21.633  2478 21681 E ActivityManager:   0.5% 64/rcuop/7: 0% user + 0.5% kernel
12-02 13:30:21.633  2478 21681 E ActivityManager:   0.4% 2478/system_server: 0.1% user + 0.2% kernel / faults: 465 minor
12-02 13:30:21.633  2478 21681 E ActivityManager:   0.3% 1/init: 0% user + 0.2% kernel / faults: 677 minor
12-02 13:30:21.633  2478 21681 E ActivityManager:   0.3% 45/rcuog/4: 0% user + 0.3% kernel
12-02 13:30:21.633  2478 21681 E ActivityManager:   0.3% 6813/process-tracker: 0% user + 0.2% kernel
12-02 13:30:21.633  2478 21681 E ActivityManager:   0.2% 736/logd: 0.1% user + 0% kernel
12-02 13:30:21.633  2478 21681 E ActivityManager:   0.1% 14/rcu_preempt: 0% user + 0.1% kernel
12-02 13:30:21.633  2478 21681 E ActivityManager: 0.8% TOTAL: 0% user + 0.4% kernel + 0.3% irq + 0% softirq
12-02 13:30:21.633  2478 21681 E ActivityManager: CPU usage from 22206223ms to 22206223ms ago (1970-01-01 00:00:00.000 to 1970-01-01 00:00:00.000) with 0% awake:
12-02 13:30:21.633  2478 21681 E ActivityManager: 0% TOTAL: 0% user + 0% kernel
12-02 13:30:21.633  2478 21681 I ActivityManager: Killing 21627:com.android.se/1068 (adj -800): bg anr
12-02 13:30:21.634  2478 21681 D ActivityManager: Completed ANR of com.android.se in 22ms, latency 1ms
12-02 13:30:21.642  2478  2916 I ActivityManager: Process com.android.se (pid 21627) has died: pers PER 
12-02 13:30:21.642  2478  2916 W ActivityManager: Scheduling restart of crashed service com.android.se/.SecureElementService in 0ms for persistent
12-02 13:30:21.642  2478  2916 W ActivityManager: Re-adding persistent process ProcessRecord{8b68b80 21627:com.android.se/1068}
12-02 13:30:21.643  2478  2916 D CompatibilityChangeReporter: Compat change id reported: 135634846; UID 1068; state: DISABLED
12-02 13:30:21.643  2478  2535 D DisplayManagerService: Drop pending events for gone uid 1068
12-02 13:30:21.648  2478  2545 I ActivityManager: Start proc 21686:com.android.se/1068 for restart com.android.se
12-02 13:30:21.666  2478  2916 I ActivityManager: Flag disabled. Ignoring finishAttachApplication from uid: 1068. pid: 21686
12-02 13:30:21.672   745   745 I servicemanager: Found vendor.qti.hardware.perf2.IPerf/default in device VINTF manifest.
12-02 13:30:21.674   745   745 I servicemanager: Found android.hardware.secure_element.ISecureElement/eSE1 in device VINTF manifest.
12-02 13:30:21.674   745   745 I servicemanager: Since 'android.hardware.secure_element.ISecureElement/eSE1' could not be found, trying to start it as a lazy AIDL service. (if it's not configured to be a lazy service, it may be stuck starting or still starting).
12-02 13:30:21.675 21703 21703 I servicemanager: Tried to start aidl service android.hardware.secure_element.ISecureElement/eSE1 as a lazy service, but was unable to. Usually this happens when a service is not installed, but if the service is intended to be used as a lazy service, then it may be configured incorrectly.
12-02 13:30:22.676   745   745 I servicemanager: Since 'android.hardware.secure_element.ISecureElement/eSE1' could not be found, trying to start it as a lazy AIDL service. (if it's not configured to be a lazy service, it may be stuck starting or still starting).
12-02 13:30:22.677 21704 21704 I servicemanager: Tried to start aidl service android.hardware.secure_element.ISecureElement/eSE1 as a lazy service, but was unable to. Usually this happens when a service is not installed, but if the service is intended to be used as a lazy service, then it may be configured incorrectly.
12-02 13:30:23.679   745   745 I servicemanager: Since 'android.hardware.secure_element.ISecureElement/eSE1' could not be found, trying to start it as a lazy AIDL service. (if it's not configured to be a lazy service, it may be stuck starting or still starting).
12-02 13:30:23.680 21705 21705 I servicemanager: Tried to start aidl service android.hardware.secure_element.ISecureElement/eSE1 as a lazy service, but was unable to. Usually this happens when a service is not installed, but if the service is intended to be used as a lazy service, then it may be configured incorrectly.
12-02 13:30:25.079     1     1 I init    : starting service 'vendor.secure_element'...
12-02 13:30:25.085     1     1 I init    : ... started service 'vendor.secure_element' has pid 21707
12-02 13:30:25.094     1     1 I init    : Service 'vendor.secure_element' (pid 21707) exited with status 1
12-02 13:30:25.094     1     1 I init    : Sending signal 9 to service 'vendor.secure_element' (pid 21707) process group...
12-02 13:30:25.094     1     1 I libprocessgroup: Successfully killed process cgroup uid 1000 pid 21707 in 0ms
12-02 13:30:25.094     1     1 E init    : process with updatable components 'vendor.secure_element' exited 4 times in 4 minutes
12-02 13:30:25.095     1     1 I init    : processing action (sys.init.updatable_crashing=1) from (/system/etc/init/flags_health_check.rc:10)
12-02 13:30:25.095     1     1 I init    : starting service 'exec 6487 (/system/bin/flags_health_check UPDATABLE_CRASHING)'...
12-02 13:30:25.096     1     1 I init    : ... started service 'exec 6487 (/system/bin/flags_health_check UPDATABLE_CRASHING)' has pid 21708
12-02 13:30:25.096     1     1 I init    : SVC_EXEC service 'exec 6487 (/system/bin/flags_health_check UPDATABLE_CRASHING)' pid 21708 (uid 1000 gid 1000+0 context default) started; waiting...
12-02 13:30:25.684   745   745 I servicemanager: Since 'android.hardware.secure_element.ISecureElement/eSE1' could not be found, trying to start it as a lazy AIDL service. (if it's not configured to be a lazy service, it may be stuck starting or still starting).
12-02 13:30:25.685 21709 21709 I servicemanager: Tried to start aidl service android.hardware.secure_element.ISecureElement/eSE1 as a lazy service, but was unable to. Usually this happens when a service is not installed, but if the service is intended to be used as a lazy service, then it may be configured incorrectly.
12-02 13:30:26.685   745   745 I servicemanager: Since 'android.hardware.secure_element.ISecureElement/eSE1' could not be found, trying to start it as a lazy AIDL service. (if it's not configured to be a lazy service, it may be stuck starting or still starting).
12-02 13:30:26.686 21710 21710 I servicemanager: Tried to start aidl service android.hardware.secure_element.ISecureElement/eSE1 as a lazy service, but was unable to. Usually this happens when a service is not installed, but if the service is intended to be used as a lazy service, then it may be configured incorrectly.
12-02 13:30:27.688   745   745 I servicemanager: Since 'android.hardware.secure_element.ISecureElement/eSE1' could not be found, trying to start it as a lazy AIDL service. (if it's not configured to be a lazy service, it may be stuck starting or still starting).
12-02 13:30:27.689 21711 21711 I servicemanager: Tried to start aidl service android.hardware.secure_element.ISecureElement/eSE1 as a lazy service, but was unable to. Usually this happens when a service is not installed, but if the service is intended to be used as a lazy service, then it may be configured incorrectly.
12-02 13:30:28.690   745   745 I servicemanager: Since 'android.hardware.secure_element.ISecureElement/eSE1' could not be found, trying to start it as a lazy AIDL service. (if it's not configured to be a lazy service, it may be stuck starting or still starting).
12-02 13:30:28.691 21712 21712 I servicemanager: Tried to start aidl service android.hardware.secure_element.ISecureElement/eSE1 as a lazy service, but was unable to. Usually this happens when a service is not installed, but if the service is intended to be used as a lazy service, then it may be configured incorrectly.
12-02 13:30:29.693   745   745 I servicemanager: Since 'android.hardware.secure_element.ISecureElement/eSE1' could not be found, trying to start it as a lazy AIDL service. (if it's not configured to be a lazy service, it may be stuck starting or still starting).
12-02 13:30:29.694 21717 21717 I servicemanager: Tried to start aidl service android.hardware.secure_element.ISecureElement/eSE1 as a lazy service, but was unable to. Usually this happens when a service is not installed, but if the service is intended to be used as a lazy service, then it may be configured incorrectly.
12-02 13:30:30.084     1     1 I init    : starting service 'vendor.secure_element'...
12-02 13:30:30.090     1     1 I init    : ... started service 'vendor.secure_element' has pid 21718
12-02 13:30:30.101     1     1 I init    : Service 'vendor.secure_element' (pid 21718) exited with status 1
12-02 13:30:30.101     1     1 I init    : Sending signal 9 to service 'vendor.secure_element' (pid 21718) process group...
12-02 13:30:30.101     1     1 I libprocessgroup: Successfully killed process cgroup uid 1000 pid 21718 in 0ms
12-02 13:30:30.101     1     1 E init    : process with updatable components 'vendor.secure_element' exited 4 times in 4 minutes
12-02 13:30:30.102     1     1 I init    : processing action (sys.init.updatable_crashing=1) from (/system/etc/init/flags_health_check.rc:10)
12-02 13:30:30.102     1     1 I init    : starting service 'exec 6489 (/system/bin/flags_health_check UPDATABLE_CRASHING)'...
12-02 13:30:30.104     1     1 I init    : ... started service 'exec 6489 (/system/bin/flags_health_check UPDATABLE_CRASHING)' has pid 21719
12-02 13:30:30.104     1     1 I init    : SVC_EXEC service 'exec 6489 (/system/bin/flags_health_check UPDATABLE_CRASHING)' pid 21719 (uid 1000 gid 1000+0 context default) started; waiting...
12-02 13:30:30.695   745   745 I servicemanager: Since 'android.hardware.secure_element.ISecureElement/eSE1' could not be found, trying to start it as a lazy AIDL service. (if it's not configured to be a lazy service, it may be stuck starting or still starting).
12-02 13:30:30.697 21720 21720 I servicemanager: Tried to start aidl service android.hardware.secure_element.ISecureElement/eSE1 as a lazy service, but was unable to. Usually this happens when a service is not installed, but if the service is intended to be used as a lazy service, then it may be configured incorrectly.
12-02 13:30:31.698   745   745 I servicemanager: Since 'android.hardware.secure_element.ISecureElement/eSE1' could not be found, trying to start it as a lazy AIDL service. (if it's not configured to be a lazy service, it may be stuck starting or still starting).
12-02 13:30:31.699 21721 21721 I servicemanager: Tried to start aidl service android.hardware.secure_element.ISecureElement/eSE1 as a lazy service, but was unable to. Usually this happens when a service is not installed, but if the service is intended to be used as a lazy service, then it may be configured incorrectly.
12-02 13:30:32.700   745   745 I servicemanager: Since 'android.hardware.secure_element.ISecureElement/eSE1' could not be found, trying to start it as a lazy AIDL service. (if it's not configured to be a lazy service, it may be stuck starting or still starting).
12-02 13:30:32.701 21722 21722 I servicemanager: Tried to start aidl service android.hardware.secure_element.ISecureElement/eSE1 as a lazy service, but was unable to. Usually this happens when a service is not installed, but if the service is intended to be used as a lazy service, then it may be configured incorrectly.
12-02 13:30:33.703   745   745 I servicemanager: Since 'android.hardware.secure_element.ISecureElement/eSE1' could not be found, trying to start it as a lazy AIDL service. (if it's not configured to be a lazy service, it may be stuck starting or still starting).
12-02 13:30:33.704 21724 21724 I servicemanager: Tried to start aidl service android.hardware.secure_element.ISecureElement/eSE1 as a lazy service, but was unable to. Usually this happens when a service is not installed, but if the service is intended to be used as a lazy service, then it may be configured incorrectly.
12-02 13:30:34.705   745   745 I servicemanager: Since 'android.hardware.secure_element.ISecureElement/eSE1' could not be found, trying to start it as a lazy AIDL service. (if it's not configured to be a lazy service, it may be stuck starting or still starting).
12-02 13:30:34.706 21725 21725 I servicemanager: Tried to start aidl service android.hardware.secure_element.ISecureElement/eSE1 as a lazy service, but was unable to. Usually this happens when a service is not installed, but if the service is intended to be used as a lazy service, then it may be configured incorrectly.
12-02 13:30:35.090     1     1 I init    : starting service 'vendor.secure_element'...
12-02 13:30:35.096     1     1 I init    : ... started service 'vendor.secure_element' has pid 21726
12-02 13:30:35.103     1     1 I init    : Service 'vendor.secure_element' (pid 21726) exited with status 1
12-02 13:30:35.103     1     1 I init    : Sending signal 9 to service 'vendor.secure_element' (pid 21726) process group...
12-02 13:30:35.103     1     1 I libprocessgroup: Successfully killed process cgroup uid 1000 pid 21726 in 0ms
12-02 13:30:35.104     1     1 E init    : process with updatable components 'vendor.secure_element' exited 4 times in 4 minutes
12-02 13:30:35.104     1     1 I init    : processing action (sys.init.updatable_crashing=1) from (/system/etc/init/flags_health_check.rc:10)
12-02 13:30:35.105     1     1 I init    : starting service 'exec 6490 (/system/bin/flags_health_check UPDATABLE_CRASHING)'...
12-02 13:30:35.106     1     1 I init    : ... started service 'exec 6490 (/system/bin/flags_health_check UPDATABLE_CRASHING)' has pid 21727
12-02 13:30:35.106     1     1 I init    : SVC_EXEC service 'exec 6490 (/system/bin/flags_health_check UPDATABLE_CRASHING)' pid 21727 (uid 1000 gid 1000+0 context default) started; waiting...
12-02 13:30:35.707   745   745 I servicemanager: Since 'android.hardware.secure_element.ISecureElement/eSE1' could not be found, trying to start it as a lazy AIDL service. (if it's not configured to be a lazy service, it may be stuck starting or still starting).
12-02 13:30:35.708 21728 21728 I servicemanager: Tried to start aidl service android.hardware.secure_element.ISecureElement/eSE1 as a lazy service, but was unable to. Usually this happens when a service is not installed, but if the service is intended to be used as a lazy service, then it may be configured incorrectly.
12-02 13:30:36.709   745   745 I servicemanager: Since 'android.hardware.secure_element.ISecureElement/eSE1' could not be found, trying to start it as a lazy AIDL service. (if it's not configured to be a lazy service, it may be stuck starting or still starting).
12-02 13:30:36.710 21729 21729 I servicemanager: Tried to start aidl service android.hardware.secure_element.ISecureElement/eSE1 as a lazy service, but was unable to. Usually this happens when a service is not installed, but if the service is intended to be used as a lazy service, then it may be configured incorrectly.
12-02 13:30:37.710   745   745 I servicemanager: Since 'android.hardware.secure_element.ISecureElement/eSE1' could not be found, trying to start it as a lazy AIDL service. (if it's not configured to be a lazy service, it may be stuck starting or still starting).
12-02 13:30:37.711 21734 21734 I servicemanager: Tried to start aidl service android.hardware.secure_element.ISecureElement/eSE1 as a lazy service, but was unable to. Usually this happens when a service is not installed, but if the service is intended to be used as a lazy service, then it may be configured incorrectly.
12-02 13:30:38.714   745   745 I servicemanager: Since 'android.hardware.secure_element.ISecureElement/eSE1' could not be found, trying to start it as a lazy AIDL service. (if it's not configured to be a lazy service, it may be stuck starting or still starting).
12-02 13:30:38.715 21735 21735 I servicemanager: Tried to start aidl service android.hardware.secure_element.ISecureElement/eSE1 as a lazy service, but was unable to. Usually this happens when a service is not installed, but if the service is intended to be used as a lazy service, then it may be configured incorrectly.
12-02 13:30:39.715   745   745 I servicemanager: Since 'android.hardware.secure_element.ISecureElement/eSE1' could not be found, trying to start it as a lazy AIDL service. (if it's not configured to be a lazy service, it may be stuck starting or still starting).
12-02 13:30:39.716 21736 21736 I servicemanager: Tried to start aidl service android.hardware.secure_element.ISecureElement/eSE1 as a lazy service, but was unable to. Usually this happens when a service is not installed, but if the service is intended to be used as a lazy service, then it may be configured incorrectly.
12-02 13:30:40.095     1     1 I init    : starting service 'vendor.secure_element'...
12-02 13:30:40.101     1     1 I init    : ... started service 'vendor.secure_element' has pid 21737
12-02 13:30:40.110     1     1 I init    : Service 'vendor.secure_element' (pid 21737) exited with status 1
12-02 13:30:40.110     1     1 I init    : Sending signal 9 to service 'vendor.secure_element' (pid 21737) process group...
12-02 13:30:40.110     1     1 I libprocessgroup: Successfully killed process cgroup uid 1000 pid 21737 in 0ms
12-02 13:30:40.110     1     1 E init    : process with updatable components 'vendor.secure_element' exited 4 times in 4 minutes
12-02 13:30:40.111     1     1 I init    : processing action (sys.init.updatable_crashing=1) from (/system/etc/init/flags_health_check.rc:10)
12-02 13:30:40.111     1     1 I init    : starting service 'exec 6492 (/system/bin/flags_health_check UPDATABLE_CRASHING)'...
12-02 13:30:40.113     1     1 I init    : ... started service 'exec 6492 (/system/bin/flags_health_check UPDATABLE_CRASHING)' has pid 21738
12-02 13:30:40.113     1     1 I init    : SVC_EXEC service 'exec 6492 (/system/bin/flags_health_check UPDATABLE_CRASHING)' pid 21738 (uid 1000 gid 1000+0 context default) started; waiting...
12-02 13:30:40.716   745   745 I servicemanager: Since 'android.hardware.secure_element.ISecureElement/eSE1' could not be found, trying to start it as a lazy AIDL service. (if it's not configured to be a lazy service, it may be stuck starting or still starting).
12-02 13:30:40.717 21739 21739 I servicemanager: Tried to start aidl service android.hardware.secure_element.ISecureElement/eSE1 as a lazy service, but was unable to. Usually this happens when a service is not installed, but if the service is intended to be used as a lazy service, then it may be configured incorrectly.
12-02 13:30:41.671  2478  2544 W ActivityManager: Timeout executing service: ServiceRecord{9a79afb u0 com.android.se/.SecureElementService}
12-02 13:30:41.677  2478 21741 D ActivityManager: created ANR temporary file:/data/anr/temp_anr_7916465059265590513.txt
12-02 13:30:41.677  2478 21741 I ActivityManager: Collecting stacks for pid 21686 into temporary file temp_anr_7916465059265590513.txt
12-02 13:30:41.677  2478 21740 D ActivityManager: created ANR temporary file:/data/anr/temp_anr_2379656619686607998.txt
12-02 13:30:41.677  2478 21740 I ActivityManager: Collecting stacks for pid 21686 into temporary file temp_anr_2379656619686607998.txt
12-02 13:30:41.683  2478 21740 W ActivityManager: Dumping Java threads failed, initiating native stack dump.
12-02 13:30:41.684  2478 21740 W ActivityManager: Native stack dump failed!
12-02 13:30:41.689  2478 21742 I ActivityManager: dumpStackTraces pids=null
12-02 13:30:41.690  2478 21742 I ActivityManager: Dumping to /data/anr/anr_2024-12-02-13-30-41-689
12-02 13:30:41.693  2478 21742 I ActivityManager: dumpStackTraces nativepids=null
12-02 13:30:41.693  2478 21742 I ActivityManager: dumpStackTraces extraPids=null
12-02 13:30:41.693  2478 21742 I ActivityManager: Done dumping
12-02 13:30:41.695  2478 21742 E ActivityManager: ANR in com.android.se
12-02 13:30:41.695  2478 21742 E ActivityManager: PID: 21686
12-02 13:30:41.695  2478 21742 E ActivityManager: Reason: executing service com.android.se/.SecureElementService
12-02 13:30:41.695  2478 21742 E ActivityManager: ErrorId: 6b33e65a-1c19-4729-8f37-f204bf6a2a4f
12-02 13:30:41.695  2478 21742 E ActivityManager: Frozen: false
12-02 13:30:41.695  2478 21742 E ActivityManager: Load: 0.0 / 0.0 / 0.0
12-02 13:30:41.695  2478 21742 E ActivityManager: ----- Output from /proc/pressure/memory -----
12-02 13:30:41.695  2478 21742 E ActivityManager: some avg10=0.00 avg60=0.00 avg300=0.00 total=523484
12-02 13:30:41.695  2478 21742 E ActivityManager: full avg10=0.00 avg60=0.00 avg300=0.00 total=420751
12-02 13:30:41.695  2478 21742 E ActivityManager: ----- End output from /proc/pressure/memory -----
12-02 13:30:41.695  2478 21742 E ActivityManager: ----- Output from /proc/pressure/cpu -----
12-02 13:30:41.695  2478 21742 E ActivityManager: some avg10=2.01 avg60=2.22 avg300=2.12 total=607751477
12-02 13:30:41.695  2478 21742 E ActivityManager: full avg10=0.00 avg60=0.00 avg300=0.00 total=0
12-02 13:30:41.695  2478 21742 E ActivityManager: ----- End output from /proc/pressure/cpu -----
12-02 13:30:41.695  2478 21742 E ActivityManager: ----- Output from /proc/pressure/io -----
12-02 13:30:41.695  2478 21742 E ActivityManager: some avg10=0.00 avg60=0.00 avg300=0.00 total=3953539
12-02 13:30:41.695  2478 21742 E ActivityManager: full avg10=0.00 avg60=0.00 avg300=0.00 total=2537805
12-02 13:30:41.695  2478 21742 E ActivityManager: ----- End output from /proc/pressure/io -----
12-02 13:30:41.695  2478 21742 E ActivityManager: 
12-02 13:30:41.695  2478 21742 E ActivityManager: CPU usage from 11794ms to 0ms ago (2024-12-02 13:30:29.883 to 2024-12-02 13:30:41.677):
12-02 13:30:41.695  2478 21742 E ActivityManager:   1.5% 15862/kworker/u16:0-rq_stats: 0% user + 1.5% kernel
12-02 13:30:41.695  2478 21742 E ActivityManager:   0.7% 2500/irq/299-goodix_ts: 0% user + 0.7% kernel
12-02 13:30:41.695  2478 21742 E ActivityManager:   0.5% 64/rcuop/7: 0% user + 0.5% kernel
12-02 13:30:41.695  2478 21742 E ActivityManager:   0.4% 1/init: 0% user + 0.3% kernel / faults: 549 minor
12-02 13:30:41.695  2478 21742 E ActivityManager:   0.4% 2478/system_server: 0% user + 0.3% kernel / faults: 373 minor
12-02 13:30:41.695  2478 21742 E ActivityManager:   0.4% 6813/process-tracker: 0% user + 0.4% kernel
12-02 13:30:41.695  2478 21742 E ActivityManager:   0.1% 29599/kworker/u16:2-memlat_wq: 0% user + 0.1% kernel
12-02 13:30:41.695  2478 21742 E ActivityManager:   0.2% 45/rcuog/4: 0% user + 0.2% kernel
12-02 13:30:41.695  2478 21742 E ActivityManager:   0% 3800/com.google.android.gms.persistent: 0% user + 0% kernel / faults: 10 minor
12-02 13:30:41.695  2478 21742 E ActivityManager:   0.1% 736/logd: 0.1% user + 0% kernel / faults: 21 minor
12-02 13:30:41.695  2478 21742 E ActivityManager: 0.8% TOTAL: 0% user + 0.4% kernel + 0.2% irq + 0% softirq
12-02 13:30:41.695  2478 21742 E ActivityManager: CPU usage from 22226288ms to 22226288ms ago (1970-01-01 00:00:00.000 to 1970-01-01 00:00:00.000) with 0% awake:
12-02 13:30:41.695  2478 21742 E ActivityManager: 0% TOTAL: 0% user + 0% kernel
12-02 13:30:41.695  2478 21742 I ActivityManager: Killing 21686:com.android.se/1068 (adj -800): bg anr
12-02 13:30:41.696  2478 21742 D ActivityManager: Completed ANR of com.android.se in 20ms, latency 0ms
12-02 13:30:41.702  2478  2916 I ActivityManager: Process com.android.se (pid 21686) has died: pers PER 
12-02 13:30:41.702  2478  2916 W ActivityManager: Scheduling restart of crashed service com.android.se/.SecureElementService in 0ms for persistent
12-02 13:30:41.703  2478  2916 W ActivityManager: Re-adding persistent process ProcessRecord{8b68b80 21686:com.android.se/1068}
12-02 13:30:41.703  2478  2535 D DisplayManagerService: Drop pending events for gone uid 1068
12-02 13:30:41.703  2478  2916 D CompatibilityChangeReporter: Compat change id reported: 135634846; UID 1068; state: DISABLED
12-02 13:30:41.709  2478  2545 I ActivityManager: Start proc 21744:com.android.se/1068 for restart com.android.se
12-02 13:30:41.728  2478  2916 I ActivityManager: Flag disabled. Ignoring finishAttachApplication from uid: 1068. pid: 21744
12-02 13:30:41.734   745   745 I servicemanager: Found vendor.qti.hardware.perf2.IPerf/default in device VINTF manifest.
12-02 13:30:41.736   745   745 I servicemanager: Found android.hardware.secure_element.ISecureElement/eSE1 in device VINTF manifest.
12-02 13:30:41.736   745   745 I servicemanager: Since 'android.hardware.secure_element.ISecureElement/eSE1' could not be found, trying to start it as a lazy AIDL service. (if it's not configured to be a lazy service, it may be stuck starting or still starting).
12-02 13:30:41.736 21762 21762 I servicemanager: Tried to start aidl service android.hardware.secure_element.ISecureElement/eSE1 as a lazy service, but was unable to. Usually this happens when a service is not installed, but if the service is intended to be used as a lazy service, then it may be configured incorrectly.
12-02 13:30:42.738   745   745 I servicemanager: Since 'android.hardware.secure_element.ISecureElement/eSE1' could not be found, trying to start it as a lazy AIDL service. (if it's not configured to be a lazy service, it may be stuck starting or still starting).
12-02 13:30:42.740 21763 21763 I servicemanager: Tried to start aidl service android.hardware.secure_element.ISecureElement/eSE1 as a lazy service, but was unable to. Usually this happens when a service is not installed, but if the service is intended to be used as a lazy service, then it may be configured incorrectly.
12-02 13:30:42.913 21768 21768 I binder  : 21768:21768 transaction credentials failed
12-02 13:30:42.913 21768 21768 I binder  : 21768:21768 transaction call to 1458:0 failed 1058058/29201/-1, size 0-0 line 3269
12-02 13:30:42.913 21768 21768 I binder  : 21768:21768 transaction credentials failed
12-02 13:30:42.913 21768 21768 I binder  : 21768:21768 transaction call to 1347:0 failed 1058062/29201/-1, size 0-0 line 3269
12-02 13:30:42.914 21768 21768 I binder  : 21768:21768 transaction credentials failed
