12-02 16:13:20.800   745 27420 W libc    : Unable to set property "ctl.interface_start" to "aidl/android.hardware.secure_element.ISecureElement/eSE1": error code: 0x20
12-02 16:13:20.806     1     1 E init    : Control message: Could not find 'aidl/android.hardware.secure_element.ISecureElement/eSE1' for ctl.interface_start from pid: 745 (/system/bin/servicemanager)
12-02 16:13:20.806 27420 27420 I servicemanager: Tried to start aidl service android.hardware.secure_element.ISecureElement/eSE1 as a lazy service, but was unable to. Usually this happens when a service is not installed, but if the service is intended to be used as a lazy service, then it may be configured incorrectly.
12-02 16:13:21.468 27387 27387 E sensors-qesdk: qmi_wait_for_service:160, timeout while waiting for sensors QMI service: will try 1 more time(s)
12-02 16:13:21.800 27395 27395 W ServiceManagerCppClient: Waited one second for android.hardware.secure_element.ISecureElement/eSE1 (is service started? Number of threads started in the threadpool: 15. Are binder threads started and available?)
12-02 16:13:21.807   745   745 I servicemanager: Since 'android.hardware.secure_element.ISecureElement/eSE1' could not be found, trying to start it as a lazy AIDL service. (if it's not configured to be a lazy service, it may be stuck starting or still starting).
12-02 16:13:21.801   745 27421 W libc    : Unable to set property "ctl.interface_start" to "aidl/android.hardware.secure_element.ISecureElement/eSE1": error code: 0x20
12-02 16:13:21.808     1     1 E init    : Control message: Could not find 'aidl/android.hardware.secure_element.ISecureElement/eSE1' for ctl.interface_start from pid: 745 (/system/bin/servicemanager)
12-02 16:13:21.808 27421 27421 I servicemanager: Tried to start aidl service android.hardware.secure_element.ISecureElement/eSE1 as a lazy service, but was unable to. Usually this happens when a service is not installed, but if the service is intended to be used as a lazy service, then it may be configured incorrectly.
12-02 16:13:22.661     1     1 I init    : starting service 'vendor.secure_element'...
12-02 16:13:22.667     1     1 I init    : ... started service 'vendor.secure_element' has pid 27422
12-02 16:13:22.670 27422 27422 D GPTEE   : [TEE_client_api.cpp:58 initTEEC] initTEEC
12-02 16:13:22.670 27422 27422 W libc    : Access denied finding property "init.svc.qteeconnector-hal-1-0"
12-02 16:13:22.670 27422 27422 E android.hardware.secure_element-service.qti: eseGetVendorId: Unknown eSE HW
12-02 16:13:22.670 27422 27422 E GPQeSE-HAL: Unknown ese vendor
12-02 16:13:22.670 27422 27422 E GPQeSE-HAL: Failed on initalize eSE TA
12-02 16:13:22.665 27422 27422 W android.hardwar: type=1400 audit(0.0:19203): avc:  denied  { read } for  name="u:object_r:init_service_status_private_prop:s0" dev="tmpfs" ino=240 scontext=u:r:hal_secure_element_default:s0 tcontext=u:object_r:init_service_status_private_prop:s0 tclass=file permissive=0
12-02 16:13:22.677     1     1 I init    : Service 'vendor.secure_element' (pid 27422) exited with status 1
12-02 16:13:22.677     1     1 I init    : Sending signal 9 to service 'vendor.secure_element' (pid 27422) process group...
12-02 16:13:22.678     1     1 I libprocessgroup: Successfully killed process cgroup uid 1000 pid 27422 in 0ms
12-02 16:13:22.695  4519  4529 I mmid    : select timeout: wait for receiving msg
12-02 16:13:22.802 27395 27395 W ServiceManagerCppClient: Waited one second for android.hardware.secure_element.ISecureElement/eSE1 (is service started? Number of threads started in the threadpool: 15. Are binder threads started and available?)
12-02 16:13:22.809   745   745 I servicemanager: Since 'android.hardware.secure_element.ISecureElement/eSE1' could not be found, trying to start it as a lazy AIDL service. (if it's not configured to be a lazy service, it may be stuck starting or still starting).
12-02 16:13:22.810     1     1 E init    : Control message: Could not find 'aidl/android.hardware.secure_element.ISecureElement/eSE1' for ctl.interface_start from pid: 745 (/system/bin/servicemanager)
12-02 16:13:22.810 27423 27423 I servicemanager: Tried to start aidl service android.hardware.secure_element.ISecureElement/eSE1 as a lazy service, but was unable to. Usually this happens when a service is not installed, but if the service is intended to be used as a lazy service, then it may be configured incorrectly.
12-02 16:13:22.803   745 27423 W libc    : Unable to set property "ctl.interface_start" to "aidl/android.hardware.secure_element.ISecureElement/eSE1": error code: 0x20
12-02 16:13:23.471 27387 27387 E libc++abi: terminating with uncaught exception of type St13runtime_error: FATAL: could not find sensors QMI service
12-02 16:13:23.474  1337  1417 I minksocket: MinkIPC MESSAGE: ( 1337:1417 ) MinkIPC_QRTR_Service:351 minkipc = 0xb4000076c8029950 sock = 18, client with node 1 port 6294 went down
12-02 16:13:23.474  1337  1424 I minksocket: MinkIPC MESSAGE: ( 1337:1424 ) MinkIPC_QRTR_Service:351 minkipc = 0xb4000076c8029ab0 sock = 12, client with node 1 port 6294 went down
12-02 16:13:23.480     1     1 I init    : Service 'vendor.qsap.sensors' (pid 27387) received signal 31
12-02 16:13:23.480     1     1 I init    : Sending signal 9 to service 'vendor.qsap.sensors' (pid 27387) process group...
12-02 16:13:23.486 27424 27424 I flags_health_check: ServerConfigurableFlagsReset reset_mode value: 1
12-02 16:13:23.486 27424 27424 I flags_health_check: ServerConfigurableFlagsReset updatable crashing detected, resetting flags.
12-02 16:13:23.494 27425 27425 W qsap_sensors: libminijail[27425]: failed to get path of fd 3: No such file or directory
12-02 16:13:23.494 27425 27425 W qsap_sensors: libminijail[27425]: allowing syscall: connect
12-02 16:13:23.494 27425 27425 W qsap_sensors: libminijail[27425]: allowing syscall: fcntl
12-02 16:13:23.495 27425 27425 W qsap_sensors: libminijail[27425]: allowing syscall: sendto
12-02 16:13:23.495 27425 27425 W qsap_sensors: libminijail[27425]: allowing syscall: socket
12-02 16:13:23.495 27425 27425 W qsap_sensors: libminijail[27425]: allowing syscall: writev
12-02 16:13:23.495 27425 27425 W qsap_sensors: libminijail[27425]: logging seccomp filter failures
12-02 16:13:23.495 27425 27425 I sensors_qesdk: main:22, starting sensors_qesdk daemon
12-02 16:13:23.496 27425 27425 I sensors_qesdk: sensors_qesdk:80, construct sensors_qesdk
12-02 16:13:23.496 27425 27425 I sensors_qesdk: configure_log:215, log_level: 2
12-02 16:13:23.489 27425 27425 W qsap_sensors: type=1400 audit(0.0:19204): avc:  denied  { read } for  name="u:object_r:vendor_qc_aon_prop:s0" dev="tmpfs" ino=443 scontext=u:r:vendor_sensors_qesdk:s0 tcontext=u:object_r:vendor_qc_aon_prop:s0 tclass=file permissive=0
12-02 16:13:23.496 27425 27425 W libc    : Access denied finding property "ro.vendor.qc_aon_presence"
12-02 16:13:23.497  1337  1417 I minksocket: MinkIPC MESSAGE: ( 1337:1417 ) MinkIPC_QRTR_Service:351 minkipc = 0xb4000076c8029950 sock = 18, client with node 1 port 6297 went down
12-02 16:13:23.497  1337  1424 I minksocket: MinkIPC MESSAGE: ( 1337:1424 ) MinkIPC_QRTR_Service:351 minkipc = 0xb4000076c8029ab0 sock = 12, client with node 1 port 6297 went down
12-02 16:13:23.804 27395 27395 W ServiceManagerCppClient: Waited one second for android.hardware.secure_element.ISecureElement/eSE1 (is service started? Number of threads started in the threadpool: 15. Are binder threads started and available?)
12-02 16:13:23.806   745 27428 W libc    : Unable to set property "ctl.interface_start" to "aidl/android.hardware.secure_element.ISecureElement/eSE1": error code: 0x20
12-02 16:13:23.812   745   745 I servicemanager: Since 'android.hardware.secure_element.ISecureElement/eSE1' could not be found, trying to start it as a lazy AIDL service. (if it's not configured to be a lazy service, it may be stuck starting or still starting).
12-02 16:13:23.813 27428 27428 I servicemanager: Tried to start aidl service android.hardware.secure_element.ISecureElement/eSE1 as a lazy service, but was unable to. Usually this happens when a service is not installed, but if the service is intended to be used as a lazy service, then it may be configured incorrectly.
12-02 16:13:24.806 27395 27395 W ServiceManagerCppClient: Waited one second for android.hardware.secure_element.ISecureElement/eSE1 (is service started? Number of threads started in the threadpool: 15. Are binder threads started and available?)
12-02 16:13:24.807   745 27429 W libc    : Unable to set property "ctl.interface_start" to "aidl/android.hardware.secure_element.ISecureElement/eSE1": error code: 0x20
12-02 16:13:24.813   745   745 I servicemanager: Since 'android.hardware.secure_element.ISecureElement/eSE1' could not be found, trying to start it as a lazy AIDL service. (if it's not configured to be a lazy service, it may be stuck starting or still starting).
12-02 16:13:24.814 27429 27429 I servicemanager: Tried to start aidl service android.hardware.secure_element.ISecureElement/eSE1 as a lazy service, but was unable to. Usually this happens when a service is not installed, but if the service is intended to be used as a lazy service, then it may be configured incorrectly.
12-02 16:13:25.499 27425 27425 E sensors-qesdk: qmi_wait_for_service:160, timeout while waiting for sensors QMI service: will try 3 more time(s)
12-02 16:13:25.699  4519  4529 I mmid    : select timeout: wait for receiving msg
12-02 16:13:25.808 27395 27395 W ServiceManagerCppClient: Waited one second for android.hardware.secure_element.ISecureElement/eSE1 (is service started? Number of threads started in the threadpool: 15. Are binder threads started and available?)
12-02 16:13:25.810   745 27430 W libc    : Unable to set property "ctl.interface_start" to "aidl/android.hardware.secure_element.ISecureElement/eSE1": error code: 0x20
12-02 16:13:25.816   745   745 I servicemanager: Since 'android.hardware.secure_element.ISecureElement/eSE1' could not be found, trying to start it as a lazy AIDL service. (if it's not configured to be a lazy service, it may be stuck starting or still starting).
12-02 16:13:25.816     1     1 E init    : Control message: Could not find 'aidl/android.hardware.secure_element.ISecureElement/eSE1' for ctl.interface_start from pid: 745 (/system/bin/servicemanager)
12-02 16:13:25.817 27430 27430 I servicemanager: Tried to start aidl service android.hardware.secure_element.ISecureElement/eSE1 as a lazy service, but was unable to. Usually this happens when a service is not installed, but if the service is intended to be used as a lazy service, then it may be configured incorrectly.
12-02 16:13:26.811 27395 27395 W ServiceManagerCppClient: Waited one second for android.hardware.secure_element.ISecureElement/eSE1 (is service started? Number of threads started in the threadpool: 15. Are binder threads started and available?)
12-02 16:13:26.818   745   745 I servicemanager: Since 'android.hardware.secure_element.ISecureElement/eSE1' could not be found, trying to start it as a lazy AIDL service. (if it's not configured to be a lazy service, it may be stuck starting or still starting).
12-02 16:13:26.819     1     1 E init    : Control message: Could not find 'aidl/android.hardware.secure_element.ISecureElement/eSE1' for ctl.interface_start from pid: 745 (/system/bin/servicemanager)
12-02 16:13:26.812   745 27431 W libc    : Unable to set property "ctl.interface_start" to "aidl/android.hardware.secure_element.ISecureElement/eSE1": error code: 0x20
12-02 16:13:26.819 27431 27431 I servicemanager: Tried to start aidl service android.hardware.secure_element.ISecureElement/eSE1 as a lazy service, but was unable to. Usually this happens when a service is not installed, but if the service is intended to be used as a lazy service, then it may be configured incorrectly.
12-02 16:13:27.501 27425 27425 E sensors-qesdk: qmi_wait_for_service:160, timeout while waiting for sensors QMI service: will try 2 more time(s)
12-02 16:13:27.666     1     1 I init    : starting service 'vendor.secure_element'...
12-02 16:13:27.672     1     1 I init    : ... started service 'vendor.secure_element' has pid 27432
12-02 16:13:27.672 27432 27432 D GPTEE   : [TEE_client_api.cpp:58 initTEEC] initTEEC
12-02 16:13:27.672 27432 27432 W libc    : Access denied finding property "init.svc.qteeconnector-hal-1-0"
12-02 16:13:27.669 27432 27432 W android.hardwar: type=1400 audit(0.0:19205): avc:  denied  { read } for  name="u:object_r:init_service_status_private_prop:s0" dev="tmpfs" ino=240 scontext=u:r:hal_secure_element_default:s0 tcontext=u:object_r:init_service_status_private_prop:s0 tclass=file permissive=0
12-02 16:13:27.673 27432 27432 E android.hardware.secure_element-service.qti: eseGetVendorId: Unknown eSE HW
12-02 16:13:27.673 27432 27432 E GPQeSE-HAL: Unknown ese vendor
12-02 16:13:27.673 27432 27432 E GPQeSE-HAL: Failed on initalize eSE TA
12-02 16:13:27.680     1     1 I init    : Service 'vendor.secure_element' (pid 27432) exited with status 1
12-02 16:13:27.681     1     1 I init    : Sending signal 9 to service 'vendor.secure_element' (pid 27432) process group...
12-02 16:13:27.681     1     1 I libprocessgroup: Successfully killed process cgroup uid 1000 pid 27432 in 0ms
12-02 16:13:27.681     1     1 E init    : process with updatable components 'vendor.secure_element' exited 4 times in 4 minutes
12-02 16:13:27.681     1     1 I init    : processing action (sys.init.updatable_crashing=1) from (/system/etc/init/flags_health_check.rc:10)
12-02 16:13:27.682     1     1 I init    : starting service 'exec 9332 (/system/bin/flags_health_check UPDATABLE_CRASHING)'...
12-02 16:13:27.683 27433 27433 I flags_health_check: ServerConfigurableFlagsReset reset_mode value: 1
12-02 16:13:27.683 27433 27433 I flags_health_check: ServerConfigurableFlagsReset updatable crashing detected, resetting flags.
12-02 16:13:27.813 27395 27395 W ServiceManagerCppClient: Waited one second for android.hardware.secure_element.ISecureElement/eSE1 (is service started? Number of threads started in the threadpool: 15. Are binder threads started and available?)
12-02 16:13:27.815   745 27434 W libc    : Unable to set property "ctl.interface_start" to "aidl/android.hardware.secure_element.ISecureElement/eSE1": error code: 0x20
12-02 16:13:27.820   745   745 I servicemanager: Since 'android.hardware.secure_element.ISecureElement/eSE1' could not be found, trying to start it as a lazy AIDL service. (if it's not configured to be a lazy service, it may be stuck starting or still starting).
12-02 16:13:27.822 27434 27434 I servicemanager: Tried to start aidl service android.hardware.secure_element.ISecureElement/eSE1 as a lazy service, but was unable to. Usually this happens when a service is not installed, but if the service is intended to be used as a lazy service, then it may be configured incorrectly.
12-02 16:13:28.700  4519  4529 I mmid    : select timeout: wait for receiving msg
12-02 16:13:28.815 27395 27395 W ServiceManagerCppClient: Waited one second for android.hardware.secure_element.ISecureElement/eSE1 (is service started? Number of threads started in the threadpool: 15. Are binder threads started and available?)
12-02 16:13:28.817   745 27435 W libc    : Unable to set property "ctl.interface_start" to "aidl/android.hardware.secure_element.ISecureElement/eSE1": error code: 0x20
12-02 16:13:28.823   745   745 I servicemanager: Since 'android.hardware.secure_element.ISecureElement/eSE1' could not be found, trying to start it as a lazy AIDL service. (if it's not configured to be a lazy service, it may be stuck starting or still starting).
12-02 16:13:28.824 27435 27435 I servicemanager: Tried to start aidl service android.hardware.secure_element.ISecureElement/eSE1 as a lazy service, but was unable to. Usually this happens when a service is not installed, but if the service is intended to be used as a lazy service, then it may be configured incorrectly.
12-02 16:13:29.502 27425 27425 E sensors-qesdk: qmi_wait_for_service:160, timeout while waiting for sensors QMI service: will try 1 more time(s)
12-02 16:13:29.818 27395 27395 W ServiceManagerCppClient: Waited one second for android.hardware.secure_element.ISecureElement/eSE1 (is service started? Number of threads started in the threadpool: 15. Are binder threads started and available?)
12-02 16:13:29.820   745 27436 W libc    : Unable to set property "ctl.interface_start" to "aidl/android.hardware.secure_element.ISecureElement/eSE1": error code: 0x20
12-02 16:13:29.825   745   745 I servicemanager: Since 'android.hardware.secure_element.ISecureElement/eSE1' could not be found, trying to start it as a lazy AIDL service. (if it's not configured to be a lazy service, it may be stuck starting or still starting).
12-02 16:13:29.826 27436 27436 I servicemanager: Tried to start aidl service android.hardware.secure_element.ISecureElement/eSE1 as a lazy service, but was unable to. Usually this happens when a service is not installed, but if the service is intended to be used as a lazy service, then it may be configured incorrectly.
12-02 16:13:30.820 27395 27395 W ServiceManagerCppClient: Waited one second for android.hardware.secure_element.ISecureElement/eSE1 (is service started? Number of threads started in the threadpool: 15. Are binder threads started and available?)
12-02 16:13:30.828   745   745 I servicemanager: Since 'android.hardware.secure_element.ISecureElement/eSE1' could not be found, trying to start it as a lazy AIDL service. (if it's not configured to be a lazy service, it may be stuck starting or still starting).
12-02 16:13:30.829     1     1 E init    : Control message: Could not find 'aidl/android.hardware.secure_element.ISecureElement/eSE1' for ctl.interface_start from pid: 745 (/system/bin/servicemanager)
12-02 16:13:30.829 27437 27437 I servicemanager: Tried to start aidl service android.hardware.secure_element.ISecureElement/eSE1 as a lazy service, but was unable to. Usually this happens when a service is not installed, but if the service is intended to be used as a lazy service, then it may be configured incorrectly.
12-02 16:13:30.822   745 27437 W libc    : Unable to set property "ctl.interface_start" to "aidl/android.hardware.secure_element.ISecureElement/eSE1": error code: 0x20
12-02 16:13:31.504 27425 27425 E libc++abi: terminating with uncaught exception of type St13runtime_error: FATAL: could not find sensors QMI service
12-02 16:13:31.507  1337  1417 I minksocket: MinkIPC MESSAGE: ( 1337:1417 ) MinkIPC_QRTR_Service:351 minkipc = 0xb4000076c8029950 sock = 18, client with node 1 port 6296 went down
12-02 16:13:31.508  1337  1424 I minksocket: MinkIPC MESSAGE: ( 1337:1424 ) MinkIPC_QRTR_Service:351 minkipc = 0xb4000076c8029ab0 sock = 12, client with node 1 port 6296 went down
12-02 16:13:31.514     1     1 I init    : Service 'vendor.qsap.sensors' (pid 27425) received signal 31
12-02 16:13:31.514     1     1 I init    : Sending signal 9 to service 'vendor.qsap.sensors' (pid 27425) process group...
12-02 16:13:31.514     1     1 I libprocessgroup: Successfully killed process cgroup uid 1000 pid 27425 in 0ms
12-02 16:13:31.514     1     1 E init    : process with updatable components 'vendor.qsap.sensors' exited 4 times in 4 minutes
12-02 16:13:31.515     1     1 I init    : processing action (sys.init.updatable_crashing=1) from (/system/etc/init/flags_health_check.rc:10)
12-02 16:13:31.516     1     1 I init    : starting service 'exec 9333 (/system/bin/flags_health_check UPDATABLE_CRASHING)'...
12-02 16:13:31.519     1     1 I init    : ... started service 'exec 9333 (/system/bin/flags_health_check UPDATABLE_CRASHING)' has pid 27438
12-02 16:13:31.519     1     1 I init    : SVC_EXEC service 'exec 9333 (/system/bin/flags_health_check UPDATABLE_CRASHING)' pid 27438 (uid 1000 gid 1000+0 context default) started; waiting...
12-02 16:13:31.519     1     1 I init    : starting service 'vendor.qsap.sensors'...
12-02 16:13:31.517 27438 27438 I flags_health_check: ServerConfigurableFlagsReset reset_mode value: 1
12-02 16:13:31.517 27438 27438 I flags_health_check: ServerConfigurableFlagsReset updatable crashing detected, resetting flags.
12-02 16:13:31.528 27439 27439 W qsap_sensors: libminijail[27439]: failed to get path of fd 3: No such file or directory
12-02 16:13:31.528 27439 27439 W qsap_sensors: libminijail[27439]: allowing syscall: connect
12-02 16:13:31.528 27439 27439 W qsap_sensors: libminijail[27439]: allowing syscall: fcntl
12-02 16:13:31.528 27439 27439 W qsap_sensors: libminijail[27439]: allowing syscall: sendto
12-02 16:13:31.528 27439 27439 W qsap_sensors: libminijail[27439]: allowing syscall: socket
12-02 16:13:31.528 27439 27439 W qsap_sensors: libminijail[27439]: allowing syscall: writev
12-02 16:13:31.528 27439 27439 W qsap_sensors: libminijail[27439]: logging seccomp filter failures
12-02 16:13:31.529 27439 27439 I sensors_qesdk: main:22, starting sensors_qesdk daemon
12-02 16:13:31.529 27439 27439 I sensors_qesdk: sensors_qesdk:80, construct sensors_qesdk
12-02 16:13:31.529 27439 27439 I sensors_qesdk: configure_log:215, log_level: 2
12-02 16:13:31.525 27439 27439 W qsap_sensors: type=1400 audit(0.0:19206): avc:  denied  { read } for  name="u:object_r:vendor_qc_aon_prop:s0" dev="tmpfs" ino=443 scontext=u:r:vendor_sensors_qesdk:s0 tcontext=u:object_r:vendor_qc_aon_prop:s0 tclass=file permissive=0
12-02 16:13:31.530 27439 27439 W libc    : Access denied finding property "ro.vendor.qc_aon_presence"
12-02 16:13:31.530  1337  1417 I minksocket: MinkIPC MESSAGE: ( 1337:1417 ) MinkIPC_QRTR_Service:351 minkipc = 0xb4000076c8029950 sock = 18, client with node 1 port 6299 went down
12-02 16:13:31.530  1337  1424 I minksocket: MinkIPC MESSAGE: ( 1337:1424 ) MinkIPC_QRTR_Service:351 minkipc = 0xb4000076c8029ab0 sock = 12, client with node 1 port 6299 went down
12-02 16:13:31.704  4519  4529 I mmid    : select timeout: wait for receiving msg
12-02 16:13:31.823 27395 27395 W ServiceManagerCppClient: Waited one second for android.hardware.secure_element.ISecureElement/eSE1 (is service started? Number of threads started in the threadpool: 15. Are binder threads started and available?)
12-02 16:13:31.830   745   745 I servicemanager: Since 'android.hardware.secure_element.ISecureElement/eSE1' could not be found, trying to start it as a lazy AIDL service. (if it's not configured to be a lazy service, it may be stuck starting or still starting).
12-02 16:13:31.825   745 27442 W libc    : Unable to set property "ctl.interface_start" to "aidl/android.hardware.secure_element.ISecureElement/eSE1": error code: 0x20
12-02 16:13:31.832 27442 27442 I servicemanager: Tried to start aidl service android.hardware.secure_element.ISecureElement/eSE1 as a lazy service, but was unable to. Usually this happens when a service is not installed, but if the service is intended to be used as a lazy service, then it may be configured incorrectly.
12-02 16:13:32.683 27443 27443 D GPTEE   : [TEE_client_api.cpp:58 initTEEC] initTEEC
12-02 16:13:32.683 27443 27443 W libc    : Access denied finding property "init.svc.qteeconnector-hal-1-0"
12-02 16:13:32.684 27443 27443 E android.hardware.secure_element-service.qti: eseGetVendorId: Unknown eSE HW
12-02 16:13:32.684 27443 27443 E GPQeSE-HAL: Unknown ese vendor
12-02 16:13:32.684 27443 27443 E GPQeSE-HAL: Failed on initalize eSE TA
12-02 16:13:32.677 27443 27443 W android.hardwar: type=1400 audit(0.0:19207): avc:  denied  { read } for  name="u:object_r:init_service_status_private_prop:s0" dev="tmpfs" ino=240 scontext=u:r:hal_secure_element_default:s0 tcontext=u:object_r:init_service_status_private_prop:s0 tclass=file permissive=0
12-02 16:13:32.694 27444 27444 I flags_health_check: ServerConfigurableFlagsReset reset_mode value: 1
12-02 16:13:32.694 27444 27444 I flags_health_check: ServerConfigurableFlagsReset updatable crashing detected, resetting flags.
12-02 16:13:32.825 27395 27395 W ServiceManagerCppClient: Waited one second for android.hardware.secure_element.ISecureElement/eSE1 (is service started? Number of threads started in the threadpool: 15. Are binder threads started and available?)
12-02 16:13:32.827   745 27445 W libc    : Unable to set property "ctl.interface_start" to "aidl/android.hardware.secure_element.ISecureElement/eSE1": error code: 0x20
12-02 16:13:32.833   745   745 I servicemanager: Since 'android.hardware.secure_element.ISecureElement/eSE1' could not be found, trying to start it as a lazy AIDL service. (if it's not configured to be a lazy service, it may be stuck starting or still starting).
12-02 16:13:32.834 27445 27445 I servicemanager: Tried to start aidl service android.hardware.secure_element.ISecureElement/eSE1 as a lazy service, but was unable to. Usually this happens when a service is not installed, but if the service is intended to be used as a lazy service, then it may be configured incorrectly.
12-02 16:13:33.531 27439 27439 E sensors-qesdk: qmi_wait_for_service:160, timeout while waiting for sensors QMI service: will try 3 more time(s)
12-02 16:13:33.827 27395 27395 W ServiceManagerCppClient: Waited one second for android.hardware.secure_element.ISecureElement/eSE1 (is service started? Number of threads started in the threadpool: 15. Are binder threads started and available?)
12-02 16:13:33.834   745   745 I servicemanager: Since 'android.hardware.secure_element.ISecureElement/eSE1' could not be found, trying to start it as a lazy AIDL service. (if it's not configured to be a lazy service, it may be stuck starting or still starting).
12-02 16:13:33.829   745 27446 W libc    : Unable to set property "ctl.interface_start" to "aidl/android.hardware.secure_element.ISecureElement/eSE1": error code: 0x20
12-02 16:13:33.836 27446 27446 I servicemanager: Tried to start aidl service android.hardware.secure_element.ISecureElement/eSE1 as a lazy service, but was unable to. Usually this happens when a service is not installed, but if the service is intended to be used as a lazy service, then it may be configured incorrectly.
12-02 16:13:34.709  4519  4529 I mmid    : select timeout: wait for receiving msg
12-02 16:13:34.830 27395 27395 W ServiceManagerCppClient: Waited one second for android.hardware.secure_element.ISecureElement/eSE1 (is service started? Number of threads started in the threadpool: 15. Are binder threads started and available?)
12-02 16:13:34.837   745   745 I servicemanager: Since 'android.hardware.secure_element.ISecureElement/eSE1' could not be found, trying to start it as a lazy AIDL service. (if it's not configured to be a lazy service, it may be stuck starting or still starting).
12-02 16:13:34.831   745 27447 W libc    : Unable to set property "ctl.interface_start" to "aidl/android.hardware.secure_element.ISecureElement/eSE1": error code: 0x20
12-02 16:13:34.838 27447 27447 I servicemanager: Tried to start aidl service android.hardware.secure_element.ISecureElement/eSE1 as a lazy service, but was unable to. Usually this happens when a service is not installed, but if the service is intended to be used as a lazy service, then it may be configured incorrectly.
12-02 16:13:35.533 27439 27439 E sensors-qesdk: qmi_wait_for_service:160, timeout while waiting for sensors QMI service: will try 2 more time(s)
12-02 16:13:35.784  2478  2544 W ActivityManager: Timeout executing service: ServiceRecord{9a79afb u0 com.android.se/.SecureElementService}
12-02 16:13:35.790  2478 27449 D ActivityManager: created ANR temporary file:/data/anr/temp_anr_7754011830895472660.txt
12-02 16:13:35.791  2478 27449 I ActivityManager: Collecting stacks for pid 27395 into temporary file temp_anr_7754011830895472660.txt
12-02 16:13:35.791  2478 27448 D ActivityManager: created ANR temporary file:/data/anr/temp_anr_5811545740472553375.txt
12-02 16:13:35.791  2478 27448 I ActivityManager: Collecting stacks for pid 27395 into temporary file temp_anr_5811545740472553375.txt
12-02 16:13:35.792  2478 27449 I system_server: libdebuggerd_client: started dumping process 27395
12-02 16:13:35.792  2478 27448 I system_server: libdebuggerd_client: started dumping process 27395
12-02 16:13:35.793  1094  1094 I tombstoned: registered intercept for pid 27395 and type kDebuggerdJavaBacktrace
12-02 16:13:35.793 27395 27400 I com.android.se: Thread[6,tid=27400,WaitingInMainSignalCatcherLoop,Thread*=0xb40000716198f330,peer=0x12c404a0,"Signal Catcher"]: reacting to signal 3
12-02 16:13:35.793  1094  1094 W tombstoned: pid 27395 already intercepted, type 2
12-02 16:13:35.793 27395 27400 I com.android.se: 
12-02 16:13:35.793  2478 27448 E system_server: libdebuggerd_client: unexpected registration response: 0
12-02 16:13:35.794  2478 27450 I ActivityManager: dumpStackTraces pids=null
12-02 16:13:35.795  2478 27450 I ActivityManager: Dumping to /data/anr/anr_2024-12-02-16-13-35-794
12-02 16:13:35.796  2478 27448 W ActivityManager: Dumping Java threads failed, initiating native stack dump.
12-02 16:13:35.796  2478 27448 I system_server: libdebuggerd_client: started dumping process 27395
12-02 16:13:35.796  2478 27448 E system_server: libdebuggerd_client: unexpected registration response: 0
12-02 16:13:35.796  1094  1094 W tombstoned: pid 27395 already intercepted, type 0
12-02 16:13:35.796  2478 27448 W ActivityManager: Native stack dump failed!
12-02 16:13:35.807  2478 27450 I ActivityManager: dumpStackTraces nativepids=null
12-02 16:13:35.807  2478 27450 I ActivityManager: dumpStackTraces extraPids=null
12-02 16:13:35.807  1094  1094 I tombstoned: received crash request for pid 27395
12-02 16:13:35.807  1094  1094 I tombstoned: found intercept fd 512 for pid 27395 and type kDebuggerdJavaBacktrace
12-02 16:13:35.807  2478 27450 I ActivityManager: Done dumping
12-02 16:13:35.808 27395 27400 I com.android.se: Wrote stack traces to tombstoned
12-02 16:13:35.808  1094  1094 W tombstoned: skipping tombstone file creation due to intercept
12-02 16:13:35.808  2478 27449 I system_server: libdebuggerd_client: done dumping process 27395
12-02 16:13:35.810  2478 27450 E ActivityManager: ANR in com.android.se
12-02 16:13:35.810  2478 27450 E ActivityManager: PID: 27395
12-02 16:13:35.810  2478 27450 E ActivityManager: Reason: executing service com.android.se/.SecureElementService
12-02 16:13:35.810  2478 27450 E ActivityManager: ErrorId: ca25c9c0-1067-48f2-84dc-3c7eb421b33c
12-02 16:13:35.810  2478 27450 E ActivityManager: Frozen: false
12-02 16:13:35.810  2478 27450 E ActivityManager: Load: 0.0 / 0.0 / 0.0
12-02 16:13:35.810  2478 27450 E ActivityManager: ----- Output from /proc/pressure/memory -----
12-02 16:13:35.810  2478 27450 E ActivityManager: some avg10=0.00 avg60=0.00 avg300=0.00 total=611016
12-02 16:13:35.810  2478 27450 E ActivityManager: full avg10=0.00 avg60=0.00 avg300=0.00 total=494181
12-02 16:13:35.810  2478 27450 E ActivityManager: ----- End output from /proc/pressure/memory -----
12-02 16:13:35.810  2478 27450 E ActivityManager: ----- Output from /proc/pressure/cpu -----
12-02 16:13:35.810  2478 27450 E ActivityManager: some avg10=2.00 avg60=2.07 avg300=2.38 total=854240642
12-02 16:13:35.810  2478 27450 E ActivityManager: full avg10=0.00 avg60=0.00 avg300=0.00 total=0
12-02 16:13:35.810  2478 27450 E ActivityManager: ----- End output from /proc/pressure/cpu -----
12-02 16:13:35.810  2478 27450 E ActivityManager: ----- Output from /proc/pressure/io -----
12-02 16:13:35.810  2478 27450 E ActivityManager: some avg10=0.00 avg60=0.00 avg300=0.00 total=5448480
12-02 16:13:35.810  2478 27450 E ActivityManager: full avg10=0.00 avg60=0.00 avg300=0.00 total=3402764
12-02 16:13:35.810  2478 27450 E ActivityManager: ----- End output from /proc/pressure/io -----
12-02 16:13:35.810  2478 27450 E ActivityManager: 
12-02 16:13:35.810  2478 27450 E ActivityManager: CPU usage from 20055ms to 0ms ago (2024-12-02 16:13:15.736 to 2024-12-02 16:13:35.791):
12-02 16:13:35.810  2478 27450 E ActivityManager:   1.3% 20684/kworker/u16:3-rq_stats: 0% user + 1.3% kernel / faults: 2 minor
12-02 16:13:35.810  2478 27450 E ActivityManager:   0.7% 2500/irq/299-goodix_ts: 0% user + 0.7% kernel
12-02 16:13:35.810  2478 27450 E ActivityManager:   0.6% 19033/kworker/u16:2-memlat_wq: 0% user + 0.6% kernel / faults: 2 minor
12-02 16:13:35.810  2478 27450 E ActivityManager:   0.4% 64/rcuop/7: 0% user + 0.4% kernel
12-02 16:13:35.810  2478 27450 E ActivityManager:   0.3% 2478/system_server: 0.1% user + 0.1% kernel / faults: 563 minor
12-02 16:13:35.810  2478 27450 E ActivityManager:   0.3% 6813/process-tracker: 0% user + 0.2% kernel
12-02 16:13:35.810  2478 27450 E ActivityManager:   0.3% 1/init: 0% user + 0.2% kernel / faults: 665 minor
12-02 16:13:35.810  2478 27450 E ActivityManager:   0.2% 45/rcuog/4: 0% user + 0.2% kernel
12-02 16:13:35.810  2478 27450 E ActivityManager:   0.2% 736/logd: 0.1% user + 0% kernel
12-02 16:13:35.810  2478 27450 E ActivityManager:   0.1% 25033/kworker/u16:0-ufs_clkscaling_0: 0% user + 0.1% kernel
12-02 16:13:35.810  2478 27450 E ActivityManager: 0.8% TOTAL: 0% user + 0.4% kernel + 0% iowait + 0.2% irq + 0% softirq
12-02 16:13:35.810  2478 27450 E ActivityManager: CPU usage from 32000402ms to 32000402ms ago (1970-01-01 00:00:00.000 to 1970-01-01 00:00:00.000) with 0% awake:
12-02 16:13:35.810  2478 27450 E ActivityManager: 0% TOTAL: 0% user + 0% kernel
12-02 16:13:35.810  2478 27450 I ActivityManager: Killing 27395:com.android.se/1068 (adj -800): bg anr
12-02 16:13:35.811  2478 27450 D ActivityManager: Completed ANR of com.android.se in 20ms, latency 2ms
12-02 16:13:35.816  2478  3004 I ActivityManager: Process com.android.se (pid 27395) has died: pers PER 
12-02 16:13:35.816  1284  1284 I Zygote  : Process 27395 exited due to signal 9 (Killed)
12-02 16:13:35.817  1507  1507 I vendor.qti.hardware.servicetrackeraidl-service: killProcess is called for pid : 27395
12-02 16:13:35.817  1507  1507 I vendor.qti.hardware.servicetrackeraidl-service: process with pid 27395 is service
12-02 16:13:35.817  2478  3004 W ActivityManager: Scheduling restart of crashed service com.android.se/.SecureElementService in 0ms for persistent
12-02 16:13:35.817  2478  3004 W ActivityManager: Re-adding persistent process ProcessRecord{8b68b80 27395:com.android.se/1068}
12-02 16:13:35.817  2478  3004 D CompatibilityChangeReporter: Compat change id reported: 135634846; UID 1068; state: DISABLED
12-02 16:13:35.817  2478  2535 D DisplayManagerService: Drop pending events for gone uid 1068
12-02 16:13:35.821  2478  2550 I libprocessgroup: Successfully killed process cgroup uid 1068 pid 27395 in 10ms
12-02 16:13:35.821  2478  2550 I libprocessgroup: Successfully killed process cgroup uid 1068 pid 27395 in 0ms
12-02 16:13:35.825  1284  1284 D Zygote  : Forked child process 27452
12-02 16:13:35.825  2478  2545 I ActivityManager: Start proc 27452:com.android.se/1068 for restart com.android.se
12-02 16:13:35.830 27452 27452 I com.android.se: Using CollectorTypeCC GC.
12-02 16:13:35.833 27452 27452 E com.android.se: Not starting debugger since process cannot load the jdwp agent.
12-02 16:13:35.838  2478  3004 D CompatibilityInfo: mCompatibilityFlags - 0
12-02 16:13:35.838  2478  3004 D CompatibilityInfo: applicationDensity - 480
12-02 16:13:35.838  2478  3004 D CompatibilityInfo: applicationScale - 1.0
12-02 16:13:35.840 27452 27452 D CompatibilityChangeReporter: Compat change id reported: 171979766; UID 1068; state: ENABLED
12-02 16:13:35.840 27452 27452 D CompatibilityChangeReporter: Compat change id reported: 242716250; UID 1068; state: ENABLED
12-02 16:13:35.841 27452 27452 D CompatibilityChangeReporter: Compat change id reported: 3400644; UID 1068; state: ENABLED
12-02 16:13:35.842 27452 27452 I com.android.se: Could not load runtime generated app image: Failed to open '/data/user/0/com.android.se/cache/oat_primary/arm64/SecureElement.art'
12-02 16:13:35.842 27452 27452 D nativeloader: Configuring clns-shared-4 for other apk /system/app/SecureElement/SecureElement.apk. target_sdk_version=34, uses_libraries=, library_path=/system/app/SecureElement/lib/arm64:/system/lib64:/system_ext/lib64, permitted_path=/data:/mnt/expand:/data/user/0/com.android.se:/system/app/SecureElement:/system/lib64:/system_ext/lib64
12-02 16:13:35.837 27452 27452 W com.android.se: type=1400 audit(0.0:19208): avc:  denied  { open } for  path="/data/user/0/com.android.se/cache/oat_primary/arm64/SecureElement.art" dev="dm-45" ino=14010 scontext=u:r:secure_element:s0:c44,c260,c512,c768 tcontext=u:object_r:system_data_file:s0:c44,c260,c512,c768 tclass=file permissive=0
12-02 16:13:35.844 27452 27452 I Perf    : Connecting to perf service.
12-02 16:13:35.845 27452 27452 V GraphicsEnvironment: Currently set values for:
12-02 16:13:35.845 27452 27452 V GraphicsEnvironment:   angle_gl_driver_selection_pkgs=[]
12-02 16:13:35.845 27452 27452 V GraphicsEnvironment:   angle_gl_driver_selection_values=[]
12-02 16:13:35.845 27452 27452 V GraphicsEnvironment: ANGLE GameManagerService for com.android.se: false
12-02 16:13:35.845 27452 27452 V GraphicsEnvironment: com.android.se is not listed in per-application setting
12-02 16:13:35.847 27452 27452 E ANDR-PERF-CLIENT-SYS: death recipent object is fine
12-02 16:13:35.847  2478  3004 I ActivityManager: Flag disabled. Ignoring finishAttachApplication from uid: 1068. pid: 27452
12-02 16:13:35.848 27452 27452 I SecureElementService: main onCreate
12-02 16:13:35.854   745   745 I servicemanager: Found vendor.qti.hardware.perf2.IPerf/default in device VINTF manifest.
12-02 16:13:35.848 27452 27452 I SecureElementService: Check if terminal eSE1 is available.
12-02 16:13:35.855   745   745 I servicemanager: Found android.hardware.secure_element.ISecureElement/eSE1 in device VINTF manifest.
12-02 16:13:35.856     1     1 E init    : Control message: Could not find 'aidl/android.hardware.secure_element.ISecureElement/eSE1' for ctl.interface_start from pid: 745 (/system/bin/servicemanager)
12-02 16:13:35.849   745 27469 W libc    : Unable to set property "ctl.interface_start" to "aidl/android.hardware.secure_element.ISecureElement/eSE1": error code: 0x20
12-02 16:13:36.849 27452 27452 W ServiceManagerCppClient: Waited one second for android.hardware.secure_element.ISecureElement/eSE1 (is service started? Number of threads started in the threadpool: 15. Are binder threads started and available?)
12-02 16:13:36.857   745   745 I servicemanager: Since 'android.hardware.secure_element.ISecureElement/eSE1' could not be found, trying to start it as a lazy AIDL service. (if it's not configured to be a lazy service, it may be stuck starting or still starting).
12-02 16:13:36.858     1     1 E init    : Control message: Could not find 'aidl/android.hardware.secure_element.ISecureElement/eSE1' for ctl.interface_start from pid: 745 (/system/bin/servicemanager)
12-02 16:13:36.851   745 27470 W libc    : Unable to set property "ctl.interface_start" to "aidl/android.hardware.secure_element.ISecureElement/eSE1": error code: 0x20
12-02 16:13:36.858 27470 27470 I servicemanager: Tried to start aidl service android.hardware.secure_element.ISecureElement/eSE1 as a lazy service, but was unable to. Usually this happens when a service is not installed, but if the service is intended to be used as a lazy service, then it may be configured incorrectly.
12-02 16:13:37.534 27439 27439 E sensors-qesdk: qmi_wait_for_service:160, timeout while waiting for sensors QMI service: will try 1 more time(s)
12-02 16:13:37.679     1     1 I init    : starting service 'vendor.secure_element'...
12-02 16:13:37.685     1     1 I init    : ... started service 'vendor.secure_element' has pid 27471
12-02 16:13:37.686 27471 27471 D GPTEE   : [TEE_client_api.cpp:58 initTEEC] initTEEC
12-02 16:13:37.686 27471 27471 W libc    : Access denied finding property "init.svc.qteeconnector-hal-1-0"
12-02 16:13:37.681 27471 27471 W android.hardwar: type=1400 audit(0.0:19209): avc:  denied  { read } for  name="u:object_r:init_service_status_private_prop:s0" dev="tmpfs" ino=240 scontext=u:r:hal_secure_element_default:s0 tcontext=u:object_r:init_service_status_private_prop:s0 tclass=file permissive=0
12-02 16:13:37.687 27471 27471 E android.hardware.secure_element-service.qti: eseGetVendorId: Unknown eSE HW
12-02 16:13:37.687 27471 27471 E GPQeSE-HAL: Unknown ese vendor
12-02 16:13:37.687 27471 27471 E GPQeSE-HAL: Failed on initalize eSE TA
12-02 16:13:37.694     1     1 I init    : Service 'vendor.secure_element' (pid 27471) exited with status 1
12-02 16:13:37.694     1     1 I init    : Sending signal 9 to service 'vendor.secure_element' (pid 27471) process group...
12-02 16:13:37.694     1     1 I libprocessgroup: Successfully killed process cgroup uid 1000 pid 27471 in 0ms
12-02 16:13:37.694     1     1 E init    : process with updatable components 'vendor.secure_element' exited 4 times in 4 minutes
12-02 16:13:37.695     1     1 I init    : processing action (sys.init.updatable_crashing=1) from (/system/etc/init/flags_health_check.rc:10)
12-02 16:13:37.696     1     1 I init    : starting service 'exec 9335 (/system/bin/flags_health_check UPDATABLE_CRASHING)'...
12-02 16:13:37.698 27472 27472 I flags_health_check: ServerConfigurableFlagsReset reset_mode value: 1
12-02 16:13:37.698 27472 27472 I flags_health_check: ServerConfigurableFlagsReset updatable crashing detected, resetting flags.
12-02 16:13:37.710  4519  4529 I mmid    : select timeout: wait for receiving msg
12-02 16:13:37.851 27452 27452 W ServiceManagerCppClient: Waited one second for android.hardware.secure_element.ISecureElement/eSE1 (is service started? Number of threads started in the threadpool: 15. Are binder threads started and available?)
12-02 16:13:37.858   745   745 I servicemanager: Since 'android.hardware.secure_element.ISecureElement/eSE1' could not be found, trying to start it as a lazy AIDL service. (if it's not configured to be a lazy service, it may be stuck starting or still starting).
12-02 16:13:37.853   745 27473 W libc    : Unable to set property "ctl.interface_start" to "aidl/android.hardware.secure_element.ISecureElement/eSE1": error code: 0x20
12-02 16:13:37.859 27473 27473 I servicemanager: Tried to start aidl service android.hardware.secure_element.ISecureElement/eSE1 as a lazy service, but was unable to. Usually this happens when a service is not installed, but if the service is intended to be used as a lazy service, then it may be configured incorrectly.
12-02 16:13:38.852 27452 27452 W ServiceManagerCppClient: Waited one second for android.hardware.secure_element.ISecureElement/eSE1 (is service started? Number of threads started in the threadpool: 15. Are binder threads started and available?)
12-02 16:13:38.854   745 27474 W libc    : Unable to set property "ctl.interface_start" to "aidl/android.hardware.secure_element.ISecureElement/eSE1": error code: 0x20
12-02 16:13:38.859   745   745 I servicemanager: Since 'android.hardware.secure_element.ISecureElement/eSE1' could not be found, trying to start it as a lazy AIDL service. (if it's not configured to be a lazy service, it may be stuck starting or still starting).
12-02 16:13:38.860 27474 27474 I servicemanager: Tried to start aidl service android.hardware.secure_element.ISecureElement/eSE1 as a lazy service, but was unable to. Usually this happens when a service is not installed, but if the service is intended to be used as a lazy service, then it may be configured incorrectly.
12-02 16:13:39.537 27439 27439 E libc++abi: terminating with uncaught exception of type St13runtime_error: FATAL: could not find sensors QMI service
12-02 16:13:39.540  1337  1417 I minksocket: MinkIPC MESSAGE: ( 1337:1417 ) MinkIPC_QRTR_Service:351 minkipc = 0xb4000076c8029950 sock = 18, client with node 1 port 6298 went down
12-02 16:13:39.540  1337  1424 I minksocket: MinkIPC MESSAGE: ( 1337:1424 ) MinkIPC_QRTR_Service:351 minkipc = 0xb4000076c8029ab0 sock = 12, client with node 1 port 6298 went down
12-02 16:13:39.551 27475 27475 I flags_health_check: ServerConfigurableFlagsReset reset_mode value: 1
12-02 16:13:39.551 27475 27475 I flags_health_check: ServerConfigurableFlagsReset updatable crashing detected, resetting flags.
12-02 16:13:39.559 27476 27476 W qsap_sensors: libminijail[27476]: failed to get path of fd 3: No such file or directory
12-02 16:13:39.559 27476 27476 W qsap_sensors: libminijail[27476]: allowing syscall: connect
12-02 16:13:39.559 27476 27476 W qsap_sensors: libminijail[27476]: allowing syscall: fcntl
12-02 16:13:39.559 27476 27476 W qsap_sensors: libminijail[27476]: allowing syscall: sendto
12-02 16:13:39.559 27476 27476 W qsap_sensors: libminijail[27476]: allowing syscall: socket
12-02 16:13:39.559 27476 27476 W qsap_sensors: libminijail[27476]: allowing syscall: writev
12-02 16:13:39.559 27476 27476 W qsap_sensors: libminijail[27476]: logging seccomp filter failures
12-02 16:13:39.560 27476 27476 I sensors_qesdk: main:22, starting sensors_qesdk daemon
12-02 16:13:39.561 27476 27476 I sensors_qesdk: sensors_qesdk:80, construct sensors_qesdk
12-02 16:13:39.561 27476 27476 I sensors_qesdk: configure_log:215, log_level: 2
12-02 16:13:39.561 27476 27476 W libc    : Access denied finding property "ro.vendor.qc_aon_presence"
12-02 16:13:39.557 27476 27476 W qsap_sensors: type=1400 audit(0.0:19210): avc:  denied  { read } for  name="u:object_r:vendor_qc_aon_prop:s0" dev="tmpfs" ino=443 scontext=u:r:vendor_sensors_qesdk:s0 tcontext=u:object_r:vendor_qc_aon_prop:s0 tclass=file permissive=0
12-02 16:13:39.562  1337  1417 I minksocket: MinkIPC MESSAGE: ( 1337:1417 ) MinkIPC_QRTR_Service:351 minkipc = 0xb4000076c8029950 sock = 18, client with node 1 port 629b went down
12-02 16:13:39.562  1337  1424 I minksocket: MinkIPC MESSAGE: ( 1337:1424 ) MinkIPC_QRTR_Service:351 minkipc = 0xb4000076c8029ab0 sock = 12, client with node 1 port 629b went down
12-02 16:13:39.853 27452 27452 W ServiceManagerCppClient: Waited one second for android.hardware.secure_element.ISecureElement/eSE1 (is service started? Number of threads started in the threadpool: 15. Are binder threads started and available?)
12-02 16:13:39.855   745 27479 W libc    : Unable to set property "ctl.interface_start" to "aidl/android.hardware.secure_element.ISecureElement/eSE1": error code: 0x20
12-02 16:13:39.861   745   745 I servicemanager: Since 'android.hardware.secure_element.ISecureElement/eSE1' could not be found, trying to start it as a lazy AIDL service. (if it's not configured to be a lazy service, it may be stuck starting or still starting).
12-02 16:13:39.862 27479 27479 I servicemanager: Tried to start aidl service android.hardware.secure_element.ISecureElement/eSE1 as a lazy service, but was unable to. Usually this happens when a service is not installed, but if the service is intended to be used as a lazy service, then it may be configured incorrectly.
12-02 16:13:40.715  4519  4529 I mmid    : select timeout: wait for receiving msg
12-02 16:13:40.855 27452 27452 W ServiceManagerCppClient: Waited one second for android.hardware.secure_element.ISecureElement/eSE1 (is service started? Number of threads started in the threadpool: 15. Are binder threads started and available?)
12-02 16:13:40.862   745   745 I servicemanager: Since 'android.hardware.secure_element.ISecureElement/eSE1' could not be found, trying to start it as a lazy AIDL service. (if it's not configured to be a lazy service, it may be stuck starting or still starting).
12-02 16:13:40.856   745 27480 W libc    : Unable to set property "ctl.interface_start" to "aidl/android.hardware.secure_element.ISecureElement/eSE1": error code: 0x20
12-02 16:13:40.863     1     1 E init    : Control message: Could not find 'aidl/android.hardware.secure_element.ISecureElement/eSE1' for ctl.interface_start from pid: 745 (/system/bin/servicemanager)
12-02 16:13:40.863 27480 27480 I servicemanager: Tried to start aidl service android.hardware.secure_element.ISecureElement/eSE1 as a lazy service, but was unable to. Usually this happens when a service is not installed, but if the service is intended to be used as a lazy service, then it may be configured incorrectly.
12-02 16:13:41.563 27476 27476 E sensors-qesdk: qmi_wait_for_service:160, timeout while waiting for sensors QMI service: will try 3 more time(s)
12-02 16:13:41.856 27452 27452 W ServiceManagerCppClient: Waited one second for android.hardware.secure_element.ISecureElement/eSE1 (is service started? Number of threads started in the threadpool: 15. Are binder threads started and available?)
12-02 16:13:41.863   745   745 I servicemanager: Since 'android.hardware.secure_element.ISecureElement/eSE1' could not be found, trying to start it as a lazy AIDL service. (if it's not configured to be a lazy service, it may be stuck starting or still starting).
12-02 16:13:41.864     1     1 E init    : Control message: Could not find 'aidl/android.hardware.secure_element.ISecureElement/eSE1' for ctl.interface_start from pid: 745 (/system/bin/servicemanager)
12-02 16:13:41.864 27481 27481 I servicemanager: Tried to start aidl service android.hardware.secure_element.ISecureElement/eSE1 as a lazy service, but was unable to. Usually this happens when a service is not installed, but if the service is intended to be used as a lazy service, then it may be configured incorrectly.
12-02 16:13:41.858   745 27481 W libc    : Unable to set property "ctl.interface_start" to "aidl/android.hardware.secure_element.ISecureElement/eSE1": error code: 0x20
12-02 16:13:42.684     1     1 I init    : starting service 'vendor.secure_element'...
12-02 16:13:42.690     1     1 I init    : ... started service 'vendor.secure_element' has pid 27482
12-02 16:13:42.695 27482 27482 D GPTEE   : [TEE_client_api.cpp:58 initTEEC] initTEEC
12-02 16:13:42.689 27482 27482 W android.hardwar: type=1400 audit(0.0:19211): avc:  denied  { read } for  name="u:object_r:init_service_status_private_prop:s0" dev="tmpfs" ino=240 scontext=u:r:hal_secure_element_default:s0 tcontext=u:object_r:init_service_status_private_prop:s0 tclass=file permissive=0
