12-02 16:11:20.402 26949 26949 E Parcel  : Reading a NULL string not supported here.
12-02 16:11:20.402 26949 26949 E Parcel  : Reading a NULL string not supported here.
12-02 16:11:20.403  2849  2849 W Choreographer: Frame time is 0.007673 ms in the future!  Check that graphics HAL is generating vsync timestamps using the correct timebase.
12-02 16:11:20.404 26949 26949 E Parcel  : Reading a NULL string not supported here.
12-02 16:11:20.404 26949 26949 E Parcel  : Reading a NULL string not supported here.
12-02 16:11:20.406 26949 26949 E Parcel  : Reading a NULL string not supported here.
12-02 16:11:20.406  2478  2995 I ImeTracker: com.android.launcher3:12805459: onRequestHide at ORIGIN_SERVER_HIDE_INPUT reason HIDE_UNSPECIFIED_WINDOW
12-02 16:11:20.406  2478  2995 I ImeTracker: com.android.launcher3:12805459: onCancelled at PHASE_SERVER_SHOULD_HIDE
12-02 16:11:20.406 26949 26949 E Parcel  : Reading a NULL string not supported here.
12-02 16:11:20.408 26949 26949 E Parcel  : Reading a NULL string not supported here.
12-02 16:11:20.410  2849  2849 W Choreographer: Frame time is 0.027169 ms in the future!  Check that graphics HAL is generating vsync timestamps using the correct timebase.
12-02 16:11:20.410 26949 26949 E Parcel  : Reading a NULL string not supported here.
12-02 16:11:20.415 26949 26949 E Parcel  : Reading a NULL string not supported here.
12-02 16:11:20.415 26949 26949 E Parcel  : Reading a NULL string not supported here.
12-02 16:11:20.417  2849  2849 W Choreographer: Frame time is 0.047811 ms in the future!  Check that graphics HAL is generating vsync timestamps using the correct timebase.
12-02 16:11:20.419 26949 26949 E Parcel  : Reading a NULL string not supported here.
12-02 16:11:20.422 26949 26949 E Parcel  : Reading a NULL string not supported here.
12-02 16:11:20.424  2849  2849 W Choreographer: Frame time is 0.077932 ms in the future!  Check that graphics HAL is generating vsync timestamps using the correct timebase.
12-02 16:11:20.424  2849  2892 W Choreographer: Frame time is 0.06163 ms in the future!  Check that graphics HAL is generating vsync timestamps using the correct timebase.
12-02 16:11:20.425 26949 26949 E Parcel  : Reading a NULL string not supported here.
12-02 16:11:20.427 26949 26949 E Parcel  : Reading a NULL string not supported here.
12-02 16:11:20.429 26949 26949 E Parcel  : Reading a NULL string not supported here.
12-02 16:11:20.432 26949 26949 E Parcel  : Reading a NULL string not supported here.
12-02 16:11:20.435 26949 26949 E Parcel  : Reading a NULL string not supported here.
12-02 16:11:20.437 26949 26949 E Parcel  : Reading a NULL string not supported here.
12-02 16:11:20.441  3588  3602 E Parcel  : Expecting header 0x53595354 but found 0x0. Mixing copies of libbinder?
12-02 16:11:20.441 26949 26949 E IPCThreadState: Binder transaction failure: 1843636/29201/-1
12-02 16:11:20.441 26949 26949 E IPCThreadState: Binder transaction failure: 1843640/29201/-1
12-02 16:11:20.442 26949 26949 E IPCThreadState: Binder transaction failure: 1843644/29201/-1
12-02 16:11:20.442 26949 26949 E IPCThreadState: Binder transaction failure: 1843648/29201/-1
12-02 16:11:20.442 26949 26949 E IPCThreadState: Binder transaction failure: 1843652/29201/-1
12-02 16:11:20.442 26949 26949 E IPCThreadState: Binder transaction failure: 1843656/29201/-1
12-02 16:11:20.442 26949 26949 E IPCThreadState: Binder transaction failure: 1843660/29201/-1
12-02 16:11:20.442 26949 26949 E IPCThreadState: Binder transaction failure: 1843664/29201/-1
12-02 16:11:20.443 26949 26949 E IPCThreadState: Binder transaction failure: 1843673/29201/-1
12-02 16:11:20.443 26949 26949 E IPCThreadState: Binder transaction failure: 1843677/29201/-1
12-02 16:11:20.443 26949 26949 E IPCThreadState: Binder transaction failure: 1843681/29201/-1
12-02 16:11:20.443 26949 26949 E IPCThreadState: Binder transaction failure: 1843685/29201/-1
12-02 16:11:20.443 26949 26949 E IPCThreadState: Binder transaction failure: 1843689/29201/-1
12-02 16:11:20.444 26949 26949 E IPCThreadState: Binder transaction failure: 1843694/29201/-1
12-02 16:11:20.444 26949 26949 E IPCThreadState: Binder transaction failure: 1843705/29201/-1
12-02 16:11:20.444 26949 26949 E IPCThreadState: Binder transaction failure: 1843711/29201/-1
12-02 16:11:20.444 26949 26949 E IPCThreadState: Binder transaction failure: 1843716/29201/-1
12-02 16:11:20.445 26949 26949 E IPCThreadState: Binder transaction failure: 1843746/29201/-1
12-02 16:11:20.446 26949 26949 E IPCThreadState: Binder transaction failure: 1843750/29201/-1
12-02 16:11:20.446 26949 26949 E IPCThreadState: Binder transaction failure: 1843754/29201/-1
12-02 16:11:20.446 26949 26949 E IPCThreadState: Binder transaction failure: 1843758/29201/-1
12-02 16:11:20.446 26949 26949 E IPCThreadState: Binder transaction failure: 1843762/29201/-1
12-02 16:11:20.446 26949 26949 E IPCThreadState: Binder transaction failure: 1843766/29201/-1
12-02 16:11:20.446 26949 26949 E IPCThreadState: Binder transaction failure: 1843770/29201/-1
12-02 16:11:20.447 26949 26949 E IPCThreadState: Binder transaction failure: 1843774/29201/-1
12-02 16:11:20.447 26949 26949 E IPCThreadState: Binder transaction failure: 1843778/29201/-1
12-02 16:11:20.447 26949 26949 E IPCThreadState: Binder transaction failure: 1843782/29201/-1
12-02 16:11:20.447 26949 26949 E IPCThreadState: Binder transaction failure: 1843786/29201/-1
12-02 16:11:20.447 26949 26949 E IPCThreadState: Binder transaction failure: 1843790/29201/-1
12-02 16:11:20.447 26949 26949 E IPCThreadState: Binder transaction failure: 1843794/29201/-1
12-02 16:11:20.448  2478  4364 V ActivityManager: Got obituary of 26334:com.google.mediapipe.examples.llminference
12-02 16:11:20.448  2478  3918 I WindowManager: WIN DEATH: Window{912264a u0 com.google.mediapipe.examples.llminference/com.google.mediapipe.examples.llminference.MainActivity}
12-02 16:11:20.448  2478  3918 W InputManager-JNI: Input channel object '912264a com.google.mediapipe.examples.llminference/com.google.mediapipe.examples.llminference.MainActivity (client)' was disposed without first being removed with the input manager!
12-02 16:11:20.448 26949 26949 E IPCThreadState: Binder transaction failure: 1843799/29201/-1
12-02 16:11:20.449 26949 26949 E IPCThreadState: Binder transaction failure: 1843811/29201/-1
12-02 16:11:20.449 26949 26949 E IPCThreadState: Binder transaction failure: 1843815/29201/-1
12-02 16:11:20.449 26949 26949 E IPCThreadState: Binder transaction failure: 1843820/29201/-1
12-02 16:11:20.452 26949 26949 E IPCThreadState: Binder transaction failure: 1843889/29201/-1
12-02 16:11:20.461  9209  9209 I studio.deploy: Received request 'overlayinstall'
12-02 16:11:20.462 21782 21782 E studio.deploy: ERROR: Could not remove dir '/data/data/com.google.mediapipe.examples.llminference/code_cache/.ll/': No such file or directory
12-02 16:11:20.505  2478  3918 I ActivityManager: Force stopping com.google.mediapipe.examples.llminference appid=10188 user=0: from pid 26962
12-02 16:11:20.505  2478  3918 I WindowManager:   Force removing ActivityRecord{cb4e5a7 u0 com.google.mediapipe.examples.llminference/.MainActivity t195 f} isExiting}
12-02 16:11:20.505  2478  3918 W WindowManager: removeAppToken: Attempted to remove non-existing token: Token{d28da54 ActivityRecord{cb4e5a7 u0 com.google.mediapipe.examples.llminference/.MainActivity t195 f} isExiting}}
12-02 16:11:20.507  2478  3918 I AppsFilter: interaction: PackageSetting{4293b0a com.qualcomm.qti.bert/10180} -> PackageSetting{efa54b2 com.google.mediapipe.examples.llminference/10188} BLOCKED
12-02 16:11:20.507  2478  3918 I AppsFilter: interaction: PackageSetting{69d5198 com.android.microdroid.empty_payload/10158} -> PackageSetting{efa54b2 com.google.mediapipe.examples.llminference/10188} BLOCKED
12-02 16:11:20.509  3122  3122 D CarrierSvcBindHelper: onHandleForceStop: [com.google.mediapipe.examples.llminference]
12-02 16:11:20.509  3122  3122 D CarrierSvcBindHelper: No carrier app for: 0
12-02 16:11:20.510  3122  3122 D CarrierSvcBindHelper: No carrier app for: 1
12-02 16:11:20.525 26965 26965 E Parcel  : Reading a NULL string not supported here.
12-02 16:11:20.528 26965 26965 E IPCThreadState: Binder transaction failure: 1844148/29201/-1
12-02 16:11:20.528 26965 26965 E IPCThreadState: Binder transaction failure: 1844152/29201/-1
12-02 16:11:20.528 26965 26965 E IPCThreadState: Binder transaction failure: 1844156/29201/-1
12-02 16:11:20.529 26965 26965 E IPCThreadState: Binder transaction failure: 1844160/29201/-1
12-02 16:11:20.530 26965 26965 E IPCThreadState: Binder transaction failure: 1844184/29201/-1
12-02 16:11:20.530 26965 26965 E IPCThreadState: Binder transaction failure: 1844188/29201/-1
12-02 16:11:20.530 26965 26965 E IPCThreadState: Binder transaction failure: 1844202/29201/-1
12-02 16:11:20.530 26965 26965 E IPCThreadState: Binder transaction failure: 1844206/29201/-1
12-02 16:11:20.531 26965 26965 E IPCThreadState: Binder transaction failure: 1844210/29201/-1
12-02 16:11:20.531 26965 26965 E IPCThreadState: Binder transaction failure: 1844214/29201/-1
12-02 16:11:20.531 26965 26965 E IPCThreadState: Binder transaction failure: 1844218/29201/-1
12-02 16:11:20.532 26965 26965 E IPCThreadState: Binder transaction failure: 1844237/29201/-1
12-02 16:11:20.532 26965 26965 E IPCThreadState: Binder transaction failure: 1844241/29201/-1
12-02 16:11:20.532 26965 26965 E IPCThreadState: Binder transaction failure: 1844245/29201/-1
12-02 16:11:20.532 26965 26965 E IPCThreadState: Binder transaction failure: 1844249/29201/-1
12-02 16:11:20.532 26965 26965 E IPCThreadState: Binder transaction failure: 1844253/29201/-1
12-02 16:11:20.533 26965 26965 E IPCThreadState: Binder transaction failure: 1844258/29201/-1
12-02 16:11:20.533 26965 26965 E IPCThreadState: Binder transaction failure: 1844267/29201/-1
12-02 16:11:20.533 26965 26965 E IPCThreadState: Binder transaction failure: 1844276/29201/-1
12-02 16:11:20.533 26965 26965 E IPCThreadState: Binder transaction failure: 1844281/29201/-1
12-02 16:11:20.534 26965 26965 E IPCThreadState: Binder transaction failure: 1844285/29201/-1
12-02 16:11:20.535 26965 26965 E IPCThreadState: Binder transaction failure: 1844326/29201/-1
12-02 16:11:20.535 26965 26965 E IPCThreadState: Binder transaction failure: 1844330/29201/-1
12-02 16:11:20.535 26965 26965 E Parcel  : Reading a NULL string not supported here.
12-02 16:11:20.538 26965 26965 E Parcel  : Reading a NULL string not supported here.
12-02 16:11:20.538 26965 26965 E Parcel  : Reading a NULL string not supported here.
12-02 16:11:20.539 26965 26965 E Parcel  : Reading a NULL string not supported here.
12-02 16:11:20.541 26965 26965 E Parcel  : Reading a NULL string not supported here.
12-02 16:11:20.542 26965 26965 E Parcel  : Reading a NULL string not supported here.
12-02 16:11:20.542 26965 26965 E Parcel  : Reading a NULL string not supported here.
12-02 16:11:20.543 26965 26965 E Parcel  : Reading a NULL string not supported here.
12-02 16:11:20.544 26965 26965 E Parcel  : Reading a NULL string not supported here.
12-02 16:11:20.544 26965 26965 E Parcel  : Reading a NULL string not supported here.
12-02 16:11:20.546 26965 26965 E Parcel  : Reading a NULL string not supported here.
12-02 16:11:20.548 26965 26965 E Parcel  : Reading a NULL string not supported here.
12-02 16:11:20.553 26965 26965 E Parcel  : Reading a NULL string not supported here.
12-02 16:11:20.553 26965 26965 E Parcel  : Reading a NULL string not supported here.
12-02 16:11:20.557 26965 26965 E Parcel  : Reading a NULL string not supported here.
12-02 16:11:20.560 26965 26965 E Parcel  : Reading a NULL string not supported here.
12-02 16:11:20.563 26965 26965 E Parcel  : Reading a NULL string not supported here.
12-02 16:11:20.564 26965 26965 E Parcel  : Reading a NULL string not supported here.
12-02 16:11:20.566 26965 26965 E Parcel  : Reading a NULL string not supported here.
12-02 16:11:20.569 26965 26965 E Parcel  : Reading a NULL string not supported here.
12-02 16:11:20.572 26965 26965 E Parcel  : Reading a NULL string not supported here.
12-02 16:11:20.573  1284  1284 I Zygote  : Process 26334 exited due to signal 9 (Killed)
12-02 16:11:20.573 26965 26965 E Parcel  : Reading a NULL string not supported here.
12-02 16:11:20.576  3588  3602 E Parcel  : Expecting header 0x53595354 but found 0x0. Mixing copies of libbinder?
12-02 16:11:20.576 26965 26965 E IPCThreadState: Binder transaction failure: 1845436/29201/-1
12-02 16:11:20.576 26965 26965 E IPCThreadState: Binder transaction failure: 1845440/29201/-1
12-02 16:11:20.577 26965 26965 E IPCThreadState: Binder transaction failure: 1845444/29201/-1
12-02 16:11:20.577 26965 26965 E IPCThreadState: Binder transaction failure: 1845448/29201/-1
12-02 16:11:20.577 26965 26965 E IPCThreadState: Binder transaction failure: 1845452/29201/-1
12-02 16:11:20.577 26965 26965 E IPCThreadState: Binder transaction failure: 1845456/29201/-1
12-02 16:11:20.577 26965 26965 E IPCThreadState: Binder transaction failure: 1845460/29201/-1
12-02 16:11:20.578 26965 26965 E IPCThreadState: Binder transaction failure: 1845464/29201/-1
12-02 16:11:20.578 26965 26965 E IPCThreadState: Binder transaction failure: 1845473/29201/-1
12-02 16:11:20.578 26965 26965 E IPCThreadState: Binder transaction failure: 1845477/29201/-1
12-02 16:11:20.578 26965 26965 E IPCThreadState: Binder transaction failure: 1845481/29201/-1
12-02 16:11:20.578 26965 26965 E IPCThreadState: Binder transaction failure: 1845485/29201/-1
12-02 16:11:20.579 26965 26965 E IPCThreadState: Binder transaction failure: 1845489/29201/-1
12-02 16:11:20.579 26965 26965 E IPCThreadState: Binder transaction failure: 1845493/29201/-1
12-02 16:11:20.579 26965 26965 E IPCThreadState: Binder transaction failure: 1845497/29201/-1
12-02 16:11:20.579 26965 26965 E IPCThreadState: Binder transaction failure: 1845501/29201/-1
12-02 16:11:20.579 26965 26965 E IPCThreadState: Binder transaction failure: 1845505/29201/-1
12-02 16:11:20.580 26965 26965 E IPCThreadState: Binder transaction failure: 1845534/29201/-1
12-02 16:11:20.580 26965 26965 E IPCThreadState: Binder transaction failure: 1845538/29201/-1
12-02 16:11:20.581 26965 26965 E IPCThreadState: Binder transaction failure: 1845554/29201/-1
12-02 16:11:20.581 26965 26965 E IPCThreadState: Binder transaction failure: 1845558/29201/-1
12-02 16:11:20.582 26965 26965 E IPCThreadState: Binder transaction failure: 1845562/29201/-1
12-02 16:11:20.582 26965 26965 E IPCThreadState: Binder transaction failure: 1845566/29201/-1
12-02 16:11:20.582 26965 26965 E IPCThreadState: Binder transaction failure: 1845570/29201/-1
12-02 16:11:20.582 26965 26965 E IPCThreadState: Binder transaction failure: 1845574/29201/-1
12-02 16:11:20.582 26965 26965 E IPCThreadState: Binder transaction failure: 1845578/29201/-1
12-02 16:11:20.582 26965 26965 E IPCThreadState: Binder transaction failure: 1845582/29201/-1
12-02 16:11:20.583 26965 26965 E IPCThreadState: Binder transaction failure: 1845586/29201/-1
12-02 16:11:20.583 26965 26965 E IPCThreadState: Binder transaction failure: 1845590/29201/-1
12-02 16:11:20.583 26965 26965 E IPCThreadState: Binder transaction failure: 1845594/29201/-1
12-02 16:11:20.583 26965 26965 E IPCThreadState: Binder transaction failure: 1845598/29201/-1
12-02 16:11:20.584 26965 26965 E IPCThreadState: Binder transaction failure: 1845607/29201/-1
12-02 16:11:20.584 26965 26965 E IPCThreadState: Binder transaction failure: 1845611/29201/-1
12-02 16:11:20.584 26965 26965 E IPCThreadState: Binder transaction failure: 1845615/29201/-1
12-02 16:11:20.585 26965 26965 E IPCThreadState: Binder transaction failure: 1845671/29201/-1
12-02 16:11:20.608  2478  3004 D CompatibilityChangeReporter: Compat change id reported: 161252188; UID 10188; state: DISABLED
12-02 16:11:20.608  2478  3004 W ActivityTaskManager: callingPackage for (uid=2000, pid=26969) has no WPC
12-02 16:11:20.609  2478  3004 D CompatibilityChangeReporter: Compat change id reported: 265464455; UID 10188; state: DISABLED
12-02 16:11:20.609  2478  3004 D CompatibilityChangeReporter: Compat change id reported: 265452344; UID 10188; state: DISABLED
12-02 16:11:20.609  2478  3004 D CompatibilityChangeReporter: Compat change id reported: 266124927; UID 10188; state: DISABLED
12-02 16:11:20.609  2478  3004 D CompatibilityChangeReporter: Compat change id reported: 265451093; UID 10188; state: DISABLED
12-02 16:11:20.609  2478  3004 D CompatibilityChangeReporter: Compat change id reported: 265456536; UID 10188; state: DISABLED
12-02 16:11:20.609  2478  3004 D CompatibilityChangeReporter: Compat change id reported: 255940284; UID 10188; state: DISABLED
12-02 16:11:20.609  2478  3004 D CompatibilityChangeReporter: Compat change id reported: 236283604; UID 10188; state: DISABLED
12-02 16:11:20.609  2478  3004 D CompatibilityChangeReporter: Compat change id reported: 263959004; UID 10188; state: DISABLED
12-02 16:11:20.609  2478  3004 D CompatibilityChangeReporter: Compat change id reported: 264304459; UID 10188; state: DISABLED
12-02 16:11:20.609  2478  3004 D CompatibilityChangeReporter: Compat change id reported: 264301586; UID 10188; state: DISABLED
12-02 16:11:20.609  2478  3004 D CompatibilityChangeReporter: Compat change id reported: 254631730; UID 10188; state: DISABLED
12-02 16:11:20.609  2478  3004 D CompatibilityChangeReporter: Compat change id reported: 273509367; UID 10188; state: DISABLED
12-02 16:11:20.609  2478  3004 D CompatibilityChangeReporter: Compat change id reported: 263259275; UID 10188; state: DISABLED
12-02 16:11:20.609  2478  3004 D CompatibilityChangeReporter: Compat change id reported: 174042980; UID 10188; state: DISABLED
12-02 16:11:20.609  2478  3004 D CompatibilityChangeReporter: Compat change id reported: 174042936; UID 10188; state: DISABLED
12-02 16:11:20.609  2478  3004 D CompatibilityChangeReporter: Compat change id reported: 181136395; UID 10188; state: DISABLED
12-02 16:11:20.609  2478  3004 D CompatibilityChangeReporter: Compat change id reported: 194480991; UID 10188; state: ENABLED
12-02 16:11:20.611  1482  4619 E ANDR-PERF-LM: LightningLaunches: checkRelearningTrigger() 855: launchCount  Retrigger 36
12-02 16:11:20.612  2478  3004 D CompatibilityChangeReporter: Compat change id reported: 184838306; UID 10188; state: DISABLED
12-02 16:11:20.612  2478  3004 D CompatibilityChangeReporter: Compat change id reported: 185004937; UID 10188; state: DISABLED
12-02 16:11:20.613  2478  3004 D CompatibilityChangeReporter: Compat change id reported: 197654537; UID 10188; state: ENABLED
12-02 16:11:20.613  2478  3004 V SplashScreenExceptionList: SplashScreen checking exception for package com.google.mediapipe.examples.llminference (target sdk:34) -> false
12-02 16:11:20.613  2478  3004 D CompatibilityChangeReporter: Compat change id reported: 205907456; UID 10188; state: ENABLED
12-02 16:11:20.613  2478  3004 D ActivityTrigger: ActivityTrigger activityPauseTrigger 
12-02 16:11:20.613  2972  3073 I DynamicDDSService: handleMessage(ACTIVITY_INVOKE{appInfo=com.google.mediapipe.examples.llminference isFullScreen=}true)
12-02 16:11:20.614  2478  3004 I ActivityTaskManager: Add Task{a241dcf #195 type=standard A=10188:com.google.mediapipe.examples.llminference} to hidden list because adding Task{6f647ba #196 type=standard A=10188:com.google.mediapipe.examples.llminference}
12-02 16:11:20.615  1426  1470 I ANDR-PWR-OPT: PowerAppClassifier: getAppType() 59: checking app [com.google.mediapipe.examples.llminference] is type 1
12-02 16:11:20.615  2478  3004 D CompatibilityChangeReporter: Compat change id reported: 194833441; UID 10188; state: ENABLED
12-02 16:11:20.615  2478  3004 I ActivityTaskManager: START u0 {act=android.intent.action.MAIN cat=[android.intent.category.LAUNCHER] flg=0x10000000 cmp=com.google.mediapipe.examples.llminference/.LoginActivity} with LAUNCH_MULTIPLE from uid 2000 (BAL_ALLOW_PERMISSION) result code=0
12-02 16:11:20.615  2849  2883 V WindowManagerShell: Transition requested: android.os.BinderProxy@d7f18d3 TransitionRequestInfo { type = OPEN, triggerTask = TaskInfo{userId=0 taskId=196 displayId=0 isRunning=true baseIntent=Intent { act=android.intent.action.MAIN cat=[android.intent.category.LAUNCHER] flg=0x10000000 cmp=com.google.mediapipe.examples.llminference/.LoginActivity } baseActivity=ComponentInfo{com.google.mediapipe.examples.llminference/com.google.mediapipe.examples.llminference.LoginActivity} topActivity=ComponentInfo{com.google.mediapipe.examples.llminference/com.google.mediapipe.examples.llminference.LoginActivity} origActivity=null realActivity=ComponentInfo{com.google.mediapipe.examples.llminference/com.google.mediapipe.examples.llminference.LoginActivity} numActivities=1 lastActiveTime=31865226 supportsMultiWindow=true resizeMode=1 isResizeable=true minWidth=-1 minHeight=-1 defaultMinSize=220 token=WCT{android.window.IWindowContainerToken$Stub$Proxy@ee00c10} topActivityType=1 pictureInPictureParams=null shouldDockBigOverlays=false launchIntoPipHostTaskId=-1 lastParentTaskIdBeforePip=-1 displayCutoutSafeInsets=null topActivityInfo=ActivityInfo{d723309 com.google.mediapipe.examples.llminference.LoginActivity} launchCookies=[] positionInParent=Point(0, 0) parentTaskId=-1 isFocused=false isVisible=false isVisibleRequested=false isSleeping=false topActivityInSizeCompat=false topActivityEligibleForLetterboxEducation= false topActivityLetterboxed= false isFromDoubleTap= false topActivityLetterboxVerticalPosition= -1 topActivityLetterboxHorizontalPosition= -1 topActivityLetterboxWidth=-1 topActivityLetterboxHeight=-1 locusId=null displayAreaFeatureId=1 cameraCompatControlState=hidden}, remoteTransition = null, displayChange = null }
12-02 16:11:20.617  1482  1560 E ANDR-PERF-UTIL: ANDR-PERF-UTIL: change_node_val() 319: Failed to update node /proc/sys/walt/sched_per_task_boost with value 0 3
12-02 16:11:20.617  1482  1560 E ANDR-PERF-OPTSHANDLER: ANDR-PERF-OPTSHANDLER: sched_task_boost() 3464: can't boost task 0
12-02 16:11:20.617  1482  1560 E ANDR-PERF-RESOURCEQS: ANDR-PERF-RESOURCEQS: AddAndApply() 167: Failed to apply optimization [3, 32]
12-02 16:11:20.617  2478  2537 D CompatibilityChangeReporter: Compat change id reported: 135634846; UID 10188; state: DISABLED
12-02 16:11:20.618  2478  2537 D CompatibilityChangeReporter: Compat change id reported: 177438394; UID 10188; state: DISABLED
12-02 16:11:20.618  2478  2537 D CompatibilityChangeReporter: Compat change id reported: 135772972; UID 10188; state: DISABLED
12-02 16:11:20.618  2478  2537 D CompatibilityChangeReporter: Compat change id reported: 135754954; UID 10188; state: ENABLED
12-02 16:11:20.618  2478  2545 D CompatibilityChangeReporter: Compat change id reported: 143937733; UID 10188; state: ENABLED
12-02 16:11:20.618  2849  2898 D SplashScreenView: Build android.window.SplashScreenView{1a1d93c V.E...... ......ID 0,0-0,0}
12-02 16:11:20.618  2849  2898 D SplashScreenView: Icon: view: android.widget.ImageView{281f6c5 V.ED..... ......I. 0,0-0,0 #10204f0 android:id/splashscreen_icon_view} drawable: com.android.wm.shell.startingsurface.SplashscreenIconDrawableFactory$ImmobileIconDrawable@be4481a size: 480
12-02 16:11:20.618  2849  2898 D SplashScreenView: Branding: view: android.view.View{c46cf4b G.ED..... ......I. 0,0-0,0 #10204ef android:id/splashscreen_branding_view} drawable: null size w: 0 h: 0
12-02 16:11:20.620  1426  1470 I ANDR-PWR-OPT: PowerAppClassifier: getAppType() 59: checking app [com.google.mediapipe.examples.llminference] is type 1
12-02 16:11:20.621  2478 13803 D CompatibilityChangeReporter: Compat change id reported: 168419799; UID 10188; state: DISABLED
12-02 16:11:20.621  2478 13803 D CompatibilityChangeReporter: Compat change id reported: 273564678; UID 10188; state: DISABLED
12-02 16:11:20.622  2478  2641 D CompatibilityChangeReporter: Compat change id reported: 265195908; UID 10188; state: ENABLED
12-02 16:11:20.623  2478  3918 D CoreBackPreview: Window{4b12586 u0 Splash Screen com.google.mediapipe.examples.llminference}: Setting back callback OnBackInvokedCallbackInfo{mCallback=android.window.IOnBackInvokedCallback$Stub$Proxy@be31674, mPriority=0, mIsAnimationCallback=false}
12-02 16:11:20.623  1284  1284 D Zygote  : Forked child process 26976
12-02 16:11:20.624  2478  2545 I ActivityManager: Start proc 26976:com.google.mediapipe.examples.llminference/u0a188 for next-top-activity {com.google.mediapipe.examples.llminference/com.google.mediapipe.examples.llminference.LoginActivity}
12-02 16:11:20.625  2478 26977 W ContextImpl: Calling a method in the system process without a qualified user: android.app.ContextImpl.sendBroadcast:1220 com.qualcomm.qti.Performance$SendGameLaunchBroadcast.run:247 java.lang.Thread.run:1012 <bottom of call stack> <bottom of call stack> 
12-02 16:11:20.626  2849  2937 W qdgralloc: getInterlacedFlag: getMetaData returned 3, defaulting to interlaced_flag = 0
12-02 16:11:20.626  3935  4926 W SQLiteLog: (28) double-quoted string literal: "com.google.mediapipe.examples.llminference"
12-02 16:11:20.628  2478  2534 V WindowManager: Sent Transition #222 createdAt=12-02 16:11:20.609 via request=TransitionRequestInfo { type = OPEN, triggerTask = TaskInfo{userId=0 taskId=196 displayId=0 isRunning=true baseIntent=Intent { act=android.intent.action.MAIN cat=[android.intent.category.LAUNCHER] flg=0x10000000 cmp=com.google.mediapipe.examples.llminference/.LoginActivity } baseActivity=ComponentInfo{com.google.mediapipe.examples.llminference/com.google.mediapipe.examples.llminference.LoginActivity} topActivity=ComponentInfo{com.google.mediapipe.examples.llminference/com.google.mediapipe.examples.llminference.LoginActivity} origActivity=null realActivity=ComponentInfo{com.google.mediapipe.examples.llminference/com.google.mediapipe.examples.llminference.LoginActivity} numActivities=1 lastActiveTime=31865226 supportsMultiWindow=true resizeMode=1 isResizeable=true minWidth=-1 minHeight=-1 defaultMinSize=220 token=WCT{RemoteToken{17b9d55 Task{6f647ba #196 type=standard A=10188:com.google.mediapipe.examples.llminference}}} topActivityType=1 pictureInPictureParams=null shouldDockBigOverlays=false launchIntoPipHostTaskId=-1 lastParentTaskIdBeforePip=-1 displayCutoutSafeInsets=null topActivityInfo=ActivityInfo{50136a com.google.mediapipe.examples.llminference.LoginActivity} launchCookies=[] positionInParent=Point(0, 0) parentTaskId=-1 isFocused=false isVisible=false isVisibleRequested=false isSleeping=false topActivityInSizeCompat=false topActivityEligibleForLetterboxEducation= false topActivityLetterboxed= false isFromDoubleTap= false topActivityLetterboxVerticalPosition= -1 topActivityLetterboxHorizontalPosition= -1 topActivityLetterboxWidth=-1 topActivityLetterboxHeight=-1 locusId=null displayAreaFeatureId=1 cameraCompatControlState=hidden}, remoteTransition = null, displayChange = null }
12-02 16:11:20.628  2478  2534 V WindowManager:     startWCT=WindowContainerTransaction { changes = {} hops = [] errorCallbackToken=null taskFragmentOrganizer=null }
12-02 16:11:20.628  2478  2538 W WindowManager: Failed to deliver inset control state change to w=Window{912264a u0 com.google.mediapipe.examples.llminference/com.google.mediapipe.examples.llminference.MainActivity EXITING}
12-02 16:11:20.628  2478  2538 W WindowManager: android.os.DeadObjectException
12-02 16:11:20.628  2478  2538 W WindowManager: 	at android.os.BinderProxy.transactNative(Native Method)
12-02 16:11:20.628  2478  2538 W WindowManager: 	at android.os.BinderProxy.transact(BinderProxy.java:584)
12-02 16:11:20.628  2478  2538 W WindowManager: 	at android.view.IWindow$Stub$Proxy.insetsControlChanged(IWindow.java:495)
12-02 16:11:20.628  2478  2538 W WindowManager: 	at com.android.server.wm.WindowState.notifyInsetsControlChanged(WindowState.java:3809)
12-02 16:11:20.628  2478  2538 W WindowManager: 	at com.android.server.wm.InsetsStateController.lambda$notifyPendingInsetsControlChanged$3(InsetsStateController.java:343)
12-02 16:11:20.628  2478  2538 W WindowManager: 	at com.android.server.wm.InsetsStateController.$r8$lambda$8yykPRG1GyNq_J17QvL9d5xANMc(InsetsStateController.java:0)
12-02 16:11:20.628  2478  2538 W WindowManager: 	at com.android.server.wm.InsetsStateController$$ExternalSyntheticLambda2.run(R8$$SyntheticClass:0)
12-02 16:11:20.628  2478  2538 W WindowManager: 	at com.android.server.wm.WindowAnimator.executeAfterPrepareSurfacesRunnables(WindowAnimator.java:294)
12-02 16:11:20.628  2478  2538 W WindowManager: 	at com.android.server.wm.RootWindowContainer.performSurfacePlacementNoTrace(RootWindowContainer.java:820)
12-02 16:11:20.628  2478  2538 W WindowManager: 	at com.android.server.wm.RootWindowContainer.performSurfacePlacement(RootWindowContainer.java:765)
12-02 16:11:20.628  2478  2538 W WindowManager: 	at com.android.server.wm.WindowSurfacePlacer.performSurfacePlacementLoop(WindowSurfacePlacer.java:177)
12-02 16:11:20.628  2478  2538 W WindowManager: 	at com.android.server.wm.WindowSurfacePlacer.performSurfacePlacement(WindowSurfacePlacer.java:126)
12-02 16:11:20.628  2478  2538 W WindowManager: 	at com.android.server.wm.WindowSurfacePlacer.performSurfacePlacement(WindowSurfacePlacer.java:115)
12-02 16:11:20.628  2478  2538 W WindowManager: 	at com.android.server.wm.WindowSurfacePlacer$Traverser.run(WindowSurfacePlacer.java:57)
12-02 16:11:20.628  2478  2538 W WindowManager: 	at android.os.Handler.handleCallback(Handler.java:958)
12-02 16:11:20.628  2478  2538 W WindowManager: 	at android.os.Handler.dispatchMessage(Handler.java:99)
12-02 16:11:20.628  2478  2538 W WindowManager: 	at android.os.Looper.loopOnce(Looper.java:205)
12-02 16:11:20.628  2478  2538 W WindowManager: 	at android.os.Looper.loop(Looper.java:294)
12-02 16:11:20.628  2478  2538 W WindowManager: 	at android.os.HandlerThread.run(HandlerThread.java:67)
12-02 16:11:20.628  2478  2538 W WindowManager: 	at com.android.server.ServiceThread.run(ServiceThread.java:46)
12-02 16:11:20.628  2478  2534 V WindowManager:     info={id=222 t=OPEN f=0x0 trk=0 r=[0@Point(0, 0)] c=[{WCT{RemoteToken{17b9d55 Task{6f647ba #196 type=standard A=10188:com.google.mediapipe.examples.llminference}}} m=OPEN f=NONE leash=Surface(name=Task=196)/@0xc686f3f sb=Rect(0, 0 - 1080, 2400) eb=Rect(0, 0 - 1080, 2400) d=0},{WCT{RemoteToken{b87f5f7 Task{7dd3025 #1 type=home}}} m=TO_BACK f=SHOW_WALLPAPER leash=Surface(name=Task=1)/@0x436aede sb=Rect(0, 0 - 1080, 2400) eb=Rect(0, 0 - 1080, 2400) d=0}]}
12-02 16:11:20.628  2849  2883 V WindowManagerShell: onTransitionReady android.os.BinderProxy@d7f18d3: {id=222 t=OPEN f=0x0 trk=0 r=[0@Point(0, 0)] c=[{WCT{android.window.IWindowContainerToken$Stub$Proxy@b1171be} m=OPEN f=NONE leash=Surface(name=Task=196)/@0x98fdcc3 sb=Rect(0, 0 - 1080, 2400) eb=Rect(0, 0 - 1080, 2400) d=0},{WCT{android.window.IWindowContainerToken$Stub$Proxy@e09821f} m=TO_BACK f=SHOW_WALLPAPER leash=Surface(name=Task=1)/@0x9569940 sb=Rect(0, 0 - 1080, 2400) eb=Rect(0, 0 - 1080, 2400) d=0}]}
12-02 16:11:20.628  2849  2883 V WindowManagerShell: Transition (#222)android.os.BinderProxy@d7f18d3@0 ready while (#221)android.os.BinderProxy@7e65112@0 is still animating. Notify the animating transition in case they can be merged
12-02 16:11:20.629  2849  2883 V WindowManagerShell: Transition animation finished (aborted=false), notifying core (#221)android.os.BinderProxy@7e65112@0
12-02 16:11:20.629  2478  2538 W WindowManager: Failed to deliver inset control state change to w=Window{912264a u0 com.google.mediapipe.examples.llminference/com.google.mediapipe.examples.llminference.MainActivity EXITING}
12-02 16:11:20.629  2478  2538 W WindowManager: android.os.DeadObjectException
12-02 16:11:20.629  2478  2538 W WindowManager: 	at android.os.BinderProxy.transactNative(Native Method)
12-02 16:11:20.629  2478  2538 W WindowManager: 	at android.os.BinderProxy.transact(BinderProxy.java:584)
12-02 16:11:20.629  2478  2538 W WindowManager: 	at android.view.IWindow$Stub$Proxy.insetsControlChanged(IWindow.java:495)
12-02 16:11:20.629  2478  2538 W WindowManager: 	at com.android.server.wm.WindowState.notifyInsetsControlChanged(WindowState.java:3809)
12-02 16:11:20.629  2478  2538 W WindowManager: 	at com.android.server.wm.InsetsStateController.lambda$notifyPendingInsetsControlChanged$3(InsetsStateController.java:343)
12-02 16:11:20.629  2478  2538 W WindowManager: 	at com.android.server.wm.InsetsStateController.$r8$lambda$8yykPRG1GyNq_J17QvL9d5xANMc(InsetsStateController.java:0)
12-02 16:11:20.629  2478  2538 W WindowManager: 	at com.android.server.wm.InsetsStateController$$ExternalSyntheticLambda2.run(R8$$SyntheticClass:0)
12-02 16:11:20.629  2478  2538 W WindowManager: 	at com.android.server.wm.WindowAnimator.executeAfterPrepareSurfacesRunnables(WindowAnimator.java:294)
12-02 16:11:20.629  2478  2538 W WindowManager: 	at com.android.server.wm.RootWindowContainer.performSurfacePlacementNoTrace(RootWindowContainer.java:820)
12-02 16:11:20.629  2478  2538 W WindowManager: 	at com.android.server.wm.RootWindowContainer.performSurfacePlacement(RootWindowContainer.java:765)
12-02 16:11:20.629  2478  2538 W WindowManager: 	at com.android.server.wm.WindowSurfacePlacer.performSurfacePlacementLoop(WindowSurfacePlacer.java:177)
12-02 16:11:20.629  2478  2538 W WindowManager: 	at com.android.server.wm.WindowSurfacePlacer.performSurfacePlacement(WindowSurfacePlacer.java:126)
12-02 16:11:20.629  2478  2538 W WindowManager: 	at com.android.server.wm.WindowSurfacePlacer.performSurfacePlacement(WindowSurfacePlacer.java:115)
12-02 16:11:20.629  2478  2538 W WindowManager: 	at com.android.server.wm.WindowSurfacePlacer$Traverser.run(WindowSurfacePlacer.java:57)
12-02 16:11:20.629  2478  2538 W WindowManager: 	at android.os.Handler.handleCallback(Handler.java:958)
12-02 16:11:20.629  2478  2538 W WindowManager: 	at android.os.Handler.dispatchMessage(Handler.java:99)
12-02 16:11:20.629  2478  2538 W WindowManager: 	at android.os.Looper.loopOnce(Looper.java:205)
12-02 16:11:20.629  2478  2538 W WindowManager: 	at android.os.Looper.loop(Looper.java:294)
12-02 16:11:20.629  2478  2538 W WindowManager: 	at android.os.HandlerThread.run(HandlerThread.java:67)
12-02 16:11:20.629  2478  2538 W WindowManager: 	at com.android.server.ServiceThread.run(ServiceThread.java:46)
12-02 16:11:20.630  2478  2534 V WindowManager: Finish Transition #221: created at 12-02 16:11:20.375 collect-started=0.058ms request-sent=0.117ms started=3.033ms ready=2.998ms sent=19.904ms finished=254.506ms
12-02 16:11:20.630  2478  3918 W WindowManager: Exception thrown during dispatchAppVisibility Window{912264a u0 com.google.mediapipe.examples.llminference/com.google.mediapipe.examples.llminference.MainActivity EXITING}
12-02 16:11:20.630  2478  3918 W WindowManager: android.os.DeadObjectException
12-02 16:11:20.630  2478  3918 W WindowManager: 	at android.os.BinderProxy.transactNative(Native Method)
12-02 16:11:20.630  2478  3918 W WindowManager: 	at android.os.BinderProxy.transact(BinderProxy.java:584)
12-02 16:11:20.630  2478  3918 W WindowManager: 	at android.view.IWindow$Stub$Proxy.dispatchAppVisibility(IWindow.java:562)
12-02 16:11:20.630  2478  3918 W WindowManager: 	at com.android.server.wm.WindowState.sendAppVisibilityToClients(WindowState.java:3278)
12-02 16:11:20.630  2478  3918 W WindowManager: 	at com.android.server.wm.WindowContainer.sendAppVisibilityToClients(WindowContainer.java:1221)
12-02 16:11:20.630  2478  3918 W WindowManager: 	at com.android.server.wm.WindowToken.setClientVisible(WindowToken.java:414)
12-02 16:11:20.630  2478  3918 W WindowManager: 	at com.android.server.wm.ActivityRecord.setClientVisible(ActivityRecord.java:7079)
12-02 16:11:20.630  2478  3918 W WindowManager: 	at com.android.server.wm.ActivityRecord.postApplyAnimation(ActivityRecord.java:5670)
12-02 16:11:20.630  2478  3918 W WindowManager: 	at com.android.server.wm.ActivityRecord.commitVisibility(ActivityRecord.java:5613)
12-02 16:11:20.630  2478  3918 W WindowManager: 	at com.android.server.wm.Transition.finishTransition(Transition.java:1166)
12-02 16:11:20.630  2478  3918 W WindowManager: 	at com.android.server.wm.TransitionController.finishTransition(TransitionController.java:868)
12-02 16:11:20.630  2478  3918 W WindowManager: 	at com.android.server.wm.WindowOrganizerController.finishTransition(WindowOrganizerController.java:396)
12-02 16:11:20.630  2478  3918 W WindowManager: 	at android.window.IWindowOrganizerController$Stub.onTransact(IWindowOrganizerController.java:286)
12-02 16:11:20.630  2478  3918 W WindowManager: 	at com.android.server.wm.WindowOrganizerController.onTransact(WindowOrganizerController.java:181)
12-02 16:11:20.630  2478  3918 W WindowManager: 	at android.os.Binder.execTransactInternal(Binder.java:1339)
12-02 16:11:20.630  2478  3918 W WindowManager: 	at android.os.Binder.execTransact(Binder.java:1275)
12-02 16:11:20.630  2478  3918 I Process : Sending signal. PID: 26334 SIG: 9
12-02 16:11:20.630 26976 26976 I es.llminference: Late-enabling -Xcheck:jni
12-02 16:11:20.631  2478  2537 W ActivityManager: setHasOverlayUi called on unknown pid: 26334
12-02 16:11:20.632  2849  2883 V WindowManagerShell: Playing animation for (#222)android.os.BinderProxy@d7f18d3@0
12-02 16:11:20.632  2849  2883 V WindowManagerShell:  try handler com.android.wm.shell.transition.DefaultMixedHandler@3119d2e
12-02 16:11:20.632  2849  2883 V WindowManagerShell:  try handler com.android.wm.shell.keyguard.KeyguardTransitionHandler@be9709f
12-02 16:11:20.632  2849  2883 V WindowManagerShell:  try handler com.android.wm.shell.activityembedding.ActivityEmbeddingController@caf95ec
12-02 16:11:20.632  2849  2883 V WindowManagerShell:  try handler com.android.wm.shell.recents.RecentsTransitionHandler@6f8edb5
12-02 16:11:20.632  2849  2883 V ShellRecents: RecentsTransitionHandler.startAnimation: no controller found
12-02 16:11:20.632  2849  2883 V WindowManagerShell:  try handler com.android.wm.shell.pip.PipTransition@f688c4a
12-02 16:11:20.632  2849  2883 V WindowManagerShell:  try handler com.android.wm.shell.splitscreen.StageCoordinator@57e77bb
12-02 16:11:20.632  2849  2883 V WindowManagerShell:  try handler com.android.wm.shell.transition.RemoteTransitionHandler@4f624d8
12-02 16:11:20.632  2849  2883 V WindowManagerShell: Transition doesn't have explicit remote, search filters for match for {id=222 t=OPEN f=0x0 trk=0 r=[0@Point(0, 0)] c=[{WCT{android.window.IWindowContainerToken$Stub$Proxy@b1171be} m=OPEN f=NONE leash=Surface(name=Task=196)/@0x98fdcc3 sb=Rect(0, 0 - 1080, 2400) eb=Rect(0, 0 - 1080, 2400) d=0},{WCT{android.window.IWindowContainerToken$Stub$Proxy@e09821f} m=TO_BACK f=SHOW_WALLPAPER leash=Surface(name=Task=1)/@0x9569940 sb=Rect(0, 0 - 1080, 2400) eb=Rect(0, 0 - 1080, 2400) d=0}]}
12-02 16:11:20.632  2849  2883 V WindowManagerShell:  Checking filter Pair{{types=[] flags=0x0] notFlags=0x100 checks=[{atype=home independent=true modes=[OPEN,TO_FRONT] flags=NONE mustBeTask=false order=TOP topActivity=ComponentInfo{com.android.launcher3/com.android.launcher3.uioverrides.QuickstepLauncher}},{atype=standard independent=true modes=[CLOSE,TO_BACK] flags=NONE mustBeTask=false order=ANY topActivity=null}]} RemoteTransition { remoteTransition = android.window.IRemoteTransition$Stub$Proxy@317b031, appThread = android.app.IApplicationThread$Stub$Proxy@fab2316, debugName = QuickstepLaunchHome }}
12-02 16:11:20.632  2849  2883 V WindowManagerShell:  Delegate animation for #222 to null
12-02 16:11:20.632  2849  2883 V WindowManagerShell:  try handler com.android.wm.shell.transition.DefaultTransitionHandler@992d497
12-02 16:11:20.632  2849  2883 V WindowManagerShell: start default transition animation, info = {id=222 t=OPEN f=0x0 trk=0 r=[0@Point(0, 0)] c=[{WCT{android.window.IWindowContainerToken$Stub$Proxy@b1171be} m=OPEN f=NONE leash=Surface(name=Task=196)/@0x98fdcc3 sb=Rect(0, 0 - 1080, 2400) eb=Rect(0, 0 - 1080, 2400) d=0},{WCT{android.window.IWindowContainerToken$Stub$Proxy@e09821f} m=TO_BACK f=SHOW_WALLPAPER leash=Surface(name=Task=1)/@0x9569940 sb=Rect(0, 0 - 1080, 2400) eb=Rect(0, 0 - 1080, 2400) d=0}]}
12-02 16:11:20.632  2849  2883 V WindowManagerShell: loadAnimation: anim=android.view.animation.AnimationSet@d065058 animAttr=0x13 type=OPEN isEntrance=false
12-02 16:11:20.632  2849  2883 V WindowManagerShell: loadAnimation: anim=android.view.animation.AnimationSet@7bc1a04 animAttr=0x12 type=OPEN isEntrance=true
12-02 16:11:20.633  2849  2883 V WindowManagerShell:  animated by com.android.wm.shell.transition.DefaultTransitionHandler@992d497
12-02 16:11:20.639 26976 26976 I es.llminference: Using CollectorTypeCC GC.
12-02 16:11:20.642  2148  2310 I adbd    : jdwp connection from 26976
12-02 16:11:20.642  1571  1571 E BpTransactionCompletedListener: Failed to transact (-32)
12-02 16:11:20.647  2478  3918 D CompatibilityInfo: mCompatibilityFlags - 0
12-02 16:11:20.647  2478  3918 D CompatibilityInfo: applicationDensity - 480
12-02 16:11:20.647  2478  3918 D CompatibilityInfo: applicationScale - 1.0
12-02 16:11:20.651 26976 26976 V studio.deploy: Startup agent attached to VM
12-02 16:11:20.651 26976 26976 V studio.deploy: No existing instrumentation found. Loading instrumentation from instruments-9e8e61ea.jar
12-02 16:11:20.654 26976 26976 W es.llminference: DexFile /data/data/com.google.mediapipe.examples.llminference/code_cache/.studio/instruments-9e8e61ea.jar is in boot class path but is not in a known location
12-02 16:11:20.655 26976 26976 V studio.deploy: Applying transforms with cached classes
12-02 16:11:20.658 26976 26976 W es.llminference: Redefining intrinsic method java.lang.Thread java.lang.Thread.currentThread(). This may cause the unexpected use of the original definition of java.lang.Thread java.lang.Thread.currentThread()in methods that have already been compiled.
12-02 16:11:20.658 26976 26976 W es.llminference: Redefining intrinsic method boolean java.lang.Thread.interrupted(). This may cause the unexpected use of the original definition of boolean java.lang.Thread.interrupted()in methods that have already been compiled.
12-02 16:11:20.658 26976 26976 I studio.deploy: Registering DispatchJNI
12-02 16:11:20.658 26976 26976 I studio.deploy: Found com/android/tools/deploy/interpreter/JNI
12-02 16:11:20.659 26976 26976 D CompatibilityChangeReporter: Compat change id reported: 171979766; UID 10188; state: ENABLED
12-02 16:11:20.659 26976 26976 D CompatibilityChangeReporter: Compat change id reported: 242716250; UID 10188; state: ENABLED
12-02 16:11:20.662  2478  3004 D CompatibilityChangeReporter: Compat change id reported: 170503758; UID 10188; state: ENABLED
12-02 16:11:20.663  1571  1571 I BpBinder: onLastStrongRef automatically unlinking death recipients: 
12-02 16:11:20.666 26976 26976 W ziparchive: Unable to open '/data/data/com.google.mediapipe.examples.llminference/code_cache/.overlay/base.apk/classes3.dm': No such file or directory
12-02 16:11:20.667 26976 26976 W ziparchive: Unable to open '/data/app/~~hJB0ttjr7RgQB9uJCHprMg==/com.google.mediapipe.examples.llminference-eZJPFqW6xtycu3ueVzb5Qg==/base.dm': No such file or directory
12-02 16:11:20.667 26976 26976 W ziparchive: Unable to open '/data/app/~~hJB0ttjr7RgQB9uJCHprMg==/com.google.mediapipe.examples.llminference-eZJPFqW6xtycu3ueVzb5Qg==/base.dm': No such file or directory
12-02 16:11:20.811 26976 26976 D nativeloader: Configuring clns-4 for other apk /data/app/~~hJB0ttjr7RgQB9uJCHprMg==/com.google.mediapipe.examples.llminference-eZJPFqW6xtycu3ueVzb5Qg==/base.apk. target_sdk_version=34, uses_libraries=libOpenCL.so, library_path=/data/app/~~hJB0ttjr7RgQB9uJCHprMg==/com.google.mediapipe.examples.llminference-eZJPFqW6xtycu3ueVzb5Qg==/lib/arm64:/data/app/~~hJB0ttjr7RgQB9uJCHprMg==/com.google.mediapipe.examples.llminference-eZJPFqW6xtycu3ueVzb5Qg==/base.apk!/lib/arm64-v8a, permitted_path=/data:/mnt/expand:/data/user/0/com.google.mediapipe.examples.llminference
12-02 16:11:20.812  2478  3918 I AppsFilter: interaction: PackageSetting{da1a62f com.google.mediapipe.examples.llminference/10188} -> PackageSetting{330d149 com.android.cts.priv.ctsshim/10170} BLOCKED
12-02 16:11:20.812  2478  3918 I AppsFilter: interaction: PackageSetting{da1a62f com.google.mediapipe.examples.llminference/10188} -> PackageSetting{3038a4e com.android.uwb.resources/10173} BLOCKED
12-02 16:11:20.812  2478  3918 I AppsFilter: interaction: PackageSetting{da1a62f com.google.mediapipe.examples.llminference/10188} -> PackageSetting{9345376 com.android.internal.display.cutout.emulation.corner/10020} BLOCKED
12-02 16:11:20.812  2478  3918 I AppsFilter: interaction: PackageSetting{da1a62f com.google.mediapipe.examples.llminference/10188} -> PackageSetting{ff9ad77 com.android.internal.display.cutout.emulation.double/10003} BLOCKED
12-02 16:11:20.812  2478  3918 I AppsFilter: interaction: PackageSetting{da1a62f com.google.mediapipe.examples.llminference/10188} -> PackageSetting{2f9d76f com.android.healthconnect.controller/10156} BLOCKED
12-02 16:11:20.812  2478  3918 I AppsFilter: interaction: PackageSetting{da1a62f com.google.mediapipe.examples.llminference/10188} -> PackageSetting{2debc7c com.android.health.connect.backuprestore/10157} BLOCKED
12-02 16:11:20.812  2478  3918 I AppsFilter: interaction: PackageSetting{da1a62f com.google.mediapipe.examples.llminference/10188} -> PackageSetting{10a3102 com.android.internal.systemui.navbar.gestural_wide_back/10009} BLOCKED
12-02 16:11:20.812  2478  3918 I AppsFilter: interaction: PackageSetting{da1a62f com.google.mediapipe.examples.llminference/10188} -> PackageSetting{a2c3905 com.android.virtualmachine.res/10159} BLOCKED
12-02 16:11:20.812  2478  3918 I AppsFilter: interaction: PackageSetting{da1a62f com.google.mediapipe.examples.llminference/10188} -> PackageSetting{d11fd5a org.codeaurora.dialer/10134} BLOCKED
12-02 16:11:20.812  2478  3918 I AppsFilter: interaction: PackageSetting{da1a62f com.google.mediapipe.examples.llminference/10188} -> PackageSetting{9767b8b com.android.protips/10050} BLOCKED
12-02 16:11:20.812  2478  3918 I AppsFilter: interaction: PackageSetting{da1a62f com.google.mediapipe.examples.llminference/10188} -> PackageSetting{9992468 com.android.htmlviewer/10057} BLOCKED
12-02 16:11:20.812  2478  3918 I AppsFilter: interaction: PackageSetting{da1a62f com.google.mediapipe.examples.llminference/10188} -> PackageSetting{fbc6081 com.android.quicksearchbox/10092} BLOCKED
12-02 16:11:20.812  2478  3918 I AppsFilter: interaction: PackageSetting{da1a62f com.google.mediapipe.examples.llminference/10188} -> PackageSetting{d629526 com.android.federatedcompute.services/10176} BLOCKED
12-02 16:11:20.812  2478  3918 I AppsFilter: interaction: PackageSetting{da1a62f com.google.mediapipe.examples.llminference/10188} -> PackageSetting{dcf4567 com.quicinc.voice.activation/10115} BLOCKED
12-02 16:11:20.812  2478  3918 I AppsFilter: interaction: PackageSetting{da1a62f com.google.mediapipe.examples.llminference/10188} -> PackageSetting{cd8de5a com.qualcomm.qti.optinoverlay/10025} BLOCKED
12-02 16:11:20.812  2478  3918 I AppsFilter: interaction: PackageSetting{da1a62f com.google.mediapipe.examples.llminference/10188} -> PackageSetting{d101f14 com.android.soundrecorder/10083} BLOCKED
12-02 16:11:20.812  2478  3918 I AppsFilter: interaction: PackageSetting{da1a62f com.google.mediapipe.examples.llminference/10188} -> PackageSetting{6cd83bd com.android.safetycenter.resources/10162} BLOCKED
12-02 16:11:20.812  2478  3918 I AppsFilter: interaction: PackageSetting{da1a62f com.google.mediapipe.examples.llminference/10188} -> PackageSetting{4d2ddb2 com.android.simappdialog/10055} BLOCKED
12-02 16:11:20.812  2478  3918 I AppsFilter: interaction: PackageSetting{da1a62f com.google.mediapipe.examples.llminference/10188} -> PackageSetting{700d103 com.android.connectivity.resources/10164} BLOCKED
12-02 16:11:20.812  2478  3918 I AppsFilter: interaction: PackageSetting{da1a62f com.google.mediapipe.examples.llminference/10188} -> PackageSetting{7ae267 com.android.internal.display.cutout.emulation.hole/10014} BLOCKED
12-02 16:11:20.812  2478  3918 I AppsFilter: interaction: PackageSetting{da1a62f com.google.mediapipe.examples.llminference/10188} -> PackageSetting{7f7f814 com.android.internal.display.cutout.emulation.tall/10016} BLOCKED
12-02 16:11:20.812  2478  3918 I AppsFilter: interaction: PackageSetting{da1a62f com.google.mediapipe.examples.llminference/10188} -> PackageSetting{65a1880 com.android.modulemetadata/10101} BLOCKED
12-02 16:11:20.812  2478  3918 I AppsFilter: interaction: PackageSetting{da1a62f com.google.mediapipe.examples.llminference/10188} -> PackageSetting{874deb2 com.android.internal.systemui.navbar.threebutton/10002} BLOCKED
12-02 16:11:20.812  2478  3918 I AppsFilter: interaction: PackageSetting{da1a62f com.google.mediapipe.examples.llminference/10188} -> PackageSetting{ad39eb9 com.android.wifi.dialog/10168} BLOCKED
12-02 16:11:20.812  2478  3918 I AppsFilter: interaction: PackageSetting{da1a62f com.google.mediapipe.examples.llminference/10188} -> PackageSetting{28d22fe com.android.contacts/10085} BLOCKED
12-02 16:11:20.812  2478  3918 I AppsFilter: interaction: PackageSetting{da1a62f com.google.mediapipe.examples.llminference/10188} -> PackageSetting{5357a5f com.android.camera2/10098} BLOCKED
12-02 16:11:20.812  2478  3918 I AppsFilter: interaction: PackageSetting{da1a62f com.google.mediapipe.examples.llminference/10188} -> PackageSetting{7883cac com.android.mms/10133} BLOCKED
12-02 16:11:20.812  2478  3918 I AppsFilter: interaction: PackageSetting{da1a62f com.google.mediapipe.examples.llminference/10188} -> PackageSetting{866d75 com.android.launcher3/10124} BLOCKED
12-02 16:11:20.812  2478  3918 I AppsFilter: interaction: PackageSetting{da1a62f com.google.mediapipe.examples.llminference/10188} -> PackageSetting{c14710a com.android.compos.payload/10160} BLOCKED
12-02 16:11:20.812  2478  3918 I AppsFilter: interaction: PackageSetting{da1a62f com.google.mediapipe.examples.llminference/10188} -> PackageSetting{6e15d7b com.android.settings.intelligence/10081} BLOCKED
