--------- beginning of main
12-02 16:11:06.966 26889 26889 W qsap_sensors: libminijail[26889]: failed to get path of fd 3: No such file or directory
12-02 16:11:06.966 26889 26889 W qsap_sensors: libminijail[26889]: allowing syscall: connect
12-02 16:11:06.966 26889 26889 W qsap_sensors: libminijail[26889]: allowing syscall: fcntl
12-02 16:11:06.966 26889 26889 W qsap_sensors: libminijail[26889]: allowing syscall: sendto
12-02 16:11:06.966 26889 26889 W qsap_sensors: libminijail[26889]: allowing syscall: socket
12-02 16:11:06.966 26889 26889 W qsap_sensors: libminijail[26889]: allowing syscall: writev
12-02 16:11:06.966 26889 26889 W qsap_sensors: libminijail[26889]: logging seccomp filter failures
12-02 16:11:06.967 26889 26889 I sensors_qesdk: main:22, starting sensors_qesdk daemon
12-02 16:11:06.967 26889 26889 I sensors_qesdk: sensors_qesdk:80, construct sensors_qesdk
12-02 16:11:06.967 26889 26889 I sensors_qesdk: configure_log:215, log_level: 2
12-02 16:11:06.967 26889 26889 W libc    : Access denied finding property "ro.vendor.qc_aon_presence"
12-02 16:11:06.961 26889 26889 W qsap_sensors: type=1400 audit(0.0:19035): avc:  denied  { read } for  name="u:object_r:vendor_qc_aon_prop:s0" dev="tmpfs" ino=443 scontext=u:r:vendor_sensors_qesdk:s0 tcontext=u:object_r:vendor_qc_aon_prop:s0 tclass=file permissive=0
12-02 16:11:06.968  1337  1417 I minksocket: MinkIPC MESSAGE: ( 1337:1417 ) MinkIPC_QRTR_Service:351 minkipc = 0xb4000076c8029950 sock = 18, client with node 1 port 6275 went down
12-02 16:11:06.968  1337  1424 I minksocket: MinkIPC MESSAGE: ( 1337:1424 ) MinkIPC_QRTR_Service:351 minkipc = 0xb4000076c8029ab0 sock = 12, client with node 1 port 6275 went down
12-02 16:11:07.307 26850 26850 W ServiceManagerCppClient: Waited one second for android.hardware.secure_element.ISecureElement/eSE1 (is service started? Number of threads started in the threadpool: 15. Are binder threads started and available?)
--------- beginning of kernel
12-02 16:11:07.314   745   745 I servicemanager: Since 'android.hardware.secure_element.ISecureElement/eSE1' could not be found, trying to start it as a lazy AIDL service. (if it's not configured to be a lazy service, it may be stuck starting or still starting).
12-02 16:11:07.309   745 26892 W libc    : Unable to set property "ctl.interface_start" to "aidl/android.hardware.secure_element.ISecureElement/eSE1": error code: 0x20
12-02 16:11:07.316     1     1 E init    : Control message: Could not find 'aidl/android.hardware.secure_element.ISecureElement/eSE1' for ctl.interface_start from pid: 745 (/system/bin/servicemanager)
12-02 16:11:07.316 26892 26892 I servicemanager: Tried to start aidl service android.hardware.secure_element.ISecureElement/eSE1 as a lazy service, but was unable to. Usually this happens when a service is not installed, but if the service is intended to be used as a lazy service, then it may be configured incorrectly.
12-02 16:11:07.506     1     1 I init    : starting service 'vendor.secure_element'...
12-02 16:11:07.511     1     1 I init    : ... started service 'vendor.secure_element' has pid 26893
12-02 16:11:07.512 26893 26893 D GPTEE   : [TEE_client_api.cpp:58 initTEEC] initTEEC
12-02 16:11:07.512 26893 26893 W libc    : Access denied finding property "init.svc.qteeconnector-hal-1-0"
12-02 16:11:07.513 26893 26893 E android.hardware.secure_element-service.qti: eseGetVendorId: Unknown eSE HW
12-02 16:11:07.513 26893 26893 E GPQeSE-HAL: Unknown ese vendor
12-02 16:11:07.513 26893 26893 E GPQeSE-HAL: Failed on initalize eSE TA
12-02 16:11:07.519 26894 26894 I flags_health_check: ServerConfigurableFlagsReset reset_mode value: 1
12-02 16:11:07.519 26894 26894 I flags_health_check: ServerConfigurableFlagsReset updatable crashing detected, resetting flags.
12-02 16:11:07.530  4519  4529 I mmid    : select timeout: wait for receiving msg
12-02 16:11:08.308 26850 26850 W ServiceManagerCppClient: Waited one second for android.hardware.secure_element.ISecureElement/eSE1 (is service started? Number of threads started in the threadpool: 15. Are binder threads started and available?)
12-02 16:11:08.315   745   745 I servicemanager: Since 'android.hardware.secure_element.ISecureElement/eSE1' could not be found, trying to start it as a lazy AIDL service. (if it's not configured to be a lazy service, it may be stuck starting or still starting).
12-02 16:11:08.310   745 26895 W libc    : Unable to set property "ctl.interface_start" to "aidl/android.hardware.secure_element.ISecureElement/eSE1": error code: 0x20
12-02 16:11:08.316 26895 26895 I servicemanager: Tried to start aidl service android.hardware.secure_element.ISecureElement/eSE1 as a lazy service, but was unable to. Usually this happens when a service is not installed, but if the service is intended to be used as a lazy service, then it may be configured incorrectly.
12-02 16:11:08.969 26889 26889 E sensors-qesdk: qmi_wait_for_service:160, timeout while waiting for sensors QMI service: will try 3 more time(s)
12-02 16:11:09.309 26850 26850 W ServiceManagerCppClient: Waited one second for android.hardware.secure_element.ISecureElement/eSE1 (is service started? Number of threads started in the threadpool: 15. Are binder threads started and available?)
12-02 16:11:09.316   745   745 I servicemanager: Since 'android.hardware.secure_element.ISecureElement/eSE1' could not be found, trying to start it as a lazy AIDL service. (if it's not configured to be a lazy service, it may be stuck starting or still starting).
12-02 16:11:09.311   745 26896 W libc    : Unable to set property "ctl.interface_start" to "aidl/android.hardware.secure_element.ISecureElement/eSE1": error code: 0x20
12-02 16:11:09.317 26896 26896 I servicemanager: Tried to start aidl service android.hardware.secure_element.ISecureElement/eSE1 as a lazy service, but was unable to. Usually this happens when a service is not installed, but if the service is intended to be used as a lazy service, then it may be configured incorrectly.
12-02 16:11:10.310 26850 26850 W ServiceManagerCppClient: Waited one second for android.hardware.secure_element.ISecureElement/eSE1 (is service started? Number of threads started in the threadpool: 15. Are binder threads started and available?)
12-02 16:11:10.312   745 26897 W libc    : Unable to set property "ctl.interface_start" to "aidl/android.hardware.secure_element.ISecureElement/eSE1": error code: 0x20
12-02 16:11:10.317   745   745 I servicemanager: Since 'android.hardware.secure_element.ISecureElement/eSE1' could not be found, trying to start it as a lazy AIDL service. (if it's not configured to be a lazy service, it may be stuck starting or still starting).
12-02 16:11:10.318     1     1 E init    : Control message: Could not find 'aidl/android.hardware.secure_element.ISecureElement/eSE1' for ctl.interface_start from pid: 745 (/system/bin/servicemanager)
12-02 16:11:10.318 26897 26897 I servicemanager: Tried to start aidl service android.hardware.secure_element.ISecureElement/eSE1 as a lazy service, but was unable to. Usually this happens when a service is not installed, but if the service is intended to be used as a lazy service, then it may be configured incorrectly.
12-02 16:11:10.535  4519  4529 I mmid    : select timeout: wait for receiving msg
12-02 16:11:10.969 26889 26889 E sensors-qesdk: qmi_wait_for_service:160, timeout while waiting for sensors QMI service: will try 2 more time(s)
12-02 16:11:11.311 26850 26850 W ServiceManagerCppClient: Waited one second for android.hardware.secure_element.ISecureElement/eSE1 (is service started? Number of threads started in the threadpool: 15. Are binder threads started and available?)
12-02 16:11:11.319   745   745 I servicemanager: Since 'android.hardware.secure_element.ISecureElement/eSE1' could not be found, trying to start it as a lazy AIDL service. (if it's not configured to be a lazy service, it may be stuck starting or still starting).
12-02 16:11:11.313   745 26898 W libc    : Unable to set property "ctl.interface_start" to "aidl/android.hardware.secure_element.ISecureElement/eSE1": error code: 0x20
12-02 16:11:11.320     1     1 E init    : Control message: Could not find 'aidl/android.hardware.secure_element.ISecureElement/eSE1' for ctl.interface_start from pid: 745 (/system/bin/servicemanager)
12-02 16:11:11.320 26898 26898 I servicemanager: Tried to start aidl service android.hardware.secure_element.ISecureElement/eSE1 as a lazy service, but was unable to. Usually this happens when a service is not installed, but if the service is intended to be used as a lazy service, then it may be configured incorrectly.
12-02 16:11:12.313 26850 26850 W ServiceManagerCppClient: Waited one second for android.hardware.secure_element.ISecureElement/eSE1 (is service started? Number of threads started in the threadpool: 15. Are binder threads started and available?)
12-02 16:11:12.320   745   745 I servicemanager: Since 'android.hardware.secure_element.ISecureElement/eSE1' could not be found, trying to start it as a lazy AIDL service. (if it's not configured to be a lazy service, it may be stuck starting or still starting).
12-02 16:11:12.321     1     1 E init    : Control message: Could not find 'aidl/android.hardware.secure_element.ISecureElement/eSE1' for ctl.interface_start from pid: 745 (/system/bin/servicemanager)
12-02 16:11:12.314   745 26899 W libc    : Unable to set property "ctl.interface_start" to "aidl/android.hardware.secure_element.ISecureElement/eSE1": error code: 0x20
12-02 16:11:12.321 26899 26899 I servicemanager: Tried to start aidl service android.hardware.secure_element.ISecureElement/eSE1 as a lazy service, but was unable to. Usually this happens when a service is not installed, but if the service is intended to be used as a lazy service, then it may be configured incorrectly.
12-02 16:11:12.511     1     1 I init    : starting service 'vendor.secure_element'...
12-02 16:11:12.518     1     1 I init    : ... started service 'vendor.secure_element' has pid 26900
12-02 16:11:12.518 26900 26900 D GPTEE   : [TEE_client_api.cpp:58 initTEEC] initTEEC
12-02 16:11:12.518 26900 26900 W libc    : Access denied finding property "init.svc.qteeconnector-hal-1-0"
12-02 16:11:12.519 26900 26900 E android.hardware.secure_element-service.qti: eseGetVendorId: Unknown eSE HW
12-02 16:11:12.519 26900 26900 E GPQeSE-HAL: Unknown ese vendor
12-02 16:11:12.519 26900 26900 E GPQeSE-HAL: Failed on initalize eSE TA
12-02 16:11:12.513 26900 26900 W android.hardwar: type=1400 audit(0.0:19037): avc:  denied  { read } for  name="u:object_r:init_service_status_private_prop:s0" dev="tmpfs" ino=240 scontext=u:r:hal_secure_element_default:s0 tcontext=u:object_r:init_service_status_private_prop:s0 tclass=file permissive=0
12-02 16:11:12.526     1     1 I init    : Service 'vendor.secure_element' (pid 26900) exited with status 1
12-02 16:11:12.526     1     1 I init    : Sending signal 9 to service 'vendor.secure_element' (pid 26900) process group...
12-02 16:11:12.526     1     1 I libprocessgroup: Successfully killed process cgroup uid 1000 pid 26900 in 0ms
12-02 16:11:12.526     1     1 E init    : process with updatable components 'vendor.secure_element' exited 4 times in 4 minutes
12-02 16:11:12.527     1     1 I init    : processing action (sys.init.updatable_crashing=1) from (/system/etc/init/flags_health_check.rc:10)
12-02 16:11:12.528 26901 26901 I flags_health_check: ServerConfigurableFlagsReset reset_mode value: 1
12-02 16:11:12.528 26901 26901 I flags_health_check: ServerConfigurableFlagsReset updatable crashing detected, resetting flags.
12-02 16:11:12.971 26889 26889 E sensors-qesdk: qmi_wait_for_service:160, timeout while waiting for sensors QMI service: will try 1 more time(s)
12-02 16:11:13.314 26850 26850 W ServiceManagerCppClient: Waited one second for android.hardware.secure_element.ISecureElement/eSE1 (is service started? Number of threads started in the threadpool: 15. Are binder threads started and available?)
12-02 16:11:13.322   745   745 I servicemanager: Since 'android.hardware.secure_element.ISecureElement/eSE1' could not be found, trying to start it as a lazy AIDL service. (if it's not configured to be a lazy service, it may be stuck starting or still starting).
12-02 16:11:13.316   745 26902 W libc    : Unable to set property "ctl.interface_start" to "aidl/android.hardware.secure_element.ISecureElement/eSE1": error code: 0x20
12-02 16:11:13.323 26902 26902 I servicemanager: Tried to start aidl service android.hardware.secure_element.ISecureElement/eSE1 as a lazy service, but was unable to. Usually this happens when a service is not installed, but if the service is intended to be used as a lazy service, then it may be configured incorrectly.
12-02 16:11:13.539  4519  4529 I mmid    : select timeout: wait for receiving msg
12-02 16:11:14.317 26850 26850 W ServiceManagerCppClient: Waited one second for android.hardware.secure_element.ISecureElement/eSE1 (is service started? Number of threads started in the threadpool: 15. Are binder threads started and available?)
12-02 16:11:14.318   745 26903 W libc    : Unable to set property "ctl.interface_start" to "aidl/android.hardware.secure_element.ISecureElement/eSE1": error code: 0x20
12-02 16:11:14.324   745   745 I servicemanager: Since 'android.hardware.secure_element.ISecureElement/eSE1' could not be found, trying to start it as a lazy AIDL service. (if it's not configured to be a lazy service, it may be stuck starting or still starting).
12-02 16:11:14.325 26903 26903 I servicemanager: Tried to start aidl service android.hardware.secure_element.ISecureElement/eSE1 as a lazy service, but was unable to. Usually this happens when a service is not installed, but if the service is intended to be used as a lazy service, then it may be configured incorrectly.
12-02 16:11:14.424   775   775 I logd    : logdr: UID=2000 GID=2000 PID=26904 b tail=0 logMask=99 pid=0 start=0ns deadline=0ns
12-02 16:11:14.974 26889 26889 E libc++abi: terminating with uncaught exception of type St13runtime_error: FATAL: could not find sensors QMI service
12-02 16:11:14.977  1337  1417 I minksocket: MinkIPC MESSAGE: ( 1337:1417 ) MinkIPC_QRTR_Service:351 minkipc = 0xb4000076c8029950 sock = 18, client with node 1 port 6274 went down
12-02 16:11:14.977  1337  1424 I minksocket: MinkIPC MESSAGE: ( 1337:1424 ) MinkIPC_QRTR_Service:351 minkipc = 0xb4000076c8029ab0 sock = 12, client with node 1 port 6274 went down
12-02 16:11:14.997 26907 26907 W qsap_sensors: libminijail[26907]: failed to get path of fd 3: No such file or directory
12-02 16:11:14.997 26907 26907 W qsap_sensors: libminijail[26907]: allowing syscall: connect
12-02 16:11:14.997 26907 26907 W qsap_sensors: libminijail[26907]: allowing syscall: fcntl
12-02 16:11:14.997 26907 26907 W qsap_sensors: libminijail[26907]: allowing syscall: sendto
12-02 16:11:14.997 26907 26907 W qsap_sensors: libminijail[26907]: allowing syscall: socket
12-02 16:11:14.997 26907 26907 W qsap_sensors: libminijail[26907]: allowing syscall: writev
12-02 16:11:14.997 26907 26907 W qsap_sensors: libminijail[26907]: logging seccomp filter failures
12-02 16:11:14.998 26907 26907 I sensors_qesdk: main:22, starting sensors_qesdk daemon
12-02 16:11:14.998 26907 26907 I sensors_qesdk: sensors_qesdk:80, construct sensors_qesdk
12-02 16:11:14.998 26907 26907 I sensors_qesdk: configure_log:215, log_level: 2
12-02 16:11:14.999 26907 26907 W libc    : Access denied finding property "ro.vendor.qc_aon_presence"
12-02 16:11:14.993 26907 26907 W qsap_sensors: type=1400 audit(0.0:19038): avc:  denied  { read } for  name="u:object_r:vendor_qc_aon_prop:s0" dev="tmpfs" ino=443 scontext=u:r:vendor_sensors_qesdk:s0 tcontext=u:object_r:vendor_qc_aon_prop:s0 tclass=file permissive=0
12-02 16:11:15.000  1337  1417 I minksocket: MinkIPC MESSAGE: ( 1337:1417 ) MinkIPC_QRTR_Service:351 minkipc = 0xb4000076c8029950 sock = 18, client with node 1 port 6277 went down
12-02 16:11:15.000  1337  1424 I minksocket: MinkIPC MESSAGE: ( 1337:1424 ) MinkIPC_QRTR_Service:351 minkipc = 0xb4000076c8029ab0 sock = 12, client with node 1 port 6277 went down
--------- beginning of system
12-02 16:11:15.287  2478  2544 W ActivityManager: Timeout executing service: ServiceRecord{9a79afb u0 com.android.se/.SecureElementService}
12-02 16:11:15.294  2478 26910 D ActivityManager: created ANR temporary file:/data/anr/temp_anr_3285043631560503543.txt
12-02 16:11:15.294  2478 26910 I ActivityManager: Collecting stacks for pid 26850 into temporary file temp_anr_3285043631560503543.txt
12-02 16:11:15.294  2478 26911 D ActivityManager: created ANR temporary file:/data/anr/temp_anr_1682633749157117737.txt
12-02 16:11:15.294  2478 26911 I ActivityManager: Collecting stacks for pid 26850 into temporary file temp_anr_1682633749157117737.txt
12-02 16:11:15.295  2478 26911 I system_server: libdebuggerd_client: started dumping process 26850
12-02 16:11:15.296  2478 26910 I system_server: libdebuggerd_client: started dumping process 26850
12-02 16:11:15.296  1094  1094 I tombstoned: registered intercept for pid 26850 and type kDebuggerdJavaBacktrace
12-02 16:11:15.296  1094  1094 W tombstoned: pid 26850 already intercepted, type 2
12-02 16:11:15.297  2478 26911 E system_server: libdebuggerd_client: unexpected registration response: 0
12-02 16:11:15.297 26850 26855 I com.android.se: Thread[6,tid=26855,WaitingInMainSignalCatcherLoop,Thread*=0xb40000716198f330,peer=0x12c404a0,"Signal Catcher"]: reacting to signal 3
12-02 16:11:15.297 26850 26855 I com.android.se: 
12-02 16:11:15.298  2478 26912 I ActivityManager: dumpStackTraces pids=null
12-02 16:11:15.299  2478 26912 I ActivityManager: Dumping to /data/anr/anr_2024-12-02-16-11-15-298
12-02 16:11:15.299  2478 26911 W ActivityManager: Dumping Java threads failed, initiating native stack dump.
12-02 16:11:15.299  2478 26911 I system_server: libdebuggerd_client: started dumping process 26850
12-02 16:11:15.299  1094  1094 W tombstoned: pid 26850 already intercepted, type 0
12-02 16:11:15.299  2478 26911 E system_server: libdebuggerd_client: unexpected registration response: 0
12-02 16:11:15.300  2478 26911 W ActivityManager: Native stack dump failed!
12-02 16:11:15.311  1094  1094 I tombstoned: received crash request for pid 26850
12-02 16:11:15.311  1094  1094 I tombstoned: found intercept fd 512 for pid 26850 and type kDebuggerdJavaBacktrace
12-02 16:11:15.311 26850 26855 I com.android.se: Wrote stack traces to tombstoned
12-02 16:11:15.311  1094  1094 W tombstoned: skipping tombstone file creation due to intercept
12-02 16:11:15.312  2478 26910 I system_server: libdebuggerd_client: done dumping process 26850
12-02 16:11:15.314  2478 26912 I ActivityManager: dumpStackTraces nativepids=null
12-02 16:11:15.314  2478 26912 I ActivityManager: dumpStackTraces extraPids=null
12-02 16:11:15.314  2478 26912 I ActivityManager: Done dumping
12-02 16:11:15.316  2478 26912 E ActivityManager: ANR in com.android.se
12-02 16:11:15.316  2478 26912 E ActivityManager: PID: 26850
12-02 16:11:15.316  2478 26912 E ActivityManager: Reason: executing service com.android.se/.SecureElementService
12-02 16:11:15.316  2478 26912 E ActivityManager: ErrorId: 973ec754-c3c2-4f8e-ad80-82237644be82
12-02 16:11:15.316  2478 26912 E ActivityManager: Frozen: false
12-02 16:11:15.316  2478 26912 E ActivityManager: Load: 0.0 / 0.0 / 0.0
12-02 16:11:15.316  2478 26912 E ActivityManager: ----- Output from /proc/pressure/memory -----
12-02 16:11:15.316  2478 26912 E ActivityManager: some avg10=0.00 avg60=0.00 avg300=0.00 total=610497
12-02 16:11:15.316  2478 26912 E ActivityManager: full avg10=0.00 avg60=0.00 avg300=0.00 total=493865
12-02 16:11:15.316  2478 26912 E ActivityManager: ----- End output from /proc/pressure/memory -----
12-02 16:11:15.316  2478 26912 E ActivityManager: ----- Output from /proc/pressure/cpu -----
12-02 16:11:15.316  2478 26912 E ActivityManager: some avg10=1.85 avg60=2.04 avg300=2.51 total=850404963
12-02 16:11:15.316  2478 26912 E ActivityManager: full avg10=0.00 avg60=0.00 avg300=0.00 total=0
12-02 16:11:15.316  2478 26912 E ActivityManager: ----- End output from /proc/pressure/cpu -----
12-02 16:11:15.316  2478 26912 E ActivityManager: ----- Output from /proc/pressure/io -----
12-02 16:11:15.316  2478 26912 E ActivityManager: some avg10=0.00 avg60=0.00 avg300=0.00 total=5431099
12-02 16:11:15.316  2478 26912 E ActivityManager: full avg10=0.00 avg60=0.00 avg300=0.00 total=3391182
12-02 16:11:15.316  2478 26912 E ActivityManager: ----- End output from /proc/pressure/io -----
12-02 16:11:15.316  2478 26912 E ActivityManager: 
12-02 16:11:15.316  2478 26912 E ActivityManager: CPU usage from 20075ms to -1ms ago (2024-12-02 16:10:55.219 to 2024-12-02 16:11:15.294):
12-02 16:11:15.316  2478 26912 E ActivityManager:   0.9% 19033/kworker/u16:2-memlat_wq: 0% user + 0.9% kernel / faults: 6 minor
12-02 16:11:15.316  2478 26912 E ActivityManager:   0.7% 2500/irq/299-goodix_ts: 0% user + 0.7% kernel
12-02 16:11:15.316  2478 26912 E ActivityManager:   0.7% 20684/kworker/u16:3-rq_stats: 0% user + 0.7% kernel / faults: 6 minor
12-02 16:11:15.316  2478 26912 E ActivityManager:   0.4% 2478/system_server: 0.1% user + 0.2% kernel / faults: 631 minor
12-02 16:11:15.316  2478 26912 E ActivityManager:   0.3% 64/rcuop/7: 0% user + 0.3% kernel
12-02 16:11:15.316  2478 26912 E ActivityManager:   0.3% 6813/process-tracker: 0% user + 0.3% kernel
12-02 16:11:15.316  2478 26912 E ActivityManager:   0.3% 17526/kworker/u16:1-memlat_wq: 0% user + 0.3% kernel / faults: 1 minor
12-02 16:11:15.316  2478 26912 E ActivityManager:   0.3% 1/init: 0% user + 0.3% kernel / faults: 744 minor
12-02 16:11:15.316  2478 26912 E ActivityManager:   0.2% 45/rcuog/4: 0% user + 0.2% kernel
12-02 16:11:15.316  2478 26912 E ActivityManager:   0.2% 736/logd: 0.1% user + 0.1% kernel / faults: 8 minor
12-02 16:11:15.316  2478 26912 E ActivityManager: 0.9% TOTAL: 0.1% user + 0.4% kernel + 0% iowait + 0.2% irq + 0% softirq
12-02 16:11:15.316  2478 26912 E ActivityManager: CPU usage from 31859905ms to 31859905ms ago (1970-01-01 00:00:00.000 to 1970-01-01 00:00:00.000) with 0% awake:
12-02 16:11:15.316  2478 26912 E ActivityManager: 0% TOTAL: 0% user + 0% kernel
12-02 16:11:15.317  2478 26912 I ActivityManager: Killing 26850:com.android.se/1068 (adj -800): bg anr
12-02 16:11:15.317  2478 26912 D ActivityManager: Completed ANR of com.android.se in 23ms, latency 2ms
12-02 16:11:15.317  2478  2550 I libprocessgroup: Successfully killed process cgroup uid 1068 pid 26850 in 0ms
12-02 16:11:15.324  2478 13803 I ActivityManager: Process com.android.se (pid 26850) has died: pers PER 
12-02 16:11:15.325  1284  1284 I Zygote  : Process 26850 exited due to signal 9 (Killed)
12-02 16:11:15.325  1507  1507 I vendor.qti.hardware.servicetrackeraidl-service: killProcess is called for pid : 26850
12-02 16:11:15.325  1507  1507 I vendor.qti.hardware.servicetrackeraidl-service: process with pid 26850 is service
12-02 16:11:15.325  2478 13803 W ActivityManager: Scheduling restart of crashed service com.android.se/.SecureElementService in 0ms for persistent
12-02 16:11:15.326  2478 13803 W ActivityManager: Re-adding persistent process ProcessRecord{8b68b80 26850:com.android.se/1068}
12-02 16:11:15.327  2478 13803 D CompatibilityChangeReporter: Compat change id reported: 135634846; UID 1068; state: DISABLED
12-02 16:11:15.327  2478  2535 D DisplayManagerService: Drop pending events for gone uid 1068
12-02 16:11:15.328  2478  2550 I libprocessgroup: Successfully killed process cgroup uid 1068 pid 26850 in 0ms
12-02 16:11:15.333  1284  1284 D Zygote  : Forked child process 26914
12-02 16:11:15.334  2478  2545 I ActivityManager: Start proc 26914:com.android.se/1068 for restart com.android.se
12-02 16:11:15.339 26914 26914 I com.android.se: Using CollectorTypeCC GC.
12-02 16:11:15.341 26914 26914 E com.android.se: Not starting debugger since process cannot load the jdwp agent.
12-02 16:11:15.344  2478 13803 D CompatibilityInfo: mCompatibilityFlags - 0
12-02 16:11:15.344  2478 13803 D CompatibilityInfo: applicationDensity - 480
12-02 16:11:15.345  2478 13803 D CompatibilityInfo: applicationScale - 1.0
12-02 16:11:15.346 26914 26914 D CompatibilityChangeReporter: Compat change id reported: 171979766; UID 1068; state: ENABLED
12-02 16:11:15.346 26914 26914 D CompatibilityChangeReporter: Compat change id reported: 242716250; UID 1068; state: ENABLED
12-02 16:11:15.347 26914 26914 D CompatibilityChangeReporter: Compat change id reported: 3400644; UID 1068; state: ENABLED
12-02 16:11:15.348 26914 26914 I com.android.se: Could not load runtime generated app image: Failed to open '/data/user/0/com.android.se/cache/oat_primary/arm64/SecureElement.art'
12-02 16:11:15.348 26914 26914 D nativeloader: Configuring clns-shared-4 for other apk /system/app/SecureElement/SecureElement.apk. target_sdk_version=34, uses_libraries=, library_path=/system/app/SecureElement/lib/arm64:/system/lib64:/system_ext/lib64, permitted_path=/data:/mnt/expand:/data/user/0/com.android.se:/system/app/SecureElement:/system/lib64:/system_ext/lib64
12-02 16:11:15.341 26914 26914 W com.android.se: type=1400 audit(0.0:19039): avc:  denied  { open } for  path="/data/user/0/com.android.se/cache/oat_primary/arm64/SecureElement.art" dev="dm-45" ino=14010 scontext=u:r:secure_element:s0:c44,c260,c512,c768 tcontext=u:object_r:system_data_file:s0:c44,c260,c512,c768 tclass=file permissive=0
12-02 16:11:15.349 26914 26914 I Perf    : Connecting to perf service.
12-02 16:11:15.350 26914 26914 V GraphicsEnvironment: Currently set values for:
12-02 16:11:15.350 26914 26914 V GraphicsEnvironment:   angle_gl_driver_selection_pkgs=[]
12-02 16:11:15.350 26914 26914 V GraphicsEnvironment:   angle_gl_driver_selection_values=[]
12-02 16:11:15.351 26914 26914 V GraphicsEnvironment: ANGLE GameManagerService for com.android.se: false
12-02 16:11:15.351 26914 26914 V GraphicsEnvironment: com.android.se is not listed in per-application setting
12-02 16:11:15.352 26914 26914 E ANDR-PERF-CLIENT-SYS: death recipent object is fine
12-02 16:11:15.352  2478 13803 I ActivityManager: Flag disabled. Ignoring finishAttachApplication from uid: 1068. pid: 26914
12-02 16:11:15.358   745   745 I servicemanager: Found vendor.qti.hardware.perf2.IPerf/default in device VINTF manifest.
12-02 16:11:15.352 26914 26914 I SecureElementService: main onCreate
12-02 16:11:15.353 26914 26914 I SecureElementService: Check if terminal eSE1 is available.
12-02 16:11:15.360   745   745 I servicemanager: Found android.hardware.secure_element.ISecureElement/eSE1 in device VINTF manifest.
12-02 16:11:15.354   745 26931 W libc    : Unable to set property "ctl.interface_start" to "aidl/android.hardware.secure_element.ISecureElement/eSE1": error code: 0x20
12-02 16:11:15.360     1     1 E init    : Control message: Could not find 'aidl/android.hardware.secure_element.ISecureElement/eSE1' for ctl.interface_start from pid: 745 (/system/bin/servicemanager)
12-02 16:11:16.355 26914 26914 W ServiceManagerCppClient: Waited one second for android.hardware.secure_element.ISecureElement/eSE1 (is service started? Number of threads started in the threadpool: 15. Are binder threads started and available?)
12-02 16:11:16.362   745   745 I servicemanager: Since 'android.hardware.secure_element.ISecureElement/eSE1' could not be found, trying to start it as a lazy AIDL service. (if it's not configured to be a lazy service, it may be stuck starting or still starting).
12-02 16:11:16.363     1     1 E init    : Control message: Could not find 'aidl/android.hardware.secure_element.ISecureElement/eSE1' for ctl.interface_start from pid: 745 (/system/bin/servicemanager)
12-02 16:11:16.357   745 26932 W libc    : Unable to set property "ctl.interface_start" to "aidl/android.hardware.secure_element.ISecureElement/eSE1": error code: 0x20
12-02 16:11:16.364 26932 26932 I servicemanager: Tried to start aidl service android.hardware.secure_element.ISecureElement/eSE1 as a lazy service, but was unable to. Usually this happens when a service is not installed, but if the service is intended to be used as a lazy service, then it may be configured incorrectly.
12-02 16:11:16.544  4519  4529 I mmid    : select timeout: wait for receiving msg
12-02 16:11:17.001 26907 26907 E sensors-qesdk: qmi_wait_for_service:160, timeout while waiting for sensors QMI service: will try 3 more time(s)
12-02 16:11:17.358 26914 26914 W ServiceManagerCppClient: Waited one second for android.hardware.secure_element.ISecureElement/eSE1 (is service started? Number of threads started in the threadpool: 15. Are binder threads started and available?)
12-02 16:11:17.365   745   745 I servicemanager: Since 'android.hardware.secure_element.ISecureElement/eSE1' could not be found, trying to start it as a lazy AIDL service. (if it's not configured to be a lazy service, it may be stuck starting or still starting).
12-02 16:11:17.361   745 26933 W libc    : Unable to set property "ctl.interface_start" to "aidl/android.hardware.secure_element.ISecureElement/eSE1": error code: 0x20
12-02 16:11:17.367     1     1 E init    : Control message: Could not find 'aidl/android.hardware.secure_element.ISecureElement/eSE1' for ctl.interface_start from pid: 745 (/system/bin/servicemanager)
12-02 16:11:17.367 26933 26933 I servicemanager: Tried to start aidl service android.hardware.secure_element.ISecureElement/eSE1 as a lazy service, but was unable to. Usually this happens when a service is not installed, but if the service is intended to be used as a lazy service, then it may be configured incorrectly.
12-02 16:11:17.516     1     1 I init    : starting service 'vendor.secure_element'...
12-02 16:11:17.523     1     1 I init    : ... started service 'vendor.secure_element' has pid 26934
12-02 16:11:17.526 26934 26934 D GPTEE   : [TEE_client_api.cpp:58 initTEEC] initTEEC
12-02 16:11:17.526 26934 26934 W libc    : Access denied finding property "init.svc.qteeconnector-hal-1-0"
12-02 16:11:17.526 26934 26934 E android.hardware.secure_element-service.qti: eseGetVendorId: Unknown eSE HW
12-02 16:11:17.526 26934 26934 E GPQeSE-HAL: Unknown ese vendor
12-02 16:11:17.526 26934 26934 E GPQeSE-HAL: Failed on initalize eSE TA
12-02 16:11:17.521 26934 26934 W android.hardwar: type=1400 audit(0.0:19040): avc:  denied  { read } for  name="u:object_r:init_service_status_private_prop:s0" dev="tmpfs" ino=240 scontext=u:r:hal_secure_element_default:s0 tcontext=u:object_r:init_service_status_private_prop:s0 tclass=file permissive=0
12-02 16:11:17.534     1     1 I init    : Service 'vendor.secure_element' (pid 26934) exited with status 1
12-02 16:11:17.534     1     1 I init    : Sending signal 9 to service 'vendor.secure_element' (pid 26934) process group...
12-02 16:11:17.534     1     1 I libprocessgroup: Successfully killed process cgroup uid 1000 pid 26934 in 0ms
12-02 16:11:17.534     1     1 E init    : process with updatable components 'vendor.secure_element' exited 4 times in 4 minutes
12-02 16:11:17.534     1     1 I init    : processing action (sys.init.updatable_crashing=1) from (/system/etc/init/flags_health_check.rc:10)
12-02 16:11:17.532 26935 26935 I flags_health_check: ServerConfigurableFlagsReset reset_mode value: 1
12-02 16:11:17.532 26935 26935 I flags_health_check: ServerConfigurableFlagsReset updatable crashing detected, resetting flags.
12-02 16:11:18.360 26914 26914 W ServiceManagerCppClient: Waited one second for android.hardware.secure_element.ISecureElement/eSE1 (is service started? Number of threads started in the threadpool: 15. Are binder threads started and available?)
12-02 16:11:18.362   745 26936 W libc    : Unable to set property "ctl.interface_start" to "aidl/android.hardware.secure_element.ISecureElement/eSE1": error code: 0x20
12-02 16:11:18.368   745   745 I servicemanager: Since 'android.hardware.secure_element.ISecureElement/eSE1' could not be found, trying to start it as a lazy AIDL service. (if it's not configured to be a lazy service, it may be stuck starting or still starting).
12-02 16:11:18.369 26936 26936 I servicemanager: Tried to start aidl service android.hardware.secure_element.ISecureElement/eSE1 as a lazy service, but was unable to. Usually this happens when a service is not installed, but if the service is intended to be used as a lazy service, then it may be configured incorrectly.
12-02 16:11:19.002 26907 26907 E sensors-qesdk: qmi_wait_for_service:160, timeout while waiting for sensors QMI service: will try 2 more time(s)
12-02 16:11:19.363 26914 26914 W ServiceManagerCppClient: Waited one second for android.hardware.secure_element.ISecureElement/eSE1 (is service started? Number of threads started in the threadpool: 15. Are binder threads started and available?)
12-02 16:11:19.371   745   745 I servicemanager: Since 'android.hardware.secure_element.ISecureElement/eSE1' could not be found, trying to start it as a lazy AIDL service. (if it's not configured to be a lazy service, it may be stuck starting or still starting).
12-02 16:11:19.365   745 26937 W libc    : Unable to set property "ctl.interface_start" to "aidl/android.hardware.secure_element.ISecureElement/eSE1": error code: 0x20
12-02 16:11:19.372 26937 26937 I servicemanager: Tried to start aidl service android.hardware.secure_element.ISecureElement/eSE1 as a lazy service, but was unable to. Usually this happens when a service is not installed, but if the service is intended to be used as a lazy service, then it may be configured incorrectly.
12-02 16:11:19.546  4519  4529 I mmid    : select timeout: wait for receiving msg
12-02 16:11:20.365 26914 26914 W ServiceManagerCppClient: Waited one second for android.hardware.secure_element.ISecureElement/eSE1 (is service started? Number of threads started in the threadpool: 15. Are binder threads started and available?)
12-02 16:11:20.367   745 26944 W libc    : Unable to set property "ctl.interface_start" to "aidl/android.hardware.secure_element.ISecureElement/eSE1": error code: 0x20
12-02 16:11:20.373   745   745 I servicemanager: Since 'android.hardware.secure_element.ISecureElement/eSE1' could not be found, trying to start it as a lazy AIDL service. (if it's not configured to be a lazy service, it may be stuck starting or still starting).
12-02 16:11:20.373     1     1 E init    : Control message: Could not find 'aidl/android.hardware.secure_element.ISecureElement/eSE1' for ctl.interface_start from pid: 745 (/system/bin/servicemanager)
12-02 16:11:20.373 26944 26944 I servicemanager: Tried to start aidl service android.hardware.secure_element.ISecureElement/eSE1 as a lazy service, but was unable to. Usually this happens when a service is not installed, but if the service is intended to be used as a lazy service, then it may be configured incorrectly.
12-02 16:11:20.372  2478  2492 I ActivityManager: Force stopping com.google.mediapipe.examples.llminference appid=10188 user=0: from pid 26943
12-02 16:11:20.373  2478  2492 I ActivityManager: Killing 26334:com.google.mediapipe.examples.llminference/u0a188 (adj 0): stop com.google.mediapipe.examples.llminference due to from pid 26943
12-02 16:11:20.374  2478  2535 D DisplayManagerService: Drop pending events for gone uid 10188
12-02 16:11:20.375  1507  1507 I vendor.qti.hardware.servicetrackeraidl-service: killProcess is called for pid : 26334
12-02 16:11:20.375  2478  2492 W ActivityTaskManager: Force removing ActivityRecord{cb4e5a7 u0 com.google.mediapipe.examples.llminference/.MainActivity t195 f}}: app died, no saved state
12-02 16:11:20.376  2849  2883 V WindowManagerShell: Transition requested: android.os.BinderProxy@7e65112 TransitionRequestInfo { type = CLOSE, triggerTask = TaskInfo{userId=0 taskId=195 displayId=0 isRunning=false baseIntent=Intent { act=android.intent.action.MAIN cat=[android.intent.category.LAUNCHER] flg=0x10000000 cmp=com.google.mediapipe.examples.llminference/.LoginActivity } baseActivity=null topActivity=null origActivity=null realActivity=ComponentInfo{com.google.mediapipe.examples.llminference/com.google.mediapipe.examples.llminference.LoginActivity} numActivities=0 lastActiveTime=31698007 supportsMultiWindow=true resizeMode=1 isResizeable=true minWidth=-1 minHeight=-1 defaultMinSize=220 token=WCT{android.window.IWindowContainerToken$Stub$Proxy@fb030e3} topActivityType=1 pictureInPictureParams=null shouldDockBigOverlays=false launchIntoPipHostTaskId=-1 lastParentTaskIdBeforePip=-1 displayCutoutSafeInsets=null topActivityInfo=null launchCookies=[] positionInParent=Point(0, 0) parentTaskId=-1 isFocused=true isVisible=true isVisibleRequested=true isSleeping=false topActivityInSizeCompat=false topActivityEligibleForLetterboxEducation= false topActivityLetterboxed= false isFromDoubleTap= false topActivityLetterboxVerticalPosition= -1 topActivityLetterboxHorizontalPosition= -1 topActivityLetterboxWidth=-1 topActivityLetterboxHeight=-1 locusId=null displayAreaFeatureId=1 cameraCompatControlState=hidden}, remoteTransition = null, displayChange = null }
12-02 16:11:20.377  1426  1470 I ANDR-PWR-OPT: PowerAppClassifier: getAppType() 59: checking app [com.android.launcher3] is type 0
12-02 16:11:20.379  2478  2492 I AppsFilter: interaction: PackageSetting{4293b0a com.qualcomm.qti.bert/10180} -> PackageSetting{efa54b2 com.google.mediapipe.examples.llminference/10188} BLOCKED
12-02 16:11:20.379  2478  2492 I AppsFilter: interaction: PackageSetting{69d5198 com.android.microdroid.empty_payload/10158} -> PackageSetting{efa54b2 com.google.mediapipe.examples.llminference/10188} BLOCKED
12-02 16:11:20.382 26949 26949 E Parcel  : Reading a NULL string not supported here.
12-02 16:11:20.383  3122  3122 D CarrierSvcBindHelper: onHandleForceStop: [com.google.mediapipe.examples.llminference]
12-02 16:11:20.384  3122  3122 D CarrierSvcBindHelper: No carrier app for: 0
12-02 16:11:20.385  3122  3122 D CarrierSvcBindHelper: No carrier app for: 1
12-02 16:11:20.381 26949 26949 W service : type=1400 audit(0.0:19041): avc:  denied  { call } for  scontext=u:r:shell:s0 tcontext=u:r:vendor_qfp-daemon:s0 tclass=binder permissive=0
12-02 16:11:20.386 26949 26949 E IPCThreadState: Binder transaction failure: 1842189/29201/-1
12-02 16:11:20.392 26949 26949 W binder_debug: 226 callbacks suppressed
12-02 16:11:20.392 26949 26949 I binder  : 26949:26949 transaction credentials failed
12-02 16:11:20.392 26949 26949 I binder  : 26949:26949 transaction call to 1458:0 failed 1842189/29201/-1, size 0-0 line 3269
12-02 16:11:20.393 26949 26949 I binder  : 26949:26949 transaction credentials failed
12-02 16:11:20.393 26949 26949 I binder  : 26949:26949 transaction call to 1347:0 failed 1842195/29201/-1, size 0-0 line 3269
12-02 16:11:20.381 26949 26949 W service : type=1400 audit(0.0:19042): avc:  denied  { call } for  scontext=u:r:shell:s0 tcontext=u:r:hal_audio_default:s0 tclass=binder permissive=0
12-02 16:11:20.386 26949 26949 E IPCThreadState: Binder transaction failure: 1842195/29201/-1
12-02 16:11:20.386 26949 26949 E IPCThreadState: Binder transaction failure: 1842205/29201/-1
12-02 16:11:20.393 26949 26949 I binder  : 26949:26949 transaction credentials failed
12-02 16:11:20.393 26949 26949 I binder  : 26949:26949 transaction call to 1016:0 failed 1842205/29201/-1, size 0-0 line 3269
12-02 16:11:20.381 26949 26949 W service : type=1400 audit(0.0:19043): avc:  denied  { call } for  scontext=u:r:shell:s0 tcontext=u:r:hal_bootctl_default:s0 tclass=binder permissive=0
12-02 16:11:20.387 26949 26949 E IPCThreadState: Binder transaction failure: 1842215/29201/-1
12-02 16:11:20.381 26949 26949 W service : type=1400 audit(0.0:19044): avc:  denied  { call } for  scontext=u:r:shell:s0 tcontext=u:r:hal_camera_default:s0 tclass=binder permissive=0
12-02 16:11:20.393 26949 26949 I binder  : 26949:26949 transaction credentials failed
12-02 16:11:20.393 26949 26949 I binder  : 26949:26949 transaction call to 1459:0 failed 1842215/29201/-1, size 0-0 line 3269
12-02 16:11:20.387  3246  3928 W qdgralloc: getInterlacedFlag: getMetaData returned 3, defaulting to interlaced_flag = 0
12-02 16:11:20.388 26949 26949 E IPCThreadState: Binder transaction failure: 1842251/29201/-1
12-02 16:11:20.385 26949 26949 W service : type=1400 audit(0.0:19045): avc:  denied  { call } for  scontext=u:r:shell:s0 tcontext=u:r:vendor_hal_gatekeeper_qti:s0 tclass=binder permissive=0
12-02 16:11:20.385 26949 26949 W service : type=1400 audit(0.0:19046): avc:  denied  { call } for  scontext=u:r:shell:s0 tcontext=u:r:vendor_hal_gnss_qti:s0 tclass=binder permissive=0
12-02 16:11:20.389 26949 26949 E IPCThreadState: Binder transaction failure: 1842258/29201/-1
12-02 16:11:20.395 26949 26949 I binder  : 26949:26949 transaction credentials failed
12-02 16:11:20.395 26949 26949 I binder  : 26949:26949 transaction call to 1764:0 failed 1842251/29201/-1, size 0-0 line 3269
12-02 16:11:20.389 26949 26949 E IPCThreadState: Binder transaction failure: 1842283/29201/-1
12-02 16:11:20.385 26949 26949 W service : type=1400 audit(0.0:19047): avc:  denied  { call } for  scontext=u:r:shell:s0 tcontext=u:r:hal_health_default:s0 tclass=binder permissive=0
12-02 16:11:20.390 26949 26949 E IPCThreadState: Binder transaction failure: 1842291/29201/-1
12-02 16:11:20.390 26949 26949 E IPCThreadState: Binder transaction failure: 1842295/29201/-1
12-02 16:11:20.390 26949 26949 E IPCThreadState: Binder transaction failure: 1842299/29201/-1
12-02 16:11:20.396 26949 26949 W audit   : audit_lost=6253 audit_rate_limit=5 audit_backlog_limit=64
12-02 16:11:20.396 26949 26949 E audit   : rate limit exceeded
12-02 16:11:20.390 26949 26949 E IPCThreadState: Binder transaction failure: 1842306/29201/-1
12-02 16:11:20.391 26949 26949 E IPCThreadState: Binder transaction failure: 1842327/29201/-1
12-02 16:11:20.391 26949 26949 E IPCThreadState: Binder transaction failure: 1842331/29201/-1
12-02 16:11:20.392 26949 26949 E IPCThreadState: Binder transaction failure: 1842335/29201/-1
12-02 16:11:20.392 26949 26949 E IPCThreadState: Binder transaction failure: 1842341/29201/-1
12-02 16:11:20.392 26949 26949 E IPCThreadState: Binder transaction failure: 1842345/29201/-1
12-02 16:11:20.392 26949 26949 E IPCThreadState: Binder transaction failure: 1842349/29201/-1
12-02 16:11:20.393 26949 26949 E IPCThreadState: Binder transaction failure: 1842354/29201/-1
12-02 16:11:20.393 26949 26949 E IPCThreadState: Binder transaction failure: 1842359/29201/-1
12-02 16:11:20.393 26949 26949 E IPCThreadState: Binder transaction failure: 1842363/29201/-1
12-02 16:11:20.393 26949 26949 E IPCThreadState: Binder transaction failure: 1842367/29201/-1
12-02 16:11:20.395 26949 26949 E IPCThreadState: Binder transaction failure: 1842408/29201/-1
12-02 16:11:20.395 26949 26949 E IPCThreadState: Binder transaction failure: 1842412/29201/-1
12-02 16:11:20.395 26949 26949 E Parcel  : Reading a NULL string not supported here.
12-02 16:11:20.395  2478  2534 V WindowManager: Sent Transition #221 createdAt=12-02 16:11:20.375 via request=TransitionRequestInfo { type = CLOSE, triggerTask = TaskInfo{userId=0 taskId=195 displayId=0 isRunning=false baseIntent=Intent { act=android.intent.action.MAIN cat=[android.intent.category.LAUNCHER] flg=0x10000000 cmp=com.google.mediapipe.examples.llminference/.LoginActivity } baseActivity=null topActivity=null origActivity=null realActivity=ComponentInfo{com.google.mediapipe.examples.llminference/com.google.mediapipe.examples.llminference.LoginActivity} numActivities=0 lastActiveTime=31698007 supportsMultiWindow=true resizeMode=1 isResizeable=true minWidth=-1 minHeight=-1 defaultMinSize=220 token=WCT{RemoteToken{d65bede Task{a241dcf #195 type=standard A=10188:com.google.mediapipe.examples.llminference}}} topActivityType=1 pictureInPictureParams=null shouldDockBigOverlays=false launchIntoPipHostTaskId=-1 lastParentTaskIdBeforePip=-1 displayCutoutSafeInsets=null topActivityInfo=null launchCookies=[] positionInParent=Point(0, 0) parentTaskId=-1 isFocused=true isVisible=true isVisibleRequested=true isSleeping=false topActivityInSizeCompat=false topActivityEligibleForLetterboxEducation= false topActivityLetterboxed= false isFromDoubleTap= false topActivityLetterboxVerticalPosition= -1 topActivityLetterboxHorizontalPosition= -1 topActivityLetterboxWidth=-1 topActivityLetterboxHeight=-1 locusId=null displayAreaFeatureId=1 cameraCompatControlState=hidden}, remoteTransition = null, displayChange = null }
12-02 16:11:20.396  2478  2534 V WindowManager:     startWCT=WindowContainerTransaction { changes = {} hops = [] errorCallbackToken=null taskFragmentOrganizer=null }
12-02 16:11:20.396  2478  2534 V WindowManager:     info={id=221 t=CLOSE f=0x0 trk=0 r=[0@Point(0, 0)] c=[{WCT{RemoteToken{d65bede Task{a241dcf #195 type=standard A=10188:com.google.mediapipe.examples.llminference}}} m=CLOSE f=NONE leash=Surface(name=Task=195)/@0xd2f9960 sb=Rect(0, 0 - 1080, 2400) eb=Rect(0, 0 - 1080, 2400) d=0},{WCT{RemoteToken{b87f5f7 Task{7dd3025 #1 type=home}}} m=TO_FRONT f=SHOW_WALLPAPER leash=Surface(name=Task=1)/@0x436aede sb=Rect(0, 0 - 1080, 2400) eb=Rect(0, 0 - 1080, 2400) d=0},{null m=TO_FRONT f=IS_WALLPAPER leash=Surface(name=WallpaperWindowToken{ae83e8c token=android.os.Binder@6aed7bf})/@0x7c8e92a sb=Rect(0, 0 - 1080, 2400) eb=Rect(0, 0 - 1080, 2400) d=0}]}
12-02 16:11:20.396  2849  2883 V WindowManagerShell: onTransitionReady android.os.BinderProxy@7e65112: {id=221 t=CLOSE f=0x0 trk=0 r=[0@Point(0, 0)] c=[{WCT{android.window.IWindowContainerToken$Stub$Proxy@12fce55} m=CLOSE f=NONE leash=Surface(name=Task=195)/@0x62eb199 sb=Rect(0, 0 - 1080, 2400) eb=Rect(0, 0 - 1080, 2400) d=0},{WCT{android.window.IWindowContainerToken$Stub$Proxy@cf6f06a} m=TO_FRONT f=SHOW_WALLPAPER leash=Surface(name=Task=1)/@0x1546c5e sb=Rect(0, 0 - 1080, 2400) eb=Rect(0, 0 - 1080, 2400) d=0},{null m=TO_FRONT f=IS_WALLPAPER leash=Surface(name=WallpaperWindowToken{ae83e8c token=android.os.Binder@6aed7bf})/@0x8aaf83f sb=Rect(0, 0 - 1080, 2400) eb=Rect(0, 0 - 1080, 2400) d=0}]}
12-02 16:11:20.397  2849  2883 V WindowManagerShell: Playing animation for (#221)android.os.BinderProxy@7e65112@0
12-02 16:11:20.397  2849  2883 V WindowManagerShell:  try handler com.android.wm.shell.transition.DefaultMixedHandler@3119d2e
12-02 16:11:20.397  2849  2883 V WindowManagerShell:  try handler com.android.wm.shell.keyguard.KeyguardTransitionHandler@be9709f
12-02 16:11:20.397  2849  2883 V WindowManagerShell:  try handler com.android.wm.shell.activityembedding.ActivityEmbeddingController@caf95ec
12-02 16:11:20.397  2849  2883 V WindowManagerShell:  try handler com.android.wm.shell.recents.RecentsTransitionHandler@6f8edb5
12-02 16:11:20.397  2849  2883 V ShellRecents: RecentsTransitionHandler.startAnimation: no controller found
12-02 16:11:20.397  2849  2883 V WindowManagerShell:  try handler com.android.wm.shell.pip.PipTransition@f688c4a
12-02 16:11:20.397  2849  2883 V WindowManagerShell:  try handler com.android.wm.shell.splitscreen.StageCoordinator@57e77bb
12-02 16:11:20.397  2849  2883 V WindowManagerShell:  try handler com.android.wm.shell.transition.RemoteTransitionHandler@4f624d8
12-02 16:11:20.397  2849  2883 V WindowManagerShell: Transition doesn't have explicit remote, search filters for match for {id=221 t=CLOSE f=0x0 trk=0 r=[0@Point(0, 0)] c=[{WCT{android.window.IWindowContainerToken$Stub$Proxy@12fce55} m=CLOSE f=NONE leash=Surface(name=Task=195)/@0x62eb199 sb=Rect(0, 0 - 1080, 2400) eb=Rect(0, 0 - 1080, 2400) d=0},{WCT{android.window.IWindowContainerToken$Stub$Proxy@cf6f06a} m=TO_FRONT f=SHOW_WALLPAPER leash=Surface(name=Task=1)/@0x1546c5e sb=Rect(0, 0 - 1080, 2400) eb=Rect(0, 0 - 1080, 2400) d=0},{null m=TO_FRONT f=IS_WALLPAPER leash=Surface(name=WallpaperWindowToken{ae83e8c token=android.os.Binder@6aed7bf})/@0x8aaf83f sb=Rect(0, 0 - 1080, 2400) eb=Rect(0, 0 - 1080, 2400) d=0}]}
12-02 16:11:20.397  2849  2883 V WindowManagerShell:  Checking filter Pair{{types=[] flags=0x0] notFlags=0x100 checks=[{atype=home independent=true modes=[OPEN,TO_FRONT] flags=NONE mustBeTask=false order=TOP topActivity=ComponentInfo{com.android.launcher3/com.android.launcher3.uioverrides.QuickstepLauncher}},{atype=standard independent=true modes=[CLOSE,TO_BACK] flags=NONE mustBeTask=false order=ANY topActivity=null}]} RemoteTransition { remoteTransition = android.window.IRemoteTransition$Stub$Proxy@317b031, appThread = android.app.IApplicationThread$Stub$Proxy@fab2316, debugName = QuickstepLaunchHome }}
12-02 16:11:20.397  2849  2883 V WindowManagerShell:  Delegate animation for #221 to null
12-02 16:11:20.397  2849  2883 V WindowManagerShell:  try handler com.android.wm.shell.transition.DefaultTransitionHandler@992d497
12-02 16:11:20.397  2849  2883 V WindowManagerShell: start default transition animation, info = {id=221 t=CLOSE f=0x0 trk=0 r=[0@Point(0, 0)] c=[{WCT{android.window.IWindowContainerToken$Stub$Proxy@12fce55} m=CLOSE f=NONE leash=Surface(name=Task=195)/@0x62eb199 sb=Rect(0, 0 - 1080, 2400) eb=Rect(0, 0 - 1080, 2400) d=0},{WCT{android.window.IWindowContainerToken$Stub$Proxy@cf6f06a} m=TO_FRONT f=SHOW_WALLPAPER leash=Surface(name=Task=1)/@0x1546c5e sb=Rect(0, 0 - 1080, 2400) eb=Rect(0, 0 - 1080, 2400) d=0},{null m=TO_FRONT f=IS_WALLPAPER leash=Surface(name=WallpaperWindowToken{ae83e8c token=android.os.Binder@6aed7bf})/@0x8aaf83f sb=Rect(0, 0 - 1080, 2400) eb=Rect(0, 0 - 1080, 2400) d=0}]}
12-02 16:11:20.397  2849  2883 V WindowManagerShell: loadAnimation: anim=android.view.animation.AnimationSet@8d875f8 animAttr=0x10 type=CLOSE isEntrance=true
12-02 16:11:20.397  2849  2883 V WindowManagerShell: loadAnimation: anim=android.view.animation.AnimationSet@8c9b037 animAttr=0x11 type=CLOSE isEntrance=false
12-02 16:11:20.398  2849  2883 V WindowManagerShell:  animated by com.android.wm.shell.transition.DefaultTransitionHandler@992d497
12-02 16:11:20.399 26949 26949 E Parcel  : Reading a NULL string not supported here.
12-02 16:11:20.400 26949 26949 E Parcel  : Reading a NULL string not supported here.
12-02 16:11:20.401 26949 26949 E Parcel  : Reading a NULL string not supported here.
