12-02 13:32:25.236     1     1 E init    : process with updatable components 'vendor.secure_element' exited 4 times in 4 minutes
12-02 13:32:25.237     1     1 I init    : processing action (sys.init.updatable_crashing=1) from (/system/etc/init/flags_health_check.rc:10)
12-02 13:32:25.237     1     1 I init    : starting service 'exec 6526 (/system/bin/flags_health_check UPDATABLE_CRASHING)'...
12-02 13:32:25.239     1     1 I init    : ... started service 'exec 6526 (/system/bin/flags_health_check UPDATABLE_CRASHING)' has pid 22361
12-02 13:32:25.239     1     1 I init    : SVC_EXEC service 'exec 6526 (/system/bin/flags_health_check UPDATABLE_CRASHING)' pid 22361 (uid 1000 gid 1000+0 context default) started; waiting...
12-02 13:32:25.243     1     1 I init    : Service 'exec 6526 (/system/bin/flags_health_check UPDATABLE_CRASHING)' (pid 22361) exited with status 0 waiting took 0.005000 seconds
12-02 13:32:25.243     1     1 I init    : Sending signal 9 to service 'exec 6526 (/system/bin/flags_health_check UPDATABLE_CRASHING)' (pid 22361) process group...
12-02 13:32:26.034   745   745 I servicemanager: Since 'android.hardware.secure_element.ISecureElement/eSE1' could not be found, trying to start it as a lazy AIDL service. (if it's not configured to be a lazy service, it may be stuck starting or still starting).
12-02 13:32:26.036 22362 22362 I servicemanager: Tried to start aidl service android.hardware.secure_element.ISecureElement/eSE1 as a lazy service, but was unable to. Usually this happens when a service is not installed, but if the service is intended to be used as a lazy service, then it may be configured incorrectly.
12-02 13:32:27.035   745   745 I servicemanager: Since 'android.hardware.secure_element.ISecureElement/eSE1' could not be found, trying to start it as a lazy AIDL service. (if it's not configured to be a lazy service, it may be stuck starting or still starting).
12-02 13:32:27.036 22363 22363 I servicemanager: Tried to start aidl service android.hardware.secure_element.ISecureElement/eSE1 as a lazy service, but was unable to. Usually this happens when a service is not installed, but if the service is intended to be used as a lazy service, then it may be configured incorrectly.
12-02 13:32:28.037   745   745 I servicemanager: Since 'android.hardware.secure_element.ISecureElement/eSE1' could not be found, trying to start it as a lazy AIDL service. (if it's not configured to be a lazy service, it may be stuck starting or still starting).
12-02 13:32:28.037 22364 22364 I servicemanager: Tried to start aidl service android.hardware.secure_element.ISecureElement/eSE1 as a lazy service, but was unable to. Usually this happens when a service is not installed, but if the service is intended to be used as a lazy service, then it may be configured incorrectly.
12-02 13:32:29.038   745   745 I servicemanager: Since 'android.hardware.secure_element.ISecureElement/eSE1' could not be found, trying to start it as a lazy AIDL service. (if it's not configured to be a lazy service, it may be stuck starting or still starting).
12-02 13:32:29.039 22365 22365 I servicemanager: Tried to start aidl service android.hardware.secure_element.ISecureElement/eSE1 as a lazy service, but was unable to. Usually this happens when a service is not installed, but if the service is intended to be used as a lazy service, then it may be configured incorrectly.
12-02 13:32:30.039   745   745 I servicemanager: Since 'android.hardware.secure_element.ISecureElement/eSE1' could not be found, trying to start it as a lazy AIDL service. (if it's not configured to be a lazy service, it may be stuck starting or still starting).
12-02 13:32:30.040 22368 22368 I servicemanager: Tried to start aidl service android.hardware.secure_element.ISecureElement/eSE1 as a lazy service, but was unable to. Usually this happens when a service is not installed, but if the service is intended to be used as a lazy service, then it may be configured incorrectly.
12-02 13:32:30.240     1     1 I init    : Service 'vendor.secure_element' (pid 22372) exited with status 1
12-02 13:32:30.240     1     1 I init    : Sending signal 9 to service 'vendor.secure_element' (pid 22372) process group...
12-02 13:32:30.240     1     1 I libprocessgroup: Successfully killed process cgroup uid 1000 pid 22372 in 0ms
12-02 13:32:30.240     1     1 E init    : process with updatable components 'vendor.secure_element' exited 4 times in 4 minutes
12-02 13:32:30.241     1     1 I init    : processing action (sys.init.updatable_crashing=1) from (/system/etc/init/flags_health_check.rc:10)
12-02 13:32:30.241     1     1 I init    : starting service 'exec 6528 (/system/bin/flags_health_check UPDATABLE_CRASHING)'...
12-02 13:32:30.243     1     1 I init    : ... started service 'exec 6528 (/system/bin/flags_health_check UPDATABLE_CRASHING)' has pid 22373
12-02 13:32:30.243     1     1 I init    : SVC_EXEC service 'exec 6528 (/system/bin/flags_health_check UPDATABLE_CRASHING)' pid 22373 (uid 1000 gid 1000+0 context default) started; waiting...
12-02 13:32:30.254     1     1 I init    : Service 'exec 6528 (/system/bin/flags_health_check UPDATABLE_CRASHING)' (pid 22373) exited with status 0 waiting took 0.011000 seconds
12-02 13:32:30.254     1     1 I init    : Sending signal 9 to service 'exec 6528 (/system/bin/flags_health_check UPDATABLE_CRASHING)' (pid 22373) process group...
12-02 13:32:30.253  2478  2544 D ActivityManager: sync unfroze 4092 com.google.android.gms for 3
12-02 13:32:30.290 20824 20824 I [kworke][0x63dbac2e7d][13:32:30.284094] kiwi_v2: [20824:I:PMO] pmo_core_psoc_send_host_wakeup_ind_to_fw: Host wakeup indication sent to fw
12-02 13:32:31.040   745   745 I servicemanager: Since 'android.hardware.secure_element.ISecureElement/eSE1' could not be found, trying to start it as a lazy AIDL service. (if it's not configured to be a lazy service, it may be stuck starting or still starting).
12-02 13:32:31.042 22386 22386 I servicemanager: Tried to start aidl service android.hardware.secure_element.ISecureElement/eSE1 as a lazy service, but was unable to. Usually this happens when a service is not installed, but if the service is intended to be used as a lazy service, then it may be configured incorrectly.
12-02 13:32:32.012 20824 20824 I [kworke][0x63dda492e7][13:32:32.005753] kiwi_v2: [20824:I:PMO] pmo_core_enable_wow_in_fw: drv wow is enabled
12-02 13:32:32.042   745   745 I servicemanager: Since 'android.hardware.secure_element.ISecureElement/eSE1' could not be found, trying to start it as a lazy AIDL service. (if it's not configured to be a lazy service, it may be stuck starting or still starting).
12-02 13:32:32.044 22388 22388 I servicemanager: Tried to start aidl service android.hardware.secure_element.ISecureElement/eSE1 as a lazy service, but was unable to. Usually this happens when a service is not installed, but if the service is intended to be used as a lazy service, then it may be configured incorrectly.
12-02 13:32:33.046   745   745 I servicemanager: Since 'android.hardware.secure_element.ISecureElement/eSE1' could not be found, trying to start it as a lazy AIDL service. (if it's not configured to be a lazy service, it may be stuck starting or still starting).
12-02 13:32:33.048 22389 22389 I servicemanager: Tried to start aidl service android.hardware.secure_element.ISecureElement/eSE1 as a lazy service, but was unable to. Usually this happens when a service is not installed, but if the service is intended to be used as a lazy service, then it may be configured incorrectly.
12-02 13:32:34.050   745   745 I servicemanager: Since 'android.hardware.secure_element.ISecureElement/eSE1' could not be found, trying to start it as a lazy AIDL service. (if it's not configured to be a lazy service, it may be stuck starting or still starting).
12-02 13:32:34.052 22390 22390 I servicemanager: Tried to start aidl service android.hardware.secure_element.ISecureElement/eSE1 as a lazy service, but was unable to. Usually this happens when a service is not installed, but if the service is intended to be used as a lazy service, then it may be configured incorrectly.
12-02 13:32:35.054   745   745 I servicemanager: Since 'android.hardware.secure_element.ISecureElement/eSE1' could not be found, trying to start it as a lazy AIDL service. (if it's not configured to be a lazy service, it may be stuck starting or still starting).
12-02 13:32:35.056 22392 22392 I servicemanager: Tried to start aidl service android.hardware.secure_element.ISecureElement/eSE1 as a lazy service, but was unable to. Usually this happens when a service is not installed, but if the service is intended to be used as a lazy service, then it may be configured incorrectly.
12-02 13:32:35.248     1     1 I init    : Service 'vendor.secure_element' (pid 22393) exited with status 1
12-02 13:32:35.248     1     1 I init    : Sending signal 9 to service 'vendor.secure_element' (pid 22393) process group...
12-02 13:32:35.248     1     1 I libprocessgroup: Successfully killed process cgroup uid 1000 pid 22393 in 0ms
12-02 13:32:35.248     1     1 E init    : process with updatable components 'vendor.secure_element' exited 4 times in 4 minutes
12-02 13:32:35.249     1     1 I init    : processing action (sys.init.updatable_crashing=1) from (/system/etc/init/flags_health_check.rc:10)
12-02 13:32:35.249     1     1 I init    : starting service 'exec 6529 (/system/bin/flags_health_check UPDATABLE_CRASHING)'...
12-02 13:32:35.251     1     1 I init    : ... started service 'exec 6529 (/system/bin/flags_health_check UPDATABLE_CRASHING)' has pid 22394
12-02 13:32:35.251     1     1 I init    : SVC_EXEC service 'exec 6529 (/system/bin/flags_health_check UPDATABLE_CRASHING)' pid 22394 (uid 1000 gid 1000+0 context default) started; waiting...
12-02 13:32:35.256     1     1 I init    : Service 'exec 6529 (/system/bin/flags_health_check UPDATABLE_CRASHING)' (pid 22394) exited with status 0 waiting took 0.005000 seconds
12-02 13:32:35.256     1     1 I init    : Sending signal 9 to service 'exec 6529 (/system/bin/flags_health_check UPDATABLE_CRASHING)' (pid 22394) process group...
12-02 13:32:36.057   745   745 I servicemanager: Since 'android.hardware.secure_element.ISecureElement/eSE1' could not be found, trying to start it as a lazy AIDL service. (if it's not configured to be a lazy service, it may be stuck starting or still starting).
12-02 13:32:36.059 22395 22395 I servicemanager: Tried to start aidl service android.hardware.secure_element.ISecureElement/eSE1 as a lazy service, but was unable to. Usually this happens when a service is not installed, but if the service is intended to be used as a lazy service, then it may be configured incorrectly.
12-02 13:32:37.066   745   745 I servicemanager: Since 'android.hardware.secure_element.ISecureElement/eSE1' could not be found, trying to start it as a lazy AIDL service. (if it's not configured to be a lazy service, it may be stuck starting or still starting).
12-02 13:32:37.067 22396 22396 I servicemanager: Tried to start aidl service android.hardware.secure_element.ISecureElement/eSE1 as a lazy service, but was unable to. Usually this happens when a service is not installed, but if the service is intended to be used as a lazy service, then it may be configured incorrectly.
12-02 13:32:38.066   745   745 I servicemanager: Since 'android.hardware.secure_element.ISecureElement/eSE1' could not be found, trying to start it as a lazy AIDL service. (if it's not configured to be a lazy service, it may be stuck starting or still starting).
12-02 13:32:38.069 22399 22399 I servicemanager: Tried to start aidl service android.hardware.secure_element.ISecureElement/eSE1 as a lazy service, but was unable to. Usually this happens when a service is not installed, but if the service is intended to be used as a lazy service, then it may be configured incorrectly.
12-02 13:32:39.069   745   745 I servicemanager: Since 'android.hardware.secure_element.ISecureElement/eSE1' could not be found, trying to start it as a lazy AIDL service. (if it's not configured to be a lazy service, it may be stuck starting or still starting).
12-02 13:32:39.071 22403 22403 I servicemanager: Tried to start aidl service android.hardware.secure_element.ISecureElement/eSE1 as a lazy service, but was unable to. Usually this happens when a service is not installed, but if the service is intended to be used as a lazy service, then it may be configured incorrectly.
12-02 13:32:40.073   745   745 I servicemanager: Since 'android.hardware.secure_element.ISecureElement/eSE1' could not be found, trying to start it as a lazy AIDL service. (if it's not configured to be a lazy service, it may be stuck starting or still starting).
12-02 13:32:40.074 22404 22404 I servicemanager: Tried to start aidl service android.hardware.secure_element.ISecureElement/eSE1 as a lazy service, but was unable to. Usually this happens when a service is not installed, but if the service is intended to be used as a lazy service, then it may be configured incorrectly.
12-02 13:32:40.256     1     1 I init    : Service 'vendor.secure_element' (pid 22405) exited with status 1
12-02 13:32:40.256     1     1 I init    : Sending signal 9 to service 'vendor.secure_element' (pid 22405) process group...
12-02 13:32:40.256     1     1 I libprocessgroup: Successfully killed process cgroup uid 1000 pid 22405 in 0ms
12-02 13:32:40.256     1     1 E init    : process with updatable components 'vendor.secure_element' exited 4 times in 4 minutes
12-02 13:32:40.257     1     1 I init    : processing action (sys.init.updatable_crashing=1) from (/system/etc/init/flags_health_check.rc:10)
12-02 13:32:40.257     1     1 I init    : starting service 'exec 6531 (/system/bin/flags_health_check UPDATABLE_CRASHING)'...
12-02 13:32:40.258     1     1 I init    : ... started service 'exec 6531 (/system/bin/flags_health_check UPDATABLE_CRASHING)' has pid 22406
12-02 13:32:40.258     1     1 I init    : SVC_EXEC service 'exec 6531 (/system/bin/flags_health_check UPDATABLE_CRASHING)' pid 22406 (uid 1000 gid 1000+0 context default) started; waiting...
12-02 13:32:40.269     1     1 I init    : Service 'exec 6531 (/system/bin/flags_health_check UPDATABLE_CRASHING)' (pid 22406) exited with status 0 waiting took 0.011000 seconds
12-02 13:32:40.269     1     1 I init    : Sending signal 9 to service 'exec 6531 (/system/bin/flags_health_check UPDATABLE_CRASHING)' (pid 22406) process group...
12-02 13:32:41.077   745   745 I servicemanager: Since 'android.hardware.secure_element.ISecureElement/eSE1' could not be found, trying to start it as a lazy AIDL service. (if it's not configured to be a lazy service, it may be stuck starting or still starting).
12-02 13:32:41.079 22408 22408 I servicemanager: Tried to start aidl service android.hardware.secure_element.ISecureElement/eSE1 as a lazy service, but was unable to. Usually this happens when a service is not installed, but if the service is intended to be used as a lazy service, then it may be configured incorrectly.
12-02 13:32:42.023  2478  2544 W ActivityManager: Timeout executing service: ServiceRecord{9a79afb u0 com.android.se/.SecureElementService}
12-02 13:32:42.028  2478 22409 D ActivityManager: created ANR temporary file:/data/anr/temp_anr_1983540757238557350.txt
12-02 13:32:42.028  2478 22409 I ActivityManager: Collecting stacks for pid 22336 into temporary file temp_anr_1983540757238557350.txt
12-02 13:32:42.029  2478 22410 D ActivityManager: created ANR temporary file:/data/anr/temp_anr_8421026134527267657.txt
12-02 13:32:42.029  2478 22410 I ActivityManager: Collecting stacks for pid 22336 into temporary file temp_anr_8421026134527267657.txt
12-02 13:32:42.034  2478 22409 W ActivityManager: Dumping Java threads failed, initiating native stack dump.
12-02 13:32:42.035  2478 22409 W ActivityManager: Native stack dump failed!
12-02 13:32:42.041  2478 22411 I ActivityManager: dumpStackTraces pids=null
12-02 13:32:42.042  2478 22411 I ActivityManager: Dumping to /data/anr/anr_2024-12-02-13-32-42-041
12-02 13:32:42.044  2478 22411 I ActivityManager: dumpStackTraces nativepids=null
12-02 13:32:42.044  2478 22411 I ActivityManager: dumpStackTraces extraPids=null
12-02 13:32:42.044  2478 22411 I ActivityManager: Done dumping
12-02 13:32:42.045  2478 22411 E ActivityManager: ANR in com.android.se
12-02 13:32:42.045  2478 22411 E ActivityManager: PID: 22336
12-02 13:32:42.045  2478 22411 E ActivityManager: Reason: executing service com.android.se/.SecureElementService
12-02 13:32:42.045  2478 22411 E ActivityManager: ErrorId: 7522db31-fb41-4e69-8615-1cdd9ddc28f5
12-02 13:32:42.045  2478 22411 E ActivityManager: Frozen: false
12-02 13:32:42.045  2478 22411 E ActivityManager: Load: 0.0 / 0.0 / 0.0
12-02 13:32:42.045  2478 22411 E ActivityManager: ----- Output from /proc/pressure/memory -----
12-02 13:32:42.045  2478 22411 E ActivityManager: some avg10=0.00 avg60=0.00 avg300=0.00 total=525355
12-02 13:32:42.045  2478 22411 E ActivityManager: full avg10=0.00 avg60=0.00 avg300=0.00 total=422513
12-02 13:32:42.045  2478 22411 E ActivityManager: ----- End output from /proc/pressure/memory -----
12-02 13:32:42.045  2478 22411 E ActivityManager: ----- Output from /proc/pressure/cpu -----
12-02 13:32:42.045  2478 22411 E ActivityManager: some avg10=1.94 avg60=2.50 avg300=2.36 total=611872403
12-02 13:32:42.045  2478 22411 E ActivityManager: full avg10=0.00 avg60=0.00 avg300=0.00 total=0
12-02 13:32:42.045  2478 22411 E ActivityManager: ----- End output from /proc/pressure/cpu -----
12-02 13:32:42.045  2478 22411 E ActivityManager: ----- Output from /proc/pressure/io -----
12-02 13:32:42.045  2478 22411 E ActivityManager: some avg10=0.00 avg60=0.00 avg300=0.00 total=3981096
12-02 13:32:42.045  2478 22411 E ActivityManager: full avg10=0.00 avg60=0.00 avg300=0.00 total=2553376
12-02 13:32:42.045  2478 22411 E ActivityManager: ----- End output from /proc/pressure/io -----
12-02 13:32:42.045  2478 22411 E ActivityManager: 
12-02 13:32:42.045  2478 22411 E ActivityManager: CPU usage from 20064ms to -2ms ago (2024-12-02 13:32:21.964 to 2024-12-02 13:32:42.029):
12-02 13:32:42.045  2478 22411 E ActivityManager:   1.3% 22030/kworker/u16:3-wmi_rx_event_work_queue: 0% user + 1.3% kernel / faults: 4 minor
12-02 13:32:42.045  2478 22411 E ActivityManager:   0.7% 2500/irq/299-goodix_ts: 0% user + 0.7% kernel
12-02 13:32:42.045  2478 22411 E ActivityManager:   0.7% 2478/system_server: 0.2% user + 0.4% kernel / faults: 719 minor
12-02 13:32:42.045  2478 22411 E ActivityManager:   0.6% 29599/kworker/u16:2-memlat_wq: 0% user + 0.6% kernel / faults: 2 minor
12-02 13:32:42.045  2478 22411 E ActivityManager:   0.5% 23081/kworker/u16:4-ufs_clkscaling_0: 0% user + 0.5% kernel
12-02 13:32:42.045  2478 22411 E ActivityManager:   0.1% 3800/com.google.android.gms.persistent: 0% user + 0% kernel / faults: 1740 minor
12-02 13:32:42.045  2478 22411 E ActivityManager:   0.3% 1/init: 0% user + 0.3% kernel / faults: 948 minor
12-02 13:32:42.045  2478 22411 E ActivityManager:   0.3% 22041/com.google.mediapipe.examples.llminference: 0.3% user + 0% kernel / faults: 368 minor
12-02 13:32:42.045  2478 22411 E ActivityManager:   0.3% 1780/cnss_diag: 0.2% user + 0% kernel
12-02 13:32:42.045  2478 22411 E ActivityManager:   0.2% 64/rcuop/7: 0% user + 0.2% kernel
12-02 13:32:42.045  2478 22411 E ActivityManager: 1.2% TOTAL: 0.2% user + 0.5% kernel + 0% iowait + 0.3% irq + 0% softirq
12-02 13:32:42.045  2478 22411 E ActivityManager: CPU usage from 22346639ms to 22346639ms ago (1970-01-01 00:00:00.000 to 1970-01-01 00:00:00.000) with 0% awake:
12-02 13:32:42.045  2478 22411 E ActivityManager: 0% TOTAL: 0% user + 0% kernel
12-02 13:32:42.046  2478 22411 I ActivityManager: Killing 22336:com.android.se/1068 (adj -800): bg anr
12-02 13:32:42.046  2478 22411 D ActivityManager: Completed ANR of com.android.se in 18ms, latency 1ms
12-02 13:32:42.051  2478 13505 I ActivityManager: Process com.android.se (pid 22336) has died: pers PER 
12-02 13:32:42.051  2478 13505 W ActivityManager: Scheduling restart of crashed service com.android.se/.SecureElementService in 0ms for persistent
12-02 13:32:42.051  2478 13505 W ActivityManager: Re-adding persistent process ProcessRecord{8b68b80 22336:com.android.se/1068}
12-02 13:32:42.052  2478 13505 D CompatibilityChangeReporter: Compat change id reported: 135634846; UID 1068; state: DISABLED
12-02 13:32:42.052  2478  2535 D DisplayManagerService: Drop pending events for gone uid 1068
12-02 13:32:42.060  2478  2545 I ActivityManager: Start proc 22413:com.android.se/1068 for restart com.android.se
12-02 13:32:42.082  2478 13505 I ActivityManager: Flag disabled. Ignoring finishAttachApplication from uid: 1068. pid: 22413
12-02 13:32:42.088   745   745 I servicemanager: Found vendor.qti.hardware.perf2.IPerf/default in device VINTF manifest.
12-02 13:32:42.089   745   745 I servicemanager: Found android.hardware.secure_element.ISecureElement/eSE1 in device VINTF manifest.
12-02 13:32:42.090   745   745 I servicemanager: Since 'android.hardware.secure_element.ISecureElement/eSE1' could not be found, trying to start it as a lazy AIDL service. (if it's not configured to be a lazy service, it may be stuck starting or still starting).
12-02 13:32:42.090 22430 22430 I servicemanager: Tried to start aidl service android.hardware.secure_element.ISecureElement/eSE1 as a lazy service, but was unable to. Usually this happens when a service is not installed, but if the service is intended to be used as a lazy service, then it may be configured incorrectly.
12-02 13:32:43.091   745   745 I servicemanager: Since 'android.hardware.secure_element.ISecureElement/eSE1' could not be found, trying to start it as a lazy AIDL service. (if it's not configured to be a lazy service, it may be stuck starting or still starting).
12-02 13:32:43.092 22431 22431 I servicemanager: Tried to start aidl service android.hardware.secure_element.ISecureElement/eSE1 as a lazy service, but was unable to. Usually this happens when a service is not installed, but if the service is intended to be used as a lazy service, then it may be configured incorrectly.
12-02 13:32:44.092   745   745 I servicemanager: Since 'android.hardware.secure_element.ISecureElement/eSE1' could not be found, trying to start it as a lazy AIDL service. (if it's not configured to be a lazy service, it may be stuck starting or still starting).
12-02 13:32:44.093 22432 22432 I servicemanager: Tried to start aidl service android.hardware.secure_element.ISecureElement/eSE1 as a lazy service, but was unable to. Usually this happens when a service is not installed, but if the service is intended to be used as a lazy service, then it may be configured incorrectly.
12-02 13:32:45.264     1     1 I init    : Service 'vendor.secure_element' (pid 22434) exited with status 1
12-02 13:32:45.264     1     1 I init    : Sending signal 9 to service 'vendor.secure_element' (pid 22434) process group...
12-02 13:32:45.264     1     1 I libprocessgroup: Successfully killed process cgroup uid 1000 pid 22434 in 0ms
12-02 13:32:45.264     1     1 E init    : process with updatable components 'vendor.secure_element' exited 4 times in 4 minutes
12-02 13:32:45.265     1     1 I init    : processing action (sys.init.updatable_crashing=1) from (/system/etc/init/flags_health_check.rc:10)
12-02 13:32:45.265     1     1 I init    : starting service 'exec 6532 (/system/bin/flags_health_check UPDATABLE_CRASHING)'...
12-02 13:32:45.267     1     1 I init    : ... started service 'exec 6532 (/system/bin/flags_health_check UPDATABLE_CRASHING)' has pid 22435
12-02 13:32:45.267     1     1 I init    : SVC_EXEC service 'exec 6532 (/system/bin/flags_health_check UPDATABLE_CRASHING)' pid 22435 (uid 1000 gid 1000+0 context default) started; waiting...
12-02 13:32:45.271     1     1 I init    : Service 'exec 6532 (/system/bin/flags_health_check UPDATABLE_CRASHING)' (pid 22435) exited with status 0 waiting took 0.005000 seconds
12-02 13:32:45.271     1     1 I init    : Sending signal 9 to service 'exec 6532 (/system/bin/flags_health_check UPDATABLE_CRASHING)' (pid 22435) process group...
12-02 13:32:46.095   745   745 I servicemanager: Since 'android.hardware.secure_element.ISecureElement/eSE1' could not be found, trying to start it as a lazy AIDL service. (if it's not configured to be a lazy service, it may be stuck starting or still starting).
12-02 13:32:46.096 22438 22438 I servicemanager: Tried to start aidl service android.hardware.secure_element.ISecureElement/eSE1 as a lazy service, but was unable to. Usually this happens when a service is not installed, but if the service is intended to be used as a lazy service, then it may be configured incorrectly.
12-02 13:32:47.101   745   745 I servicemanager: Since 'android.hardware.secure_element.ISecureElement/eSE1' could not be found, trying to start it as a lazy AIDL service. (if it's not configured to be a lazy service, it may be stuck starting or still starting).
12-02 13:32:47.103 22441 22441 I servicemanager: Tried to start aidl service android.hardware.secure_element.ISecureElement/eSE1 as a lazy service, but was unable to. Usually this happens when a service is not installed, but if the service is intended to be used as a lazy service, then it may be configured incorrectly.
12-02 13:32:47.302  2478  2653 D ActivityManager: freezing 4092 com.google.android.gms
12-02 13:32:48.105   745   745 I servicemanager: Since 'android.hardware.secure_element.ISecureElement/eSE1' could not be found, trying to start it as a lazy AIDL service. (if it's not configured to be a lazy service, it may be stuck starting or still starting).
12-02 13:32:48.106 22442 22442 I servicemanager: Tried to start aidl service android.hardware.secure_element.ISecureElement/eSE1 as a lazy service, but was unable to. Usually this happens when a service is not installed, but if the service is intended to be used as a lazy service, then it may be configured incorrectly.
12-02 13:32:49.107   745   745 I servicemanager: Since 'android.hardware.secure_element.ISecureElement/eSE1' could not be found, trying to start it as a lazy AIDL service. (if it's not configured to be a lazy service, it may be stuck starting or still starting).
12-02 13:32:49.108 22443 22443 I servicemanager: Tried to start aidl service android.hardware.secure_element.ISecureElement/eSE1 as a lazy service, but was unable to. Usually this happens when a service is not installed, but if the service is intended to be used as a lazy service, then it may be configured incorrectly.
12-02 13:32:50.111   745   745 I servicemanager: Since 'android.hardware.secure_element.ISecureElement/eSE1' could not be found, trying to start it as a lazy AIDL service. (if it's not configured to be a lazy service, it may be stuck starting or still starting).
12-02 13:32:50.113 22444 22444 I servicemanager: Tried to start aidl service android.hardware.secure_element.ISecureElement/eSE1 as a lazy service, but was unable to. Usually this happens when a service is not installed, but if the service is intended to be used as a lazy service, then it may be configured incorrectly.
12-02 13:32:50.271     1     1 I init    : Service 'vendor.secure_element' (pid 22445) exited with status 1
12-02 13:32:50.271     1     1 I init    : Sending signal 9 to service 'vendor.secure_element' (pid 22445) process group...
12-02 13:32:50.272     1     1 I libprocessgroup: Successfully killed process cgroup uid 1000 pid 22445 in 0ms
12-02 13:32:51.113   745   745 I servicemanager: Since 'android.hardware.secure_element.ISecureElement/eSE1' could not be found, trying to start it as a lazy AIDL service. (if it's not configured to be a lazy service, it may be stuck starting or still starting).
12-02 13:32:51.114     1     1 E init    : Control message: Could not find 'aidl/android.hardware.secure_element.ISecureElement/eSE1' for ctl.interface_start from pid: 745 (/system/bin/servicemanager)
12-02 13:32:51.116 22446 22446 I servicemanager: Tried to start aidl service android.hardware.secure_element.ISecureElement/eSE1 as a lazy service, but was unable to. Usually this happens when a service is not installed, but if the service is intended to be used as a lazy service, then it may be configured incorrectly.
12-02 13:32:52.046  2478 22410 W ActivityManager: Dumping Java threads failed, initiating native stack dump.
12-02 13:32:52.047  2478 22410 W ActivityManager: Native stack dump failed!
12-02 13:32:52.047  2478 22410 E ActivityManager: Aborted stack trace dump (current primary pid=22336); deadline exceeded.
12-02 13:32:52.114   745   745 I servicemanager: Since 'android.hardware.secure_element.ISecureElement/eSE1' could not be found, trying to start it as a lazy AIDL service. (if it's not configured to be a lazy service, it may be stuck starting or still starting).
12-02 13:32:52.116     1     1 E init    : Control message: Could not find 'aidl/android.hardware.secure_element.ISecureElement/eSE1' for ctl.interface_start from pid: 745 (/system/bin/servicemanager)
12-02 13:32:52.116 22447 22447 I servicemanager: Tried to start aidl service android.hardware.secure_element.ISecureElement/eSE1 as a lazy service, but was unable to. Usually this happens when a service is not installed, but if the service is intended to be used as a lazy service, then it may be configured incorrectly.
12-02 13:32:53.119   745   745 I servicemanager: Since 'android.hardware.secure_element.ISecureElement/eSE1' could not be found, trying to start it as a lazy AIDL service. (if it's not configured to be a lazy service, it may be stuck starting or still starting).
12-02 13:32:53.120     1     1 E init    : Control message: Could not find 'aidl/android.hardware.secure_element.ISecureElement/eSE1' for ctl.interface_start from pid: 745 (/system/bin/servicemanager)
12-02 13:32:53.120 22448 22448 I servicemanager: Tried to start aidl service android.hardware.secure_element.ISecureElement/eSE1 as a lazy service, but was unable to. Usually this happens when a service is not installed, but if the service is intended to be used as a lazy service, then it may be configured incorrectly.
12-02 13:32:54.109     1     1 I init    : Service 'vendor.qsap.sensors' (pid 22437) received signal 31
12-02 13:32:54.109     1     1 I init    : Sending signal 9 to service 'vendor.qsap.sensors' (pid 22437) process group...
12-02 13:32:54.109     1     1 I libprocessgroup: Successfully killed process cgroup uid 1000 pid 22437 in 0ms
12-02 13:32:54.110     1     1 E init    : process with updatable components 'vendor.qsap.sensors' exited 4 times in 4 minutes
12-02 13:32:54.120   745   745 I servicemanager: Since 'android.hardware.secure_element.ISecureElement/eSE1' could not be found, trying to start it as a lazy AIDL service. (if it's not configured to be a lazy service, it may be stuck starting or still starting).
12-02 13:32:54.121 22451 22451 I servicemanager: Tried to start aidl service android.hardware.secure_element.ISecureElement/eSE1 as a lazy service, but was unable to. Usually this happens when a service is not installed, but if the service is intended to be used as a lazy service, then it may be configured incorrectly.
12-02 13:32:55.120   745   745 I servicemanager: Since 'android.hardware.secure_element.ISecureElement/eSE1' could not be found, trying to start it as a lazy AIDL service. (if it's not configured to be a lazy service, it may be stuck starting or still starting).
12-02 13:32:55.115  2478  2951 I ActivityManager: Force stopping com.google.mediapipe.examples.llminference appid=10188 user=0: from pid 22459
12-02 13:32:55.121 22467 22467 I servicemanager: Tried to start aidl service android.hardware.secure_element.ISecureElement/eSE1 as a lazy service, but was unable to. Usually this happens when a service is not installed, but if the service is intended to be used as a lazy service, then it may be configured incorrectly.
12-02 13:32:55.116  2478  2951 I ActivityManager: Killing 22041:com.google.mediapipe.examples.llminference/u0a188 (adj 0): stop com.google.mediapipe.examples.llminference due to from pid 22459
12-02 13:32:55.117  2478  2535 D DisplayManagerService: Drop pending events for gone uid 10188
12-02 13:32:55.118  2478  2951 W ActivityTaskManager: Force removing ActivityRecord{a563024 u0 com.google.mediapipe.examples.llminference/.MainActivity t157 f}}: app died, no saved state
12-02 13:32:55.119  2849  2883 V WindowManagerShell: Transition requested: android.os.BinderProxy@f0f1cfd TransitionRequestInfo { type = CLOSE, triggerTask = TaskInfo{userId=0 taskId=157 displayId=0 isRunning=false baseIntent=Intent { act=android.intent.action.MAIN cat=[android.intent.category.LAUNCHER] flg=0x10000000 cmp=com.google.mediapipe.examples.llminference/.LoginActivity } baseActivity=null topActivity=null origActivity=null realActivity=ComponentInfo{com.google.mediapipe.examples.llminference/com.google.mediapipe.examples.llminference.LoginActivity} numActivities=0 lastActiveTime=22269202 supportsMultiWindow=true resizeMode=1 isResizeable=true minWidth=-1 minHeight=-1 defaultMinSize=220 token=WCT{android.window.IWindowContainerToken$Stub$Proxy@cf29df2} topActivityType=1 pictureInPictureParams=null shouldDockBigOverlays=false launchIntoPipHostTaskId=-1 lastParentTaskIdBeforePip=-1 displayCutoutSafeInsets=null topActivityInfo=null launchCookies=[] positionInParent=Point(0, 0) parentTaskId=-1 isFocused=true isVisible=true isVisibleRequested=true isSleeping=false topActivityInSizeCompat=false topActivityEligibleForLetterboxEducation= false topActivityLetterboxed= false isFromDoubleTap= false topActivityLetterboxVerticalPosition= -1 topActivityLetterboxHorizontalPosition= -1 topActivityLetterboxWidth=-1 topActivityLetterboxHeight=-1 locusId=null displayAreaFeatureId=1 cameraCompatControlState=hidden}, remoteTransition = null, displayChange = null }
12-02 13:32:55.122  2478  2951 I AppsFilter: interaction: PackageSetting{4293b0a com.qualcomm.qti.bert/10180} -> PackageSetting{91c08c9 com.google.mediapipe.examples.llminference/10188} BLOCKED
12-02 13:32:55.122  2478  2951 I AppsFilter: interaction: PackageSetting{69d5198 com.android.microdroid.empty_payload/10158} -> PackageSetting{91c08c9 com.google.mediapipe.examples.llminference/10188} BLOCKED
12-02 13:32:55.134 22463 22463 W binder_debug: 222 callbacks suppressed
12-02 13:32:55.134 22463 22463 I binder  : 22463:22463 transaction credentials failed
12-02 13:32:55.134 22463 22463 I binder  : 22463:22463 transaction call to 1458:0 failed 1095683/29201/-1, size 0-0 line 3269
12-02 13:32:55.134 22463 22463 I binder  : 22463:22463 transaction credentials failed
12-02 13:32:55.134 22463 22463 I binder  : 22463:22463 transaction call to 1347:0 failed 1095688/29201/-1, size 0-0 line 3269
12-02 13:32:55.134 22463 22463 I binder  : 22463:22463 transaction credentials failed
12-02 13:32:55.134 22463 22463 I binder  : 22463:22463 transaction call to 1016:0 failed 1095692/29201/-1, size 0-0 line 3269
12-02 13:32:55.134 22463 22463 I binder  : 22463:22463 transaction credentials failed
12-02 13:32:55.134 22463 22463 I binder  : 22463:22463 transaction call to 1459:0 failed 1095696/29201/-1, size 0-0 line 3269
12-02 13:32:55.135 22463 22463 I binder  : 22463:22463 transaction credentials failed
12-02 13:32:55.135 22463 22463 I binder  : 22463:22463 transaction call to 1764:0 failed 1095720/29201/-1, size 0-0 line 3269
12-02 13:32:55.135 22463 22463 W audit   : audit_lost=2590 audit_rate_limit=5 audit_backlog_limit=64
12-02 13:32:55.135 22463 22463 E audit   : rate limit exceeded
12-02 13:32:55.148  2849  2883 V WindowManagerShell: onTransitionReady android.os.BinderProxy@f0f1cfd: {id=83 t=CLOSE f=0x0 trk=0 r=[0@Point(0, 0)] c=[{WCT{android.window.IWindowContainerToken$Stub$Proxy@fbffaec} m=CLOSE f=NONE leash=Surface(name=Task=157)/@0xd8672c0 sb=Rect(0, 0 - 1080, 2400) eb=Rect(0, 0 - 1080, 2400) d=0},{WCT{android.window.IWindowContainerToken$Stub$Proxy@1b9eeb5} m=TO_FRONT f=SHOW_WALLPAPER leash=Surface(name=Task=1)/@0x9b58bf9 sb=Rect(0, 0 - 1080, 2400) eb=Rect(0, 0 - 1080, 2400) d=0},{null m=TO_FRONT f=IS_WALLPAPER leash=Surface(name=WallpaperWindowToken{ae83e8c token=android.os.Binder@6aed7bf})/@0xe88a73e sb=Rect(0, 0 - 1080, 2400) eb=Rect(0, 0 - 1080, 2400) d=0}]}
12-02 13:32:55.148  2478  2534 V WindowManager: Sent Transition #83 createdAt=12-02 13:32:55.118 via request=TransitionRequestInfo { type = CLOSE, triggerTask = TaskInfo{userId=0 taskId=157 displayId=0 isRunning=false baseIntent=Intent { act=android.intent.action.MAIN cat=[android.intent.category.LAUNCHER] flg=0x10000000 cmp=com.google.mediapipe.examples.llminference/.LoginActivity } baseActivity=null topActivity=null origActivity=null realActivity=ComponentInfo{com.google.mediapipe.examples.llminference/com.google.mediapipe.examples.llminference.LoginActivity} numActivities=0 lastActiveTime=22269202 supportsMultiWindow=true resizeMode=1 isResizeable=true minWidth=-1 minHeight=-1 defaultMinSize=220 token=WCT{RemoteToken{4f4484b Task{4a0f636 #157 type=standard A=10188:com.google.mediapipe.examples.llminference}}} topActivityType=1 pictureInPictureParams=null shouldDockBigOverlays=false launchIntoPipHostTaskId=-1 lastParentTaskIdBeforePip=-1 displayCutoutSafeInsets=null topActivityInfo=null launchCookies=[] positionInParent=Point(0, 0) parentTaskId=-1 isFocused=true isVisible=true isVisibleRequested=true isSleeping=false topActivityInSizeCompat=false topActivityEligibleForLetterboxEducation= false topActivityLetterboxed= false isFromDoubleTap= false topActivityLetterboxVerticalPosition= -1 topActivityLetterboxHorizontalPosition= -1 topActivityLetterboxWidth=-1 topActivityLetterboxHeight=-1 locusId=null displayAreaFeatureId=1 cameraCompatControlState=hidden}, remoteTransition = null, displayChange = null }
12-02 13:32:55.148  2478  2534 V WindowManager:     startWCT=WindowContainerTransaction { changes = {} hops = [] errorCallbackToken=null taskFragmentOrganizer=null }
12-02 13:32:55.148  2478  2534 V WindowManager:     info={id=83 t=CLOSE f=0x0 trk=0 r=[0@Point(0, 0)] c=[{WCT{RemoteToken{4f4484b Task{4a0f636 #157 type=standard A=10188:com.google.mediapipe.examples.llminference}}} m=CLOSE f=NONE leash=Surface(name=Task=157)/@0x4b0582f sb=Rect(0, 0 - 1080, 2400) eb=Rect(0, 0 - 1080, 2400) d=0},{WCT{RemoteToken{b87f5f7 Task{7dd3025 #1 type=home}}} m=TO_FRONT f=SHOW_WALLPAPER leash=Surface(name=Task=1)/@0x436aede sb=Rect(0, 0 - 1080, 2400) eb=Rect(0, 0 - 1080, 2400) d=0},{null m=TO_FRONT f=IS_WALLPAPER leash=Surface(name=WallpaperWindowToken{ae83e8c token=android.os.Binder@6aed7bf})/@0x7c8e92a sb=Rect(0, 0 - 1080, 2400) eb=Rect(0, 0 - 1080, 2400) d=0}]}
12-02 13:32:55.148  2849  2883 V WindowManagerShell: Playing animation for (#83)android.os.BinderProxy@f0f1cfd@0
12-02 13:32:55.149  2849  2883 V WindowManagerShell:  try handler com.android.wm.shell.transition.DefaultMixedHandler@3119d2e
12-02 13:32:55.149  2849  2883 V WindowManagerShell:  try handler com.android.wm.shell.keyguard.KeyguardTransitionHandler@be9709f
12-02 13:32:55.149  2849  2883 V WindowManagerShell:  try handler com.android.wm.shell.activityembedding.ActivityEmbeddingController@caf95ec
12-02 13:32:55.149  2849  2883 V WindowManagerShell:  try handler com.android.wm.shell.recents.RecentsTransitionHandler@6f8edb5
12-02 13:32:55.149  2849  2883 V ShellRecents: RecentsTransitionHandler.startAnimation: no controller found
12-02 13:32:55.149  2849  2883 V WindowManagerShell:  try handler com.android.wm.shell.pip.PipTransition@f688c4a
12-02 13:32:55.149  2849  2883 V WindowManagerShell:  try handler com.android.wm.shell.splitscreen.StageCoordinator@57e77bb
12-02 13:32:55.149  2849  2883 V WindowManagerShell:  try handler com.android.wm.shell.transition.RemoteTransitionHandler@4f624d8
12-02 13:32:55.149  2849  2883 V WindowManagerShell: Transition doesn't have explicit remote, search filters for match for {id=83 t=CLOSE f=0x0 trk=0 r=[0@Point(0, 0)] c=[{WCT{android.window.IWindowContainerToken$Stub$Proxy@fbffaec} m=CLOSE f=NONE leash=Surface(name=Task=157)/@0xd8672c0 sb=Rect(0, 0 - 1080, 2400) eb=Rect(0, 0 - 1080, 2400) d=0},{WCT{android.window.IWindowContainerToken$Stub$Proxy@1b9eeb5} m=TO_FRONT f=SHOW_WALLPAPER leash=Surface(name=Task=1)/@0x9b58bf9 sb=Rect(0, 0 - 1080, 2400) eb=Rect(0, 0 - 1080, 2400) d=0},{null m=TO_FRONT f=IS_WALLPAPER leash=Surface(name=WallpaperWindowToken{ae83e8c token=android.os.Binder@6aed7bf})/@0xe88a73e sb=Rect(0, 0 - 1080, 2400) eb=Rect(0, 0 - 1080, 2400) d=0}]}
12-02 13:32:55.149  2849  2883 V WindowManagerShell:  Checking filter Pair{{types=[] flags=0x0] notFlags=0x100 checks=[{atype=home independent=true modes=[OPEN,TO_FRONT] flags=NONE mustBeTask=false order=TOP topActivity=ComponentInfo{com.android.launcher3/com.android.launcher3.uioverrides.QuickstepLauncher}},{atype=standard independent=true modes=[CLOSE,TO_BACK] flags=NONE mustBeTask=false order=ANY topActivity=null}]} RemoteTransition { remoteTransition = android.window.IRemoteTransition$Stub$Proxy@317b031, appThread = android.app.IApplicationThread$Stub$Proxy@fab2316, debugName = QuickstepLaunchHome }}
12-02 13:32:55.149  2849  2883 V WindowManagerShell:  Delegate animation for #83 to null
12-02 13:32:55.149  2849  2883 V WindowManagerShell:  try handler com.android.wm.shell.transition.DefaultTransitionHandler@992d497
12-02 13:32:55.150  2849  2883 V WindowManagerShell: start default transition animation, info = {id=83 t=CLOSE f=0x0 trk=0 r=[0@Point(0, 0)] c=[{WCT{android.window.IWindowContainerToken$Stub$Proxy@fbffaec} m=CLOSE f=NONE leash=Surface(name=Task=157)/@0xd8672c0 sb=Rect(0, 0 - 1080, 2400) eb=Rect(0, 0 - 1080, 2400) d=0},{WCT{android.window.IWindowContainerToken$Stub$Proxy@1b9eeb5} m=TO_FRONT f=SHOW_WALLPAPER leash=Surface(name=Task=1)/@0x9b58bf9 sb=Rect(0, 0 - 1080, 2400) eb=Rect(0, 0 - 1080, 2400) d=0},{null m=TO_FRONT f=IS_WALLPAPER leash=Surface(name=WallpaperWindowToken{ae83e8c token=android.os.Binder@6aed7bf})/@0xe88a73e sb=Rect(0, 0 - 1080, 2400) eb=Rect(0, 0 - 1080, 2400) d=0}]}
12-02 13:32:55.151  2849  2883 V WindowManagerShell: loadAnimation: anim=android.view.animation.AnimationSet@b41e0bb animAttr=0x10 type=CLOSE isEntrance=true
12-02 13:32:55.151  2849  2883 V WindowManagerShell: loadAnimation: anim=android.view.animation.AnimationSet@8f06016 animAttr=0x11 type=CLOSE isEntrance=false
12-02 13:32:55.151  2849  2883 V WindowManagerShell:  animated by com.android.wm.shell.transition.DefaultTransitionHandler@992d497
12-02 13:32:55.189 21196 21196 I [kworke][0x63f82adc1d][13:32:55.183262] kiwi_v2: [21196:I:PMO] pmo_core_psoc_send_host_wakeup_ind_to_fw: Host wakeup indication sent to fw
12-02 13:32:55.198  2478 26205 I WindowManager: WIN DEATH: Window{2e2a153 u0 com.google.mediapipe.examples.llminference/com.google.mediapipe.examples.llminference.MainActivity}
12-02 13:32:55.199  2478  5531 V ActivityManager: Got obituary of 22041:com.google.mediapipe.examples.llminference
12-02 13:32:55.244  2478 26205 I ActivityManager: Force stopping com.google.mediapipe.examples.llminference appid=10188 user=0: from pid 22478
12-02 13:32:55.244  2478 26205 I WindowManager:   Force removing ActivityRecord{a563024 u0 com.google.mediapipe.examples.llminference/.MainActivity t157 f} isExiting}
12-02 13:32:55.244  2478 26205 W WindowManager: removeAppToken: Attempted to remove non-existing token: Token{935a78d ActivityRecord{a563024 u0 com.google.mediapipe.examples.llminference/.MainActivity t157 f} isExiting}}
12-02 13:32:55.245  2478 26205 I AppsFilter: interaction: PackageSetting{4293b0a com.qualcomm.qti.bert/10180} -> PackageSetting{91c08c9 com.google.mediapipe.examples.llminference/10188} BLOCKED
12-02 13:32:55.245  2478 26205 I AppsFilter: interaction: PackageSetting{69d5198 com.android.microdroid.empty_payload/10158} -> PackageSetting{91c08c9 com.google.mediapipe.examples.llminference/10188} BLOCKED
12-02 13:32:55.339  2478 26205 D CompatibilityChangeReporter: Compat change id reported: 161252188; UID 10188; state: DISABLED
12-02 13:32:55.339  2478 26205 W ActivityTaskManager: callingPackage for (uid=2000, pid=22486) has no WPC
12-02 13:32:55.339  2478 26205 D CompatibilityChangeReporter: Compat change id reported: 265464455; UID 10188; state: DISABLED
12-02 13:32:55.339  2478 26205 D CompatibilityChangeReporter: Compat change id reported: 265452344; UID 10188; state: DISABLED
12-02 13:32:55.339  2478 26205 D CompatibilityChangeReporter: Compat change id reported: 266124927; UID 10188; state: DISABLED
12-02 13:32:55.340  2478 26205 D CompatibilityChangeReporter: Compat change id reported: 265451093; UID 10188; state: DISABLED
12-02 13:32:55.340  2478 26205 D CompatibilityChangeReporter: Compat change id reported: 265456536; UID 10188; state: DISABLED
12-02 13:32:55.340  2478 26205 D CompatibilityChangeReporter: Compat change id reported: 255940284; UID 10188; state: DISABLED
12-02 13:32:55.340  2478 26205 D CompatibilityChangeReporter: Compat change id reported: 236283604; UID 10188; state: DISABLED
12-02 13:32:55.340  2478 26205 D CompatibilityChangeReporter: Compat change id reported: 263959004; UID 10188; state: DISABLED
12-02 13:32:55.340  2478 26205 D CompatibilityChangeReporter: Compat change id reported: 264304459; UID 10188; state: DISABLED
12-02 13:32:55.340  2478 26205 D CompatibilityChangeReporter: Compat change id reported: 264301586; UID 10188; state: DISABLED
12-02 13:32:55.340  2478 26205 D CompatibilityChangeReporter: Compat change id reported: 254631730; UID 10188; state: DISABLED
12-02 13:32:55.340  2478 26205 D CompatibilityChangeReporter: Compat change id reported: 273509367; UID 10188; state: DISABLED
12-02 13:32:55.340  2478 26205 D CompatibilityChangeReporter: Compat change id reported: 263259275; UID 10188; state: DISABLED
12-02 13:32:55.340  2478 26205 D CompatibilityChangeReporter: Compat change id reported: 174042980; UID 10188; state: DISABLED
12-02 13:32:55.340  2478 26205 D CompatibilityChangeReporter: Compat change id reported: 174042936; UID 10188; state: DISABLED
12-02 13:32:55.340  2478 26205 D CompatibilityChangeReporter: Compat change id reported: 181136395; UID 10188; state: DISABLED
12-02 13:32:55.340  2478 26205 D CompatibilityChangeReporter: Compat change id reported: 194480991; UID 10188; state: ENABLED
12-02 13:32:55.343  2478 26205 D CompatibilityChangeReporter: Compat change id reported: 184838306; UID 10188; state: DISABLED
12-02 13:32:55.343  2478 26205 D CompatibilityChangeReporter: Compat change id reported: 185004937; UID 10188; state: DISABLED
12-02 13:32:55.343  2478 26205 V SplashScreenExceptionList: SplashScreen checking exception for package com.google.mediapipe.examples.llminference (target sdk:34) -> false
12-02 13:32:55.343  2478 26205 D CompatibilityChangeReporter: Compat change id reported: 205907456; UID 10188; state: ENABLED
12-02 13:32:55.344  2478 26205 I ActivityTaskManager: Add Task{4a0f636 #157 type=standard A=10188:com.google.mediapipe.examples.llminference} to hidden list because adding Task{240f371 #158 type=standard A=10188:com.google.mediapipe.examples.llminference}
12-02 13:32:55.345  2478 26205 D CompatibilityChangeReporter: Compat change id reported: 194833441; UID 10188; state: ENABLED
12-02 13:32:55.345  2478 26205 I ActivityTaskManager: START u0 {act=android.intent.action.MAIN cat=[android.intent.category.LAUNCHER] flg=0x10000000 cmp=com.google.mediapipe.examples.llminference/.LoginActivity} with LAUNCH_MULTIPLE from uid 2000 (BAL_ALLOW_PERMISSION) result code=0
12-02 13:32:55.346  2478  2537 D CompatibilityChangeReporter: Compat change id reported: 135634846; UID 10188; state: DISABLED
12-02 13:32:55.346  2478  2537 D CompatibilityChangeReporter: Compat change id reported: 177438394; UID 10188; state: DISABLED
12-02 13:32:55.346  2478  2537 D CompatibilityChangeReporter: Compat change id reported: 135772972; UID 10188; state: DISABLED
12-02 13:32:55.346  2478  2537 D CompatibilityChangeReporter: Compat change id reported: 135754954; UID 10188; state: ENABLED
12-02 13:32:55.346  2478  2545 D CompatibilityChangeReporter: Compat change id reported: 143937733; UID 10188; state: ENABLED
12-02 13:32:55.346  2849  2883 V WindowManagerShell: Transition requested: android.os.BinderProxy@9cdac33 TransitionRequestInfo { type = OPEN, triggerTask = TaskInfo{userId=0 taskId=158 displayId=0 isRunning=true baseIntent=Intent { act=android.intent.action.MAIN cat=[android.intent.category.LAUNCHER] flg=0x10000000 cmp=com.google.mediapipe.examples.llminference/.LoginActivity } baseActivity=ComponentInfo{com.google.mediapipe.examples.llminference/com.google.mediapipe.examples.llminference.LoginActivity} topActivity=ComponentInfo{com.google.mediapipe.examples.llminference/com.google.mediapipe.examples.llminference.LoginActivity} origActivity=null realActivity=ComponentInfo{com.google.mediapipe.examples.llminference/com.google.mediapipe.examples.llminference.LoginActivity} numActivities=1 lastActiveTime=22359956 supportsMultiWindow=true resizeMode=1 isResizeable=true minWidth=-1 minHeight=-1 defaultMinSize=220 token=WCT{android.window.IWindowContainerToken$Stub$Proxy@97c0bf0} topActivityType=1 pictureInPictureParams=null shouldDockBigOverlays=false launchIntoPipHostTaskId=-1 lastParentTaskIdBeforePip=-1 displayCutoutSafeInsets=null topActivityInfo=ActivityInfo{1146569 com.google.mediapipe.examples.llminference.LoginActivity} launchCookies=[] positionInParent=Point(0, 0) parentTaskId=-1 isFocused=false isVisible=false isVisibleRequested=false isSleeping=false topActivityInSizeCompat=false topActivityEligibleForLetterboxEducation= false topActivityLetterboxed= false isFromDoubleTap= false topActivityLetterboxVerticalPosition= -1 topActivityLetterboxHorizontalPosition= -1 topActivityLetterboxWidth=-1 topActivityLetterboxHeight=-1 locusId=null displayAreaFeatureId=1 cameraCompatControlState=hidden}, remoteTransition = null, displayChange = null }
