12-02 16:11:35.382  2478 27090 E ActivityManager:   6.2% 1571/surfaceflinger: 3.3% user + 2.8% kernel / faults: 78 minor
12-02 16:11:35.382  2478 27090 E ActivityManager:   3.1% 1468/vendor.qti.hardware.display.composer-service: 1.6% user + 1.4% kernel / faults: 129 minor
12-02 16:11:35.382  2478 27090 E ActivityManager:   0.9% 932/crtc_commit:201: 0% user + 0.9% kernel
12-02 16:11:35.382  2478 27090 E ActivityManager:   2.3% 2849/com.android.systemui: 1.5% user + 0.7% kernel / faults: 2909 minor 303 major
12-02 16:11:35.382  2478 27090 E ActivityManager:   2.1% 2478/system_server: 1% user + 1.1% kernel / faults: 12338 minor
12-02 16:11:35.382  2478 27090 E ActivityManager:   0.1% 4707/com.android.inputmethod.latin: 0% user + 0% kernel / faults: 333 minor
12-02 16:11:35.382  2478 27090 E ActivityManager:   1% 2148/adbd: 0.1% user + 0.9% kernel / faults: 4530 minor
12-02 16:11:35.382  2478 27090 E ActivityManager:   1% 2500/irq/299-goodix_ts: 0% user + 1% kernel
12-02 16:11:35.382  2478 27090 E ActivityManager:   0.9% 19033/kworker/u16:2-memlat_wq: 0% user + 0.9% kernel / faults: 24 minor
12-02 16:11:35.382  2478 27090 E ActivityManager:   0.5% 20684/kworker/u16:3-rq_stats: 0% user + 0.5% kernel / faults: 50 minor
12-02 16:11:35.382  2478 27090 E ActivityManager: 9% TOTAL: 5% user + 3.2% kernel + 0% iowait + 0.7% irq + 0% softirq
12-02 16:11:35.382  2478 27090 E ActivityManager: CPU usage from 31879970ms to 31879970ms ago (1970-01-01 00:00:00.000 to 1970-01-01 00:00:00.000) with 0% awake:
12-02 16:11:35.382  2478 27090 E ActivityManager: 0% TOTAL: 0% user + 0% kernel
12-02 16:11:35.383  2478 27090 I ActivityManager: Killing 26914:com.android.se/1068 (adj -800): bg anr
12-02 16:11:35.383  2478 27090 D ActivityManager: Completed ANR of com.android.se in 24ms, latency 2ms
12-02 16:11:35.388  2478  2550 I libprocessgroup: Successfully killed process cgroup uid 1068 pid 26914 in 5ms
12-02 16:11:35.389  2478  4364 I ActivityManager: Process com.android.se (pid 26914) has died: pers PER 
12-02 16:11:35.389  1284  1284 I Zygote  : Process 26914 exited due to signal 9 (Killed)
12-02 16:11:35.389  1507  1507 I vendor.qti.hardware.servicetrackeraidl-service: killProcess is called for pid : 26914
12-02 16:11:35.389  1507  1507 I vendor.qti.hardware.servicetrackeraidl-service: process with pid 26914 is service
12-02 16:11:35.389  2478  4364 W ActivityManager: Scheduling restart of crashed service com.android.se/.SecureElementService in 0ms for persistent
12-02 16:11:35.390  2478  4364 W ActivityManager: Re-adding persistent process ProcessRecord{8b68b80 26914:com.android.se/1068}
12-02 16:11:35.390  2478  4364 D CompatibilityChangeReporter: Compat change id reported: 135634846; UID 1068; state: DISABLED
12-02 16:11:35.390  2478  2535 D DisplayManagerService: Drop pending events for gone uid 1068
12-02 16:11:35.392  2478  2641 D CompatibilityChangeReporter: Compat change id reported: 265195908; UID 1068; state: ENABLED
12-02 16:11:35.394  2478  2550 I libprocessgroup: Successfully killed process cgroup uid 1068 pid 26914 in 0ms
12-02 16:11:35.396  1284  1284 D Zygote  : Forked child process 27092
12-02 16:11:35.396  2478  2545 I ActivityManager: Start proc 27092:com.android.se/1068 for restart com.android.se
12-02 16:11:35.402 27092 27092 I com.android.se: Using CollectorTypeCC GC.
12-02 16:11:35.404 27092 27092 E com.android.se: Not starting debugger since process cannot load the jdwp agent.
12-02 16:11:35.407  2478  4364 D CompatibilityChangeReporter: Compat change id reported: 168419799; UID 1068; state: DISABLED
12-02 16:11:35.407  2478  4364 D CompatibilityChangeReporter: Compat change id reported: 273564678; UID 1068; state: DISABLED
12-02 16:11:35.407  2478  4364 D CompatibilityInfo: mCompatibilityFlags - 0
12-02 16:11:35.407  2478  4364 D CompatibilityInfo: applicationDensity - 480
12-02 16:11:35.407  2478  4364 D CompatibilityInfo: applicationScale - 1.0
12-02 16:11:35.408 27092 27092 D CompatibilityChangeReporter: Compat change id reported: 171979766; UID 1068; state: ENABLED
12-02 16:11:35.408 27092 27092 D CompatibilityChangeReporter: Compat change id reported: 242716250; UID 1068; state: ENABLED
12-02 16:11:35.409 27092 27092 D CompatibilityChangeReporter: Compat change id reported: 3400644; UID 1068; state: ENABLED
12-02 16:11:35.410 27092 27092 I com.android.se: Could not load runtime generated app image: Failed to open '/data/user/0/com.android.se/cache/oat_primary/arm64/SecureElement.art'
12-02 16:11:35.405 27092 27092 W com.android.se: type=1400 audit(0.0:19163): avc:  denied  { open } for  path="/data/user/0/com.android.se/cache/oat_primary/arm64/SecureElement.art" dev="dm-45" ino=14010 scontext=u:r:secure_element:s0:c44,c260,c512,c768 tcontext=u:object_r:system_data_file:s0:c44,c260,c512,c768 tclass=file permissive=0
12-02 16:11:35.410 27092 27092 D nativeloader: Configuring clns-shared-4 for other apk /system/app/SecureElement/SecureElement.apk. target_sdk_version=34, uses_libraries=, library_path=/system/app/SecureElement/lib/arm64:/system/lib64:/system_ext/lib64, permitted_path=/data:/mnt/expand:/data/user/0/com.android.se:/system/app/SecureElement:/system/lib64:/system_ext/lib64
12-02 16:11:35.412 27092 27092 I Perf    : Connecting to perf service.
12-02 16:11:35.413 27092 27092 V GraphicsEnvironment: Currently set values for:
12-02 16:11:35.413 27092 27092 V GraphicsEnvironment:   angle_gl_driver_selection_pkgs=[]
12-02 16:11:35.413 27092 27092 V GraphicsEnvironment:   angle_gl_driver_selection_values=[]
12-02 16:11:35.413 27092 27092 V GraphicsEnvironment: ANGLE GameManagerService for com.android.se: false
12-02 16:11:35.413 27092 27092 V GraphicsEnvironment: com.android.se is not listed in per-application setting
12-02 16:11:35.414 27092 27092 E ANDR-PERF-CLIENT-SYS: death recipent object is fine
12-02 16:11:35.414  2478  4364 I ActivityManager: Flag disabled. Ignoring finishAttachApplication from uid: 1068. pid: 27092
12-02 16:11:35.415 27092 27092 I SecureElementService: main onCreate
12-02 16:11:35.415  2478  4364 D CompatibilityChangeReporter: Compat change id reported: 161145287; UID 1068; state: ENABLED
12-02 16:11:35.415 27092 27092 I SecureElementService: Check if terminal eSE1 is available.
12-02 16:11:35.421   745   745 I servicemanager: Found vendor.qti.hardware.perf2.IPerf/default in device VINTF manifest.
12-02 16:11:35.422   745   745 I servicemanager: Found android.hardware.secure_element.ISecureElement/eSE1 in device VINTF manifest.
12-02 16:11:35.416   745 27109 W libc    : Unable to set property "ctl.interface_start" to "aidl/android.hardware.secure_element.ISecureElement/eSE1": error code: 0x20
12-02 16:11:35.422     1     1 E init    : Control message: Could not find 'aidl/android.hardware.secure_element.ISecureElement/eSE1' for ctl.interface_start from pid: 745 (/system/bin/servicemanager)
12-02 16:11:36.417 27092 27092 W ServiceManagerCppClient: Waited one second for android.hardware.secure_element.ISecureElement/eSE1 (is service started? Number of threads started in the threadpool: 15. Are binder threads started and available?)
12-02 16:11:36.424   745   745 I servicemanager: Since 'android.hardware.secure_element.ISecureElement/eSE1' could not be found, trying to start it as a lazy AIDL service. (if it's not configured to be a lazy service, it may be stuck starting or still starting).
12-02 16:11:36.425     1     1 E init    : Control message: Could not find 'aidl/android.hardware.secure_element.ISecureElement/eSE1' for ctl.interface_start from pid: 745 (/system/bin/servicemanager)
12-02 16:11:36.425 27110 27110 I servicemanager: Tried to start aidl service android.hardware.secure_element.ISecureElement/eSE1 as a lazy service, but was unable to. Usually this happens when a service is not installed, but if the service is intended to be used as a lazy service, then it may be configured incorrectly.
12-02 16:11:36.418   745 27110 W libc    : Unable to set property "ctl.interface_start" to "aidl/android.hardware.secure_element.ISecureElement/eSE1": error code: 0x20
12-02 16:11:37.057 27076 27076 E sensors-qesdk: qmi_wait_for_service:160, timeout while waiting for sensors QMI service: will try 1 more time(s)
12-02 16:11:37.419 27092 27092 W ServiceManagerCppClient: Waited one second for android.hardware.secure_element.ISecureElement/eSE1 (is service started? Number of threads started in the threadpool: 15. Are binder threads started and available?)
12-02 16:11:37.427   745   745 I servicemanager: Since 'android.hardware.secure_element.ISecureElement/eSE1' could not be found, trying to start it as a lazy AIDL service. (if it's not configured to be a lazy service, it may be stuck starting or still starting).
12-02 16:11:37.421   745 27111 W libc    : Unable to set property "ctl.interface_start" to "aidl/android.hardware.secure_element.ISecureElement/eSE1": error code: 0x20
12-02 16:11:37.428     1     1 E init    : Control message: Could not find 'aidl/android.hardware.secure_element.ISecureElement/eSE1' for ctl.interface_start from pid: 745 (/system/bin/servicemanager)
12-02 16:11:37.428 27111 27111 I servicemanager: Tried to start aidl service android.hardware.secure_element.ISecureElement/eSE1 as a lazy service, but was unable to. Usually this happens when a service is not installed, but if the service is intended to be used as a lazy service, then it may be configured incorrectly.
12-02 16:11:37.536     1     1 I init    : starting service 'vendor.secure_element'...
12-02 16:11:37.542     1     1 I init    : ... started service 'vendor.secure_element' has pid 27112
12-02 16:11:37.543 27112 27112 D GPTEE   : [TEE_client_api.cpp:58 initTEEC] initTEEC
12-02 16:11:37.544 27112 27112 W libc    : Access denied finding property "init.svc.qteeconnector-hal-1-0"
12-02 16:11:37.537 27112 27112 W android.hardwar: type=1400 audit(0.0:19164): avc:  denied  { read } for  name="u:object_r:init_service_status_private_prop:s0" dev="tmpfs" ino=240 scontext=u:r:hal_secure_element_default:s0 tcontext=u:object_r:init_service_status_private_prop:s0 tclass=file permissive=0
12-02 16:11:37.544 27112 27112 E GPQeSE-HAL: Unknown ese vendor
12-02 16:11:37.544 27112 27112 E GPQeSE-HAL: Failed on initalize eSE TA
12-02 16:11:37.551     1     1 I init    : Service 'vendor.secure_element' (pid 27112) exited with status 1
12-02 16:11:37.551     1     1 I init    : Sending signal 9 to service 'vendor.secure_element' (pid 27112) process group...
12-02 16:11:37.552     1     1 I libprocessgroup: Successfully killed process cgroup uid 1000 pid 27112 in 0ms
12-02 16:11:37.552     1     1 E init    : process with updatable components 'vendor.secure_element' exited 4 times in 4 minutes
12-02 16:11:37.553     1     1 I init    : processing action (sys.init.updatable_crashing=1) from (/system/etc/init/flags_health_check.rc:10)
12-02 16:11:37.554 27113 27113 I flags_health_check: ServerConfigurableFlagsReset reset_mode value: 1
12-02 16:11:37.554 27113 27113 I flags_health_check: ServerConfigurableFlagsReset updatable crashing detected, resetting flags.
12-02 16:11:37.563  4519  4529 I mmid    : select timeout: wait for receiving msg
12-02 16:11:37.704 26976 26976 E FrameTracker: force finish cuj, time out: J<IME_INSETS_ANIMATION::0@0@com.google.mediapipe.examples.llminference>
12-02 16:11:38.422 27092 27092 W ServiceManagerCppClient: Waited one second for android.hardware.secure_element.ISecureElement/eSE1 (is service started? Number of threads started in the threadpool: 15. Are binder threads started and available?)
12-02 16:11:38.429   745   745 I servicemanager: Since 'android.hardware.secure_element.ISecureElement/eSE1' could not be found, trying to start it as a lazy AIDL service. (if it's not configured to be a lazy service, it may be stuck starting or still starting).
12-02 16:11:38.424   745 27114 W libc    : Unable to set property "ctl.interface_start" to "aidl/android.hardware.secure_element.ISecureElement/eSE1": error code: 0x20
12-02 16:11:38.431 27114 27114 I servicemanager: Tried to start aidl service android.hardware.secure_element.ISecureElement/eSE1 as a lazy service, but was unable to. Usually this happens when a service is not installed, but if the service is intended to be used as a lazy service, then it may be configured incorrectly.
12-02 16:11:39.058 27076 27076 E libc++abi: terminating with uncaught exception of type St13runtime_error: FATAL: could not find sensors QMI service
12-02 16:11:39.061  1337  1417 I minksocket: MinkIPC MESSAGE: ( 1337:1417 ) MinkIPC_QRTR_Service:351 minkipc = 0xb4000076c8029950 sock = 18, client with node 1 port 627a went down
12-02 16:11:39.061  1337  1424 I minksocket: MinkIPC MESSAGE: ( 1337:1424 ) MinkIPC_QRTR_Service:351 minkipc = 0xb4000076c8029ab0 sock = 12, client with node 1 port 627a went down
12-02 16:11:39.072 27115 27115 I flags_health_check: ServerConfigurableFlagsReset reset_mode value: 1
12-02 16:11:39.072 27115 27115 I flags_health_check: ServerConfigurableFlagsReset updatable crashing detected, resetting flags.
12-02 16:11:39.080 27116 27116 W qsap_sensors: libminijail[27116]: failed to get path of fd 3: No such file or directory
12-02 16:11:39.080 27116 27116 W qsap_sensors: libminijail[27116]: allowing syscall: connect
12-02 16:11:39.080 27116 27116 W qsap_sensors: libminijail[27116]: allowing syscall: fcntl
12-02 16:11:39.080 27116 27116 W qsap_sensors: libminijail[27116]: allowing syscall: sendto
12-02 16:11:39.080 27116 27116 W qsap_sensors: libminijail[27116]: allowing syscall: socket
12-02 16:11:39.080 27116 27116 W qsap_sensors: libminijail[27116]: allowing syscall: writev
12-02 16:11:39.080 27116 27116 W qsap_sensors: libminijail[27116]: logging seccomp filter failures
12-02 16:11:39.081 27116 27116 I sensors_qesdk: main:22, starting sensors_qesdk daemon
12-02 16:11:39.081 27116 27116 I sensors_qesdk: sensors_qesdk:80, construct sensors_qesdk
12-02 16:11:39.081 27116 27116 I sensors_qesdk: configure_log:215, log_level: 2
12-02 16:11:39.077 27116 27116 W qsap_sensors: type=1400 audit(0.0:19165): avc:  denied  { read } for  name="u:object_r:vendor_qc_aon_prop:s0" dev="tmpfs" ino=443 scontext=u:r:vendor_sensors_qesdk:s0 tcontext=u:object_r:vendor_qc_aon_prop:s0 tclass=file permissive=0
12-02 16:11:39.081 27116 27116 W libc    : Access denied finding property "ro.vendor.qc_aon_presence"
12-02 16:11:39.082  1337  1424 I minksocket: MinkIPC MESSAGE: ( 1337:1424 ) MinkIPC_QRTR_Service:351 minkipc = 0xb4000076c8029ab0 sock = 12, client with node 1 port 627d went down
12-02 16:11:39.082  1337  1417 I minksocket: MinkIPC MESSAGE: ( 1337:1417 ) MinkIPC_QRTR_Service:351 minkipc = 0xb4000076c8029950 sock = 18, client with node 1 port 627d went down
12-02 16:11:39.424 27092 27092 W ServiceManagerCppClient: Waited one second for android.hardware.secure_element.ISecureElement/eSE1 (is service started? Number of threads started in the threadpool: 15. Are binder threads started and available?)
12-02 16:11:39.432   745   745 I servicemanager: Since 'android.hardware.secure_element.ISecureElement/eSE1' could not be found, trying to start it as a lazy AIDL service. (if it's not configured to be a lazy service, it may be stuck starting or still starting).
12-02 16:11:39.426   745 27119 W libc    : Unable to set property "ctl.interface_start" to "aidl/android.hardware.secure_element.ISecureElement/eSE1": error code: 0x20
12-02 16:11:39.433 27119 27119 I servicemanager: Tried to start aidl service android.hardware.secure_element.ISecureElement/eSE1 as a lazy service, but was unable to. Usually this happens when a service is not installed, but if the service is intended to be used as a lazy service, then it may be configured incorrectly.
12-02 16:11:40.426 27092 27092 W ServiceManagerCppClient: Waited one second for android.hardware.secure_element.ISecureElement/eSE1 (is service started? Number of threads started in the threadpool: 15. Are binder threads started and available?)
12-02 16:11:40.428   745 27120 W libc    : Unable to set property "ctl.interface_start" to "aidl/android.hardware.secure_element.ISecureElement/eSE1": error code: 0x20
12-02 16:11:40.433   745   745 I servicemanager: Since 'android.hardware.secure_element.ISecureElement/eSE1' could not be found, trying to start it as a lazy AIDL service. (if it's not configured to be a lazy service, it may be stuck starting or still starting).
12-02 16:11:40.434     1     1 E init    : Control message: Could not find 'aidl/android.hardware.secure_element.ISecureElement/eSE1' for ctl.interface_start from pid: 745 (/system/bin/servicemanager)
12-02 16:11:40.435 27120 27120 I servicemanager: Tried to start aidl service android.hardware.secure_element.ISecureElement/eSE1 as a lazy service, but was unable to. Usually this happens when a service is not installed, but if the service is intended to be used as a lazy service, then it may be configured incorrectly.
12-02 16:11:40.567  4519  4529 I mmid    : select timeout: wait for receiving msg
12-02 16:11:41.082 27116 27116 E sensors-qesdk: qmi_wait_for_service:160, timeout while waiting for sensors QMI service: will try 3 more time(s)
12-02 16:11:41.428 27092 27092 W ServiceManagerCppClient: Waited one second for android.hardware.secure_element.ISecureElement/eSE1 (is service started? Number of threads started in the threadpool: 15. Are binder threads started and available?)
12-02 16:11:41.436   745   745 I servicemanager: Since 'android.hardware.secure_element.ISecureElement/eSE1' could not be found, trying to start it as a lazy AIDL service. (if it's not configured to be a lazy service, it may be stuck starting or still starting).
12-02 16:11:41.437     1     1 E init    : Control message: Could not find 'aidl/android.hardware.secure_element.ISecureElement/eSE1' for ctl.interface_start from pid: 745 (/system/bin/servicemanager)
12-02 16:11:41.437 27121 27121 I servicemanager: Tried to start aidl service android.hardware.secure_element.ISecureElement/eSE1 as a lazy service, but was unable to. Usually this happens when a service is not installed, but if the service is intended to be used as a lazy service, then it may be configured incorrectly.
12-02 16:11:41.430   745 27121 W libc    : Unable to set property "ctl.interface_start" to "aidl/android.hardware.secure_element.ISecureElement/eSE1": error code: 0x20
12-02 16:11:41.478 26976 26976 E FrameTracker: force finish cuj, time out: J<IME_INSETS_ANIMATION::1@0@com.google.mediapipe.examples.llminference>
12-02 16:11:42.431 27092 27092 W ServiceManagerCppClient: Waited one second for android.hardware.secure_element.ISecureElement/eSE1 (is service started? Number of threads started in the threadpool: 15. Are binder threads started and available?)
12-02 16:11:42.438   745   745 I servicemanager: Since 'android.hardware.secure_element.ISecureElement/eSE1' could not be found, trying to start it as a lazy AIDL service. (if it's not configured to be a lazy service, it may be stuck starting or still starting).
12-02 16:11:42.432   745 27122 W libc    : Unable to set property "ctl.interface_start" to "aidl/android.hardware.secure_element.ISecureElement/eSE1": error code: 0x20
12-02 16:11:42.439     1     1 E init    : Control message: Could not find 'aidl/android.hardware.secure_element.ISecureElement/eSE1' for ctl.interface_start from pid: 745 (/system/bin/servicemanager)
12-02 16:11:42.439 27122 27122 I servicemanager: Tried to start aidl service android.hardware.secure_element.ISecureElement/eSE1 as a lazy service, but was unable to. Usually this happens when a service is not installed, but if the service is intended to be used as a lazy service, then it may be configured incorrectly.
12-02 16:11:42.542     1     1 I init    : starting service 'vendor.secure_element'...
12-02 16:11:42.548     1     1 I init    : ... started service 'vendor.secure_element' has pid 27123
12-02 16:11:42.550 27123 27123 D GPTEE   : [TEE_client_api.cpp:58 initTEEC] initTEEC
12-02 16:11:42.550 27123 27123 W libc    : Access denied finding property "init.svc.qteeconnector-hal-1-0"
12-02 16:11:42.545 27123 27123 W android.hardwar: type=1400 audit(0.0:19166): avc:  denied  { read } for  name="u:object_r:init_service_status_private_prop:s0" dev="tmpfs" ino=240 scontext=u:r:hal_secure_element_default:s0 tcontext=u:object_r:init_service_status_private_prop:s0 tclass=file permissive=0
12-02 16:11:42.550 27123 27123 E android.hardware.secure_element-service.qti: eseGetVendorId: Unknown eSE HW
12-02 16:11:42.550 27123 27123 E GPQeSE-HAL: Unknown ese vendor
12-02 16:11:42.550 27123 27123 E GPQeSE-HAL: Failed on initalize eSE TA
12-02 16:11:42.558     1     1 I init    : Service 'vendor.secure_element' (pid 27123) exited with status 1
12-02 16:11:42.558     1     1 I init    : Sending signal 9 to service 'vendor.secure_element' (pid 27123) process group...
12-02 16:11:42.558     1     1 I libprocessgroup: Successfully killed process cgroup uid 1000 pid 27123 in 0ms
12-02 16:11:42.558     1     1 E init    : process with updatable components 'vendor.secure_element' exited 4 times in 4 minutes
12-02 16:11:42.558     1     1 I init    : processing action (sys.init.updatable_crashing=1) from (/system/etc/init/flags_health_check.rc:10)
12-02 16:11:42.555 27124 27124 I flags_health_check: ServerConfigurableFlagsReset reset_mode value: 1
12-02 16:11:42.556 27124 27124 I flags_health_check: ServerConfigurableFlagsReset updatable crashing detected, resetting flags.
12-02 16:11:43.083 27116 27116 E sensors-qesdk: qmi_wait_for_service:160, timeout while waiting for sensors QMI service: will try 2 more time(s)
12-02 16:11:43.433 27092 27092 W ServiceManagerCppClient: Waited one second for android.hardware.secure_element.ISecureElement/eSE1 (is service started? Number of threads started in the threadpool: 15. Are binder threads started and available?)
12-02 16:11:43.441   745   745 I servicemanager: Since 'android.hardware.secure_element.ISecureElement/eSE1' could not be found, trying to start it as a lazy AIDL service. (if it's not configured to be a lazy service, it may be stuck starting or still starting).
12-02 16:11:43.435   745 27125 W libc    : Unable to set property "ctl.interface_start" to "aidl/android.hardware.secure_element.ISecureElement/eSE1": error code: 0x20
12-02 16:11:43.442 27125 27125 I servicemanager: Tried to start aidl service android.hardware.secure_element.ISecureElement/eSE1 as a lazy service, but was unable to. Usually this happens when a service is not installed, but if the service is intended to be used as a lazy service, then it may be configured incorrectly.
12-02 16:11:43.572  4519  4529 I mmid    : select timeout: wait for receiving msg
12-02 16:11:44.436 27092 27092 W ServiceManagerCppClient: Waited one second for android.hardware.secure_element.ISecureElement/eSE1 (is service started? Number of threads started in the threadpool: 15. Are binder threads started and available?)
12-02 16:11:44.438   745 27126 W libc    : Unable to set property "ctl.interface_start" to "aidl/android.hardware.secure_element.ISecureElement/eSE1": error code: 0x20
12-02 16:11:44.443   745   745 I servicemanager: Since 'android.hardware.secure_element.ISecureElement/eSE1' could not be found, trying to start it as a lazy AIDL service. (if it's not configured to be a lazy service, it may be stuck starting or still starting).
12-02 16:11:44.444 27126 27126 I servicemanager: Tried to start aidl service android.hardware.secure_element.ISecureElement/eSE1 as a lazy service, but was unable to. Usually this happens when a service is not installed, but if the service is intended to be used as a lazy service, then it may be configured incorrectly.
12-02 16:11:45.085 27116 27116 E sensors-qesdk: qmi_wait_for_service:160, timeout while waiting for sensors QMI service: will try 1 more time(s)
12-02 16:11:45.438 27092 27092 W ServiceManagerCppClient: Waited one second for android.hardware.secure_element.ISecureElement/eSE1 (is service started? Number of threads started in the threadpool: 15. Are binder threads started and available?)
12-02 16:11:45.446   745   745 I servicemanager: Since 'android.hardware.secure_element.ISecureElement/eSE1' could not be found, trying to start it as a lazy AIDL service. (if it's not configured to be a lazy service, it may be stuck starting or still starting).
12-02 16:11:45.447     1     1 E init    : Control message: Could not find 'aidl/android.hardware.secure_element.ISecureElement/eSE1' for ctl.interface_start from pid: 745 (/system/bin/servicemanager)
12-02 16:11:45.440   745 27127 W libc    : Unable to set property "ctl.interface_start" to "aidl/android.hardware.secure_element.ISecureElement/eSE1": error code: 0x20
12-02 16:11:45.447 27127 27127 I servicemanager: Tried to start aidl service android.hardware.secure_element.ISecureElement/eSE1 as a lazy service, but was unable to. Usually this happens when a service is not installed, but if the service is intended to be used as a lazy service, then it may be configured incorrectly.
12-02 16:11:46.441 27092 27092 W ServiceManagerCppClient: Waited one second for android.hardware.secure_element.ISecureElement/eSE1 (is service started? Number of threads started in the threadpool: 15. Are binder threads started and available?)
12-02 16:11:46.448   745   745 I servicemanager: Since 'android.hardware.secure_element.ISecureElement/eSE1' could not be found, trying to start it as a lazy AIDL service. (if it's not configured to be a lazy service, it may be stuck starting or still starting).
12-02 16:11:46.449     1     1 E init    : Control message: Could not find 'aidl/android.hardware.secure_element.ISecureElement/eSE1' for ctl.interface_start from pid: 745 (/system/bin/servicemanager)
12-02 16:11:46.449 27128 27128 I servicemanager: Tried to start aidl service android.hardware.secure_element.ISecureElement/eSE1 as a lazy service, but was unable to. Usually this happens when a service is not installed, but if the service is intended to be used as a lazy service, then it may be configured incorrectly.
12-02 16:11:46.442   745 27128 W libc    : Unable to set property "ctl.interface_start" to "aidl/android.hardware.secure_element.ISecureElement/eSE1": error code: 0x20
12-02 16:11:46.576  4519  4529 I mmid    : select timeout: wait for receiving msg
12-02 16:11:47.087 27116 27116 E libc++abi: terminating with uncaught exception of type St13runtime_error: FATAL: could not find sensors QMI service
12-02 16:11:47.090  1337  1417 I minksocket: MinkIPC MESSAGE: ( 1337:1417 ) MinkIPC_QRTR_Service:351 minkipc = 0xb4000076c8029950 sock = 18, client with node 1 port 627c went down
12-02 16:11:47.090  1337  1424 I minksocket: MinkIPC MESSAGE: ( 1337:1424 ) MinkIPC_QRTR_Service:351 minkipc = 0xb4000076c8029ab0 sock = 12, client with node 1 port 627c went down
12-02 16:11:47.096     1     1 I init    : Service 'vendor.qsap.sensors' (pid 27116) received signal 31
12-02 16:11:47.097     1     1 I init    : Sending signal 9 to service 'vendor.qsap.sensors' (pid 27116) process group...
12-02 16:11:47.097     1     1 I libprocessgroup: Successfully killed process cgroup uid 1000 pid 27116 in 0ms
12-02 16:11:47.097     1     1 E init    : process with updatable components 'vendor.qsap.sensors' exited 4 times in 4 minutes
12-02 16:11:47.098     1     1 I init    : processing action (sys.init.updatable_crashing=1) from (/system/etc/init/flags_health_check.rc:10)
12-02 16:11:47.099     1     1 I init    : starting service 'exec 9303 (/system/bin/flags_health_check UPDATABLE_CRASHING)'...
12-02 16:11:47.102     1     1 I init    : ... started service 'exec 9303 (/system/bin/flags_health_check UPDATABLE_CRASHING)' has pid 27129
12-02 16:11:47.102     1     1 I init    : SVC_EXEC service 'exec 9303 (/system/bin/flags_health_check UPDATABLE_CRASHING)' pid 27129 (uid 1000 gid 1000+0 context default) started; waiting...
12-02 16:11:47.103 27129 27129 I flags_health_check: ServerConfigurableFlagsReset reset_mode value: 1
12-02 16:11:47.103 27129 27129 I flags_health_check: ServerConfigurableFlagsReset updatable crashing detected, resetting flags.
12-02 16:11:47.111 27130 27130 W qsap_sensors: libminijail[27130]: failed to get path of fd 3: No such file or directory
12-02 16:11:47.111 27130 27130 W qsap_sensors: libminijail[27130]: allowing syscall: connect
12-02 16:11:47.111 27130 27130 W qsap_sensors: libminijail[27130]: allowing syscall: fcntl
12-02 16:11:47.111 27130 27130 W qsap_sensors: libminijail[27130]: allowing syscall: sendto
12-02 16:11:47.111 27130 27130 W qsap_sensors: libminijail[27130]: allowing syscall: socket
12-02 16:11:47.111 27130 27130 W qsap_sensors: libminijail[27130]: allowing syscall: writev
12-02 16:11:47.111 27130 27130 W qsap_sensors: libminijail[27130]: logging seccomp filter failures
12-02 16:11:47.112 27130 27130 I sensors_qesdk: main:22, starting sensors_qesdk daemon
12-02 16:11:47.112 27130 27130 I sensors_qesdk: sensors_qesdk:80, construct sensors_qesdk
12-02 16:11:47.112 27130 27130 I sensors_qesdk: configure_log:215, log_level: 2
12-02 16:11:47.112 27130 27130 W libc    : Access denied finding property "ro.vendor.qc_aon_presence"
12-02 16:11:47.109 27130 27130 W qsap_sensors: type=1400 audit(0.0:19167): avc:  denied  { read } for  name="u:object_r:vendor_qc_aon_prop:s0" dev="tmpfs" ino=443 scontext=u:r:vendor_sensors_qesdk:s0 tcontext=u:object_r:vendor_qc_aon_prop:s0 tclass=file permissive=0
12-02 16:11:47.113  1337  1417 I minksocket: MinkIPC MESSAGE: ( 1337:1417 ) MinkIPC_QRTR_Service:351 minkipc = 0xb4000076c8029950 sock = 18, client with node 1 port 627f went down
12-02 16:11:47.113  1337  1424 I minksocket: MinkIPC MESSAGE: ( 1337:1424 ) MinkIPC_QRTR_Service:351 minkipc = 0xb4000076c8029ab0 sock = 12, client with node 1 port 627f went down
12-02 16:11:47.443 27092 27092 W ServiceManagerCppClient: Waited one second for android.hardware.secure_element.ISecureElement/eSE1 (is service started? Number of threads started in the threadpool: 15. Are binder threads started and available?)
12-02 16:11:47.451   745   745 I servicemanager: Since 'android.hardware.secure_element.ISecureElement/eSE1' could not be found, trying to start it as a lazy AIDL service. (if it's not configured to be a lazy service, it may be stuck starting or still starting).
12-02 16:11:47.445   745 27133 W libc    : Unable to set property "ctl.interface_start" to "aidl/android.hardware.secure_element.ISecureElement/eSE1": error code: 0x20
12-02 16:11:47.452 27133 27133 I servicemanager: Tried to start aidl service android.hardware.secure_element.ISecureElement/eSE1 as a lazy service, but was unable to. Usually this happens when a service is not installed, but if the service is intended to be used as a lazy service, then it may be configured incorrectly.
12-02 16:11:47.559 27134 27134 D GPTEE   : [TEE_client_api.cpp:58 initTEEC] initTEEC
12-02 16:11:47.560 27134 27134 W libc    : Access denied finding property "init.svc.qteeconnector-hal-1-0"
12-02 16:11:47.553 27134 27134 W android.hardwar: type=1400 audit(0.0:19168): avc:  denied  { read } for  name="u:object_r:init_service_status_private_prop:s0" dev="tmpfs" ino=240 scontext=u:r:hal_secure_element_default:s0 tcontext=u:object_r:init_service_status_private_prop:s0 tclass=file permissive=0
12-02 16:11:47.560 27134 27134 E GPQeSE-HAL: Unknown ese vendor
12-02 16:11:47.560 27134 27134 E GPQeSE-HAL: Failed on initalize eSE TA
12-02 16:11:47.570 27135 27135 I flags_health_check: ServerConfigurableFlagsReset reset_mode value: 1
12-02 16:11:47.570 27135 27135 I flags_health_check: ServerConfigurableFlagsReset updatable crashing detected, resetting flags.
12-02 16:11:48.445 27092 27092 W ServiceManagerCppClient: Waited one second for android.hardware.secure_element.ISecureElement/eSE1 (is service started? Number of threads started in the threadpool: 15. Are binder threads started and available?)
12-02 16:11:48.453   745   745 I servicemanager: Since 'android.hardware.secure_element.ISecureElement/eSE1' could not be found, trying to start it as a lazy AIDL service. (if it's not configured to be a lazy service, it may be stuck starting or still starting).
12-02 16:11:48.447   745 27136 W libc    : Unable to set property "ctl.interface_start" to "aidl/android.hardware.secure_element.ISecureElement/eSE1": error code: 0x20
12-02 16:11:48.454 27136 27136 I servicemanager: Tried to start aidl service android.hardware.secure_element.ISecureElement/eSE1 as a lazy service, but was unable to. Usually this happens when a service is not installed, but if the service is intended to be used as a lazy service, then it may be configured incorrectly.
12-02 16:11:49.114 27130 27130 E sensors-qesdk: qmi_wait_for_service:160, timeout while waiting for sensors QMI service: will try 3 more time(s)
12-02 16:11:49.447 27092 27092 W ServiceManagerCppClient: Waited one second for android.hardware.secure_element.ISecureElement/eSE1 (is service started? Number of threads started in the threadpool: 15. Are binder threads started and available?)
12-02 16:11:49.454   745   745 I servicemanager: Since 'android.hardware.secure_element.ISecureElement/eSE1' could not be found, trying to start it as a lazy AIDL service. (if it's not configured to be a lazy service, it may be stuck starting or still starting).
12-02 16:11:49.449   745 27137 W libc    : Unable to set property "ctl.interface_start" to "aidl/android.hardware.secure_element.ISecureElement/eSE1": error code: 0x20
12-02 16:11:49.455 27137 27137 I servicemanager: Tried to start aidl service android.hardware.secure_element.ISecureElement/eSE1 as a lazy service, but was unable to. Usually this happens when a service is not installed, but if the service is intended to be used as a lazy service, then it may be configured incorrectly.
12-02 16:11:49.581  4519  4529 I mmid    : select timeout: wait for receiving msg
12-02 16:11:50.448 27092 27092 W ServiceManagerCppClient: Waited one second for android.hardware.secure_element.ISecureElement/eSE1 (is service started? Number of threads started in the threadpool: 15. Are binder threads started and available?)
12-02 16:11:50.450   745 27138 W libc    : Unable to set property "ctl.interface_start" to "aidl/android.hardware.secure_element.ISecureElement/eSE1": error code: 0x20
12-02 16:11:50.456   745   745 I servicemanager: Since 'android.hardware.secure_element.ISecureElement/eSE1' could not be found, trying to start it as a lazy AIDL service. (if it's not configured to be a lazy service, it may be stuck starting or still starting).
12-02 16:11:50.456     1     1 E init    : Control message: Could not find 'aidl/android.hardware.secure_element.ISecureElement/eSE1' for ctl.interface_start from pid: 745 (/system/bin/servicemanager)
12-02 16:11:50.457 27138 27138 I servicemanager: Tried to start aidl service android.hardware.secure_element.ISecureElement/eSE1 as a lazy service, but was unable to. Usually this happens when a service is not installed, but if the service is intended to be used as a lazy service, then it may be configured incorrectly.
12-02 16:11:51.115 27130 27130 E sensors-qesdk: qmi_wait_for_service:160, timeout while waiting for sensors QMI service: will try 2 more time(s)
12-02 16:11:51.449 27092 27092 W ServiceManagerCppClient: Waited one second for android.hardware.secure_element.ISecureElement/eSE1 (is service started? Number of threads started in the threadpool: 15. Are binder threads started and available?)
12-02 16:11:51.457   745   745 I servicemanager: Since 'android.hardware.secure_element.ISecureElement/eSE1' could not be found, trying to start it as a lazy AIDL service. (if it's not configured to be a lazy service, it may be stuck starting or still starting).
12-02 16:11:51.458     1     1 E init    : Control message: Could not find 'aidl/android.hardware.secure_element.ISecureElement/eSE1' for ctl.interface_start from pid: 745 (/system/bin/servicemanager)
12-02 16:11:51.458 27139 27139 I servicemanager: Tried to start aidl service android.hardware.secure_element.ISecureElement/eSE1 as a lazy service, but was unable to. Usually this happens when a service is not installed, but if the service is intended to be used as a lazy service, then it may be configured incorrectly.
12-02 16:11:51.451   745 27139 W libc    : Unable to set property "ctl.interface_start" to "aidl/android.hardware.secure_element.ISecureElement/eSE1": error code: 0x20
12-02 16:11:52.451 27092 27092 W ServiceManagerCppClient: Waited one second for android.hardware.secure_element.ISecureElement/eSE1 (is service started? Number of threads started in the threadpool: 15. Are binder threads started and available?)
12-02 16:11:52.458   745   745 I servicemanager: Since 'android.hardware.secure_element.ISecureElement/eSE1' could not be found, trying to start it as a lazy AIDL service. (if it's not configured to be a lazy service, it may be stuck starting or still starting).
12-02 16:11:52.453   745 27140 W libc    : Unable to set property "ctl.interface_start" to "aidl/android.hardware.secure_element.ISecureElement/eSE1": error code: 0x20
12-02 16:11:52.459     1     1 E init    : Control message: Could not find 'aidl/android.hardware.secure_element.ISecureElement/eSE1' for ctl.interface_start from pid: 745 (/system/bin/servicemanager)
12-02 16:11:52.459 27140 27140 I servicemanager: Tried to start aidl service android.hardware.secure_element.ISecureElement/eSE1 as a lazy service, but was unable to. Usually this happens when a service is not installed, but if the service is intended to be used as a lazy service, then it may be configured incorrectly.
12-02 16:11:52.553     1     1 I init    : starting service 'vendor.secure_element'...
12-02 16:11:52.558     1     1 I init    : ... started service 'vendor.secure_element' has pid 27141
12-02 16:11:52.559 27141 27141 D GPTEE   : [TEE_client_api.cpp:58 initTEEC] initTEEC
12-02 16:11:52.559 27141 27141 W libc    : Access denied finding property "init.svc.qteeconnector-hal-1-0"
12-02 16:11:52.559 27141 27141 E android.hardware.secure_element-service.qti: eseGetVendorId: Unknown eSE HW
12-02 16:11:52.559 27141 27141 E GPQeSE-HAL: Unknown ese vendor
12-02 16:11:52.559 27141 27141 E GPQeSE-HAL: Failed on initalize eSE TA
12-02 16:11:52.553 27141 27141 W android.hardwar: type=1400 audit(0.0:19169): avc:  denied  { read } for  name="u:object_r:init_service_status_private_prop:s0" dev="tmpfs" ino=240 scontext=u:r:hal_secure_element_default:s0 tcontext=u:object_r:init_service_status_private_prop:s0 tclass=file permissive=0
12-02 16:11:52.566     1     1 I init    : Service 'vendor.secure_element' (pid 27141) exited with status 1
12-02 16:11:52.566     1     1 I init    : Sending signal 9 to service 'vendor.secure_element' (pid 27141) process group...
12-02 16:11:52.567     1     1 I libprocessgroup: Successfully killed process cgroup uid 1000 pid 27141 in 0ms
12-02 16:11:52.567     1     1 E init    : process with updatable components 'vendor.secure_element' exited 4 times in 4 minutes
12-02 16:11:52.568     1     1 I init    : processing action (sys.init.updatable_crashing=1) from (/system/etc/init/flags_health_check.rc:10)
12-02 16:11:52.569 27142 27142 I flags_health_check: ServerConfigurableFlagsReset reset_mode value: 1
12-02 16:11:52.569 27142 27142 I flags_health_check: ServerConfigurableFlagsReset updatable crashing detected, resetting flags.
12-02 16:11:52.583  4519  4529 I mmid    : select timeout: wait for receiving msg
12-02 16:11:53.117 27130 27130 E sensors-qesdk: qmi_wait_for_service:160, timeout while waiting for sensors QMI service: will try 1 more time(s)
12-02 16:11:53.452 27092 27092 W ServiceManagerCppClient: Waited one second for android.hardware.secure_element.ISecureElement/eSE1 (is service started? Number of threads started in the threadpool: 15. Are binder threads started and available?)
12-02 16:11:53.460   745   745 I servicemanager: Since 'android.hardware.secure_element.ISecureElement/eSE1' could not be found, trying to start it as a lazy AIDL service. (if it's not configured to be a lazy service, it may be stuck starting or still starting).
12-02 16:11:53.454   745 27143 W libc    : Unable to set property "ctl.interface_start" to "aidl/android.hardware.secure_element.ISecureElement/eSE1": error code: 0x20
12-02 16:11:53.461 27143 27143 I servicemanager: Tried to start aidl service android.hardware.secure_element.ISecureElement/eSE1 as a lazy service, but was unable to. Usually this happens when a service is not installed, but if the service is intended to be used as a lazy service, then it may be configured incorrectly.
12-02 16:11:54.453 27092 27092 W ServiceManagerCppClient: Waited one second for android.hardware.secure_element.ISecureElement/eSE1 (is service started? Number of threads started in the threadpool: 15. Are binder threads started and available?)
12-02 16:11:54.455   745 27144 W libc    : Unable to set property "ctl.interface_start" to "aidl/android.hardware.secure_element.ISecureElement/eSE1": error code: 0x20
12-02 16:11:54.461   745   745 I servicemanager: Since 'android.hardware.secure_element.ISecureElement/eSE1' could not be found, trying to start it as a lazy AIDL service. (if it's not configured to be a lazy service, it may be stuck starting or still starting).
12-02 16:11:54.462 27144 27144 I servicemanager: Tried to start aidl service android.hardware.secure_element.ISecureElement/eSE1 as a lazy service, but was unable to. Usually this happens when a service is not installed, but if the service is intended to be used as a lazy service, then it may be configured incorrectly.
12-02 16:11:55.119 27130 27130 E libc++abi: terminating with uncaught exception of type St13runtime_error: FATAL: could not find sensors QMI service
12-02 16:11:55.122  1337  1417 I minksocket: MinkIPC MESSAGE: ( 1337:1417 ) MinkIPC_QRTR_Service:351 minkipc = 0xb4000076c8029950 sock = 18, client with node 1 port 627e went down
12-02 16:11:55.122  1337  1424 I minksocket: MinkIPC MESSAGE: ( 1337:1424 ) MinkIPC_QRTR_Service:351 minkipc = 0xb4000076c8029ab0 sock = 12, client with node 1 port 627e went down
12-02 16:11:55.135 27145 27145 I flags_health_check: ServerConfigurableFlagsReset reset_mode value: 1
12-02 16:11:55.135 27145 27145 I flags_health_check: ServerConfigurableFlagsReset updatable crashing detected, resetting flags.
12-02 16:11:55.143 27146 27146 W qsap_sensors: libminijail[27146]: failed to get path of fd 3: No such file or directory
12-02 16:11:55.143 27146 27146 W qsap_sensors: libminijail[27146]: allowing syscall: connect
12-02 16:11:55.143 27146 27146 W qsap_sensors: libminijail[27146]: allowing syscall: fcntl
12-02 16:11:55.143 27146 27146 W qsap_sensors: libminijail[27146]: allowing syscall: sendto
12-02 16:11:55.143 27146 27146 W qsap_sensors: libminijail[27146]: allowing syscall: socket
12-02 16:11:55.143 27146 27146 W qsap_sensors: libminijail[27146]: allowing syscall: writev
12-02 16:11:55.143 27146 27146 W qsap_sensors: libminijail[27146]: logging seccomp filter failures
12-02 16:11:55.144 27146 27146 I sensors_qesdk: main:22, starting sensors_qesdk daemon
12-02 16:11:55.144 27146 27146 I sensors_qesdk: sensors_qesdk:80, construct sensors_qesdk
12-02 16:11:55.144 27146 27146 I sensors_qesdk: configure_log:215, log_level: 2
12-02 16:11:55.137 27146 27146 W qsap_sensors: type=1400 audit(0.0:19170): avc:  denied  { read } for  name="u:object_r:vendor_qc_aon_prop:s0" dev="tmpfs" ino=443 scontext=u:r:vendor_sensors_qesdk:s0 tcontext=u:object_r:vendor_qc_aon_prop:s0 tclass=file permissive=0
12-02 16:11:55.144 27146 27146 W libc    : Access denied finding property "ro.vendor.qc_aon_presence"
12-02 16:11:55.145  1337  1417 I minksocket: MinkIPC MESSAGE: ( 1337:1417 ) MinkIPC_QRTR_Service:351 minkipc = 0xb4000076c8029950 sock = 18, client with node 1 port 6281 went down
12-02 16:11:55.145  1337  1424 I minksocket: MinkIPC MESSAGE: ( 1337:1424 ) MinkIPC_QRTR_Service:351 minkipc = 0xb4000076c8029ab0 sock = 12, client with node 1 port 6281 went down
12-02 16:11:55.431  2478  2544 W ActivityManager: Timeout executing service: ServiceRecord{9a79afb u0 com.android.se/.SecureElementService}
12-02 16:11:55.437  2478 27149 D ActivityManager: created ANR temporary file:/data/anr/temp_anr_7083035722628253.txt
12-02 16:11:55.437  2478 27149 I ActivityManager: Collecting stacks for pid 27092 into temporary file temp_anr_7083035722628253.txt
12-02 16:11:55.437  2478 27150 D ActivityManager: created ANR temporary file:/data/anr/temp_anr_4048476367198376644.txt
12-02 16:11:55.437  2478 27150 I ActivityManager: Collecting stacks for pid 27092 into temporary file temp_anr_4048476367198376644.txt
12-02 16:11:55.438  2478 27149 I system_server: libdebuggerd_client: started dumping process 27092
12-02 16:11:55.438  2478 27150 I system_server: libdebuggerd_client: started dumping process 27092
12-02 16:11:55.439  1094  1094 I tombstoned: registered intercept for pid 27092 and type kDebuggerdJavaBacktrace
12-02 16:11:55.439  1094  1094 W tombstoned: pid 27092 already intercepted, type 2
12-02 16:11:55.439  2478 27150 E system_server: libdebuggerd_client: unexpected registration response: 0
12-02 16:11:55.440 27092 27097 I com.android.se: Thread[6,tid=27097,WaitingInMainSignalCatcherLoop,Thread*=0xb40000716198f330,peer=0x12c404a0,"Signal Catcher"]: reacting to signal 3
12-02 16:11:55.440 27092 27097 I com.android.se: 
12-02 16:11:55.441  2478 27151 I ActivityManager: dumpStackTraces pids=null
12-02 16:11:55.441  2478 27151 I ActivityManager: Dumping to /data/anr/anr_2024-12-02-16-11-55-441
12-02 16:11:55.443  2478 27150 W ActivityManager: Dumping Java threads failed, initiating native stack dump.
12-02 16:11:55.443  2478 27150 I system_server: libdebuggerd_client: started dumping process 27092
12-02 16:11:55.443  1094  1094 W tombstoned: pid 27092 already intercepted, type 0
12-02 16:11:55.443  2478 27150 E system_server: libdebuggerd_client: unexpected registration response: 0
12-02 16:11:55.443  2478 27150 W ActivityManager: Native stack dump failed!
12-02 16:11:55.455 27092 27092 W ServiceManagerCppClient: Waited one second for android.hardware.secure_element.ISecureElement/eSE1 (is service started? Number of threads started in the threadpool: 15. Are binder threads started and available?)
12-02 16:11:55.455   745 27153 W libc    : Unable to set property "ctl.interface_start" to "aidl/android.hardware.secure_element.ISecureElement/eSE1": error code: 0x20
12-02 16:11:55.456  1094  1094 I tombstoned: received crash request for pid 27092
12-02 16:11:55.456  1094  1094 I tombstoned: found intercept fd 512 for pid 27092 and type kDebuggerdJavaBacktrace
12-02 16:11:55.461   745   745 I servicemanager: Since 'android.hardware.secure_element.ISecureElement/eSE1' could not be found, trying to start it as a lazy AIDL service. (if it's not configured to be a lazy service, it may be stuck starting or still starting).
12-02 16:11:55.462     1     1 E init    : Control message: Could not find 'aidl/android.hardware.secure_element.ISecureElement/eSE1' for ctl.interface_start from pid: 745 (/system/bin/servicemanager)
12-02 16:11:55.462 27153 27153 I servicemanager: Tried to start aidl service android.hardware.secure_element.ISecureElement/eSE1 as a lazy service, but was unable to. Usually this happens when a service is not installed, but if the service is intended to be used as a lazy service, then it may be configured incorrectly.
12-02 16:11:55.456 27092 27097 I com.android.se: Wrote stack traces to tombstoned
12-02 16:11:55.456  1094  1094 W tombstoned: skipping tombstone file creation due to intercept
12-02 16:11:55.456  2478 27149 I system_server: libdebuggerd_client: done dumping process 27092
12-02 16:11:55.457  2478 27151 I ActivityManager: dumpStackTraces nativepids=null
12-02 16:11:55.457  2478 27151 I ActivityManager: dumpStackTraces extraPids=null
12-02 16:11:55.457  2478 27151 I ActivityManager: Done dumping
12-02 16:11:55.458  2478 27151 E ActivityManager: ANR in com.android.se
12-02 16:11:55.458  2478 27151 E ActivityManager: PID: 27092
12-02 16:11:55.458  2478 27151 E ActivityManager: Reason: executing service com.android.se/.SecureElementService
12-02 16:11:55.458  2478 27151 E ActivityManager: ErrorId: ea83316d-a252-446f-a399-67825c33c9e5
12-02 16:11:55.458  2478 27151 E ActivityManager: Frozen: false
12-02 16:11:55.458  2478 27151 E ActivityManager: Load: 0.0 / 0.0 / 0.0
12-02 16:11:55.458  2478 27151 E ActivityManager: ----- Output from /proc/pressure/memory -----
12-02 16:11:55.458  2478 27151 E ActivityManager: some avg10=0.00 avg60=0.00 avg300=0.00 total=611016
12-02 16:11:55.458  2478 27151 E ActivityManager: full avg10=0.00 avg60=0.00 avg300=0.00 total=494181
12-02 16:11:55.458  2478 27151 E ActivityManager: ----- End output from /proc/pressure/memory -----
12-02 16:11:55.458  2478 27151 E ActivityManager: ----- Output from /proc/pressure/cpu -----
12-02 16:11:55.458  2478 27151 E ActivityManager: some avg10=2.27 avg60=2.41 avg300=2.55 total=851758348
12-02 16:11:55.458  2478 27151 E ActivityManager: full avg10=0.00 avg60=0.00 avg300=0.00 total=0
12-02 16:11:55.458  2478 27151 E ActivityManager: ----- End output from /proc/pressure/cpu -----
12-02 16:11:55.458  2478 27151 E ActivityManager: ----- Output from /proc/pressure/io -----
12-02 16:11:55.458  2478 27151 E ActivityManager: some avg10=0.00 avg60=0.00 avg300=0.00 total=5436486
12-02 16:11:55.458  2478 27151 E ActivityManager: full avg10=0.00 avg60=0.00 avg300=0.00 total=3394370
12-02 16:11:55.458  2478 27151 E ActivityManager: ----- End output from /proc/pressure/io -----
12-02 16:11:55.458  2478 27151 E ActivityManager: 
12-02 16:11:55.458  2478 27151 E ActivityManager: CPU usage from 20078ms to -1ms ago (2024-12-02 16:11:35.359 to 2024-12-02 16:11:55.438):
12-02 16:11:55.458  2478 27151 E ActivityManager:   1.1% 19033/kworker/u16:2-memlat_wq: 0% user + 1.1% kernel
12-02 16:11:55.458  2478 27151 E ActivityManager:   0.7% 2500/irq/299-goodix_ts: 0% user + 0.7% kernel
