12-02 13:29:37.866  2478  2951 I AppsFilter: interaction: PackageSetting{ccf410d com.google.mediapipe.examples.llminference/10188} -> PackageSetting{ba3bfc8 com.android.internal.systemui.navbar.transparent/10017} BLOCKED
12-02 13:29:37.866  2478  2951 I AppsFilter: interaction: PackageSetting{ccf410d com.google.mediapipe.examples.llminference/10188} -> PackageSetting{3def6c8 com.android.dreams.phototable/10107} BLOCKED
12-02 13:29:37.866  2478  2951 I AppsFilter: interaction: PackageSetting{ccf410d com.google.mediapipe.examples.llminference/10188} -> PackageSetting{bd03361 com.android.providers.partnerbookmarks/10059} BLOCKED
12-02 13:29:37.866  2478  2951 I AppsFilter: interaction: PackageSetting{ccf410d com.google.mediapipe.examples.llminference/10188} -> PackageSetting{5539e86 com.android.smspush/10149} BLOCKED
12-02 13:29:37.866  2478  2951 I AppsFilter: interaction: PackageSetting{ccf410d com.google.mediapipe.examples.llminference/10188} -> PackageSetting{8b8347 com.android.wallpaper.livepicker/10030} BLOCKED
12-02 13:29:37.866  2478  2951 I AppsFilter: interaction: PackageSetting{ccf410d com.google.mediapipe.examples.llminference/10188} -> PackageSetting{d50b774 com.android.cellbroadcastreceiver.module/10155} BLOCKED
12-02 13:29:37.866  2478  2951 I AppsFilter: interaction: PackageSetting{ccf410d com.google.mediapipe.examples.llminference/10188} -> PackageSetting{afba49d com.android.apps.tag/10040} BLOCKED
12-02 13:29:37.866  2478  2951 I AppsFilter: interaction: PackageSetting{ccf410d com.google.mediapipe.examples.llminference/10188} -> PackageSetting{7bb1d12 com.android.imsserviceentitlement/10084} BLOCKED
12-02 13:29:37.866  2478  2951 I AppsFilter: interaction: PackageSetting{ccf410d com.google.mediapipe.examples.llminference/10188} -> PackageSetting{b730ce3 com.android.bookmarkprovider/10064} BLOCKED
12-02 13:29:37.866  2478  2951 I AppsFilter: interaction: PackageSetting{ccf410d com.google.mediapipe.examples.llminference/10188} -> PackageSetting{215f625 com.termux/10186} BLOCKED
12-02 13:29:37.866  2478  2951 I AppsFilter: interaction: PackageSetting{ccf410d com.google.mediapipe.examples.llminference/10188} -> PackageSetting{9f743fa com.android.cts.ctsshim/10171} BLOCKED
12-02 13:29:37.866  2478  2951 I AppsFilter: interaction: PackageSetting{ccf410d com.google.mediapipe.examples.llminference/10188} -> PackageSetting{69d5198 com.android.microdroid.empty_payload/10158} BLOCKED
12-02 13:29:37.866  2478  2951 I AppsFilter: interaction: PackageSetting{ccf410d com.google.mediapipe.examples.llminference/10188} -> PackageSetting{87bd6e0 com.android.email/10143} BLOCKED
12-02 13:29:37.866  2478  2951 I AppsFilter: interaction: PackageSetting{ccf410d com.google.mediapipe.examples.llminference/10188} -> PackageSetting{972ed99 com.android.hotspot2.osulogin/10167} BLOCKED
12-02 13:29:37.866  2478  2951 I AppsFilter: interaction: PackageSetting{ccf410d com.google.mediapipe.examples.llminference/10188} -> PackageSetting{4293b0a com.qualcomm.qti.bert/10180} BLOCKED
12-02 13:29:37.866  2478  2951 I AppsFilter: interaction: PackageSetting{ccf410d com.google.mediapipe.examples.llminference/10188} -> PackageSetting{df4f55 com.android.internal.systemui.navbar.gestural/10010} BLOCKED
12-02 13:29:37.866  2478  2951 I AppsFilter: interaction: PackageSetting{ccf410d com.google.mediapipe.examples.llminference/10188} -> PackageSetting{7a9f85e com.android.deskclock/10104} BLOCKED
12-02 13:29:37.866  2478  2951 I AppsFilter: interaction: PackageSetting{ccf410d com.google.mediapipe.examples.llminference/10188} -> PackageSetting{3bf943f com.android.exchange/10152} BLOCKED
12-02 13:29:37.866  2478  2951 I AppsFilter: interaction: PackageSetting{ccf410d com.google.mediapipe.examples.llminference/10188} -> PackageSetting{f77810c com.android.bluetoothmidiservice/10061} BLOCKED
12-02 13:29:37.866  2478  2951 I AppsFilter: interaction: PackageSetting{ccf410d com.google.mediapipe.examples.llminference/10188} -> PackageSetting{a7bca55 com.android.captiveportallogin/10048} BLOCKED
12-02 13:29:37.866  2478  2951 I AppsFilter: interaction: PackageSetting{ccf410d com.google.mediapipe.examples.llminference/10188} -> PackageSetting{ca56636 com.android.internal.systemui.navbar.gestural_narrow_back/10012} BLOCKED
12-02 13:29:37.924  2478 20916 I ActivityTaskManager: START u0 {cmp=com.google.mediapipe.examples.llminference/.MainActivity} with LAUNCH_MULTIPLE from uid 10188 (BAL_ALLOW_VISIBLE_WINDOW) result code=0
12-02 13:29:37.925  2849  2883 V WindowManagerShell: Transition requested: android.os.BinderProxy@e6d7769 TransitionRequestInfo { type = OPEN, triggerTask = TaskInfo{userId=0 taskId=155 displayId=0 isRunning=true baseIntent=Intent { act=android.intent.action.MAIN cat=[android.intent.category.LAUNCHER] flg=0x10200000 cmp=com.google.mediapipe.examples.llminference/.LoginActivity } baseActivity=ComponentInfo{com.google.mediapipe.examples.llminference/com.google.mediapipe.examples.llminference.LoginActivity} topActivity=ComponentInfo{com.google.mediapipe.examples.llminference/com.google.mediapipe.examples.llminference.MainActivity} origActivity=null realActivity=ComponentInfo{com.google.mediapipe.examples.llminference/com.google.mediapipe.examples.llminference.LoginActivity} numActivities=2 lastActiveTime=22162535 supportsMultiWindow=true resizeMode=1 isResizeable=true minWidth=-1 minHeight=-1 defaultMinSize=220 token=WCT{android.window.IWindowContainerToken$Stub$Proxy@33405ee} topActivityType=1 pictureInPictureParams=null shouldDockBigOverlays=false launchIntoPipHostTaskId=-1 lastParentTaskIdBeforePip=-1 displayCutoutSafeInsets=null topActivityInfo=ActivityInfo{b093a8f com.google.mediapipe.examples.llminference.MainActivity} launchCookies=[android.os.BinderProxy@dfb24bc] positionInParent=Point(0, 0) parentTaskId=-1 isFocused=true isVisible=true isVisibleRequested=true isSleeping=false topActivityInSizeCompat=false topActivityEligibleForLetterboxEducation= false topActivityLetterboxed= false isFromDoubleTap= false topActivityLetterboxVerticalPosition= -1 topActivityLetterboxHorizontalPosition= -1 topActivityLetterboxWidth=-1 topActivityLetterboxHeight=-1 locusId=null displayAreaFeatureId=1 cameraCompatControlState=hidden}, remoteTransition = null, displayChange = null }
12-02 13:29:37.927  2478 20916 I ActivityTaskManager: The Process com.google.mediapipe.examples.llminference Already Exists in BG. So sending its PID: 21489
12-02 13:29:37.931  2478  2534 V WindowManager: Sent Transition #76 createdAt=12-02 13:29:37.922 via request=TransitionRequestInfo { type = OPEN, triggerTask = TaskInfo{userId=0 taskId=155 displayId=0 isRunning=true baseIntent=Intent { act=android.intent.action.MAIN cat=[android.intent.category.LAUNCHER] flg=0x10200000 cmp=com.google.mediapipe.examples.llminference/.LoginActivity } baseActivity=ComponentInfo{com.google.mediapipe.examples.llminference/com.google.mediapipe.examples.llminference.LoginActivity} topActivity=ComponentInfo{com.google.mediapipe.examples.llminference/com.google.mediapipe.examples.llminference.MainActivity} origActivity=null realActivity=ComponentInfo{com.google.mediapipe.examples.llminference/com.google.mediapipe.examples.llminference.LoginActivity} numActivities=2 lastActiveTime=22162535 supportsMultiWindow=true resizeMode=1 isResizeable=true minWidth=-1 minHeight=-1 defaultMinSize=220 token=WCT{RemoteToken{adf3f7c Task{60fd0aa #155 type=standard A=10188:com.google.mediapipe.examples.llminference}}} topActivityType=1 pictureInPictureParams=null shouldDockBigOverlays=false launchIntoPipHostTaskId=-1 lastParentTaskIdBeforePip=-1 displayCutoutSafeInsets=null topActivityInfo=ActivityInfo{3f6f262 com.google.mediapipe.examples.llminference.MainActivity} launchCookies=[android.os.BinderProxy@a15b85a] positionInParent=Point(0, 0) parentTaskId=-1 isFocused=true isVisible=true isVisibleRequested=true isSleeping=false topActivityInSizeCompat=false topActivityEligibleForLetterboxEducation= false topActivityLetterboxed= false isFromDoubleTap= false topActivityLetterboxVerticalPosition= -1 topActivityLetterboxHorizontalPosition= -1 topActivityLetterboxWidth=-1 topActivityLetterboxHeight=-1 locusId=null displayAreaFeatureId=1 cameraCompatControlState=hidden}, remoteTransition = null, displayChange = null }
12-02 13:29:37.931  2849  2883 V WindowManagerShell: onTransitionReady android.os.BinderProxy@e6d7769: {id=76 t=OPEN f=0x0 trk=0 r=[0@Point(0, 0)] c=[{null m=OPEN f=STARTING_WINDOW_TRANSFER|FILLS_TASK|IS_BEHIND_STARTING_WINDOW leash=Surface(name=ActivityRecord{deaea98 u0 com.google.mediapipe.examples.llminference/.MainActivity)/@0x768f0ab sb=Rect(0, 0 - 0, 0) eb=Rect(0, 0 - 1080, 2400) d=-1->0 r=-1->0:-1},{null m=CLOSE f=FILLS_TASK|IS_BEHIND_STARTING_WINDOW|IS_OCCLUDED leash=Surface(name=ActivityRecord{c1b0795 u0 com.google.mediapipe.examples.llminference/.LoginActivity)/@0x44c308 sb=Rect(0, 0 - 1080, 2400) eb=Rect(0, 0 - 1080, 2400) d=0}]}
12-02 13:29:37.931  2849  2883 V WindowManagerShell: Non-visible anim so abort: (#76)android.os.BinderProxy@e6d7769@0
12-02 13:29:37.931  2849  2883 V WindowManagerShell: Transition was merged: (#76)android.os.BinderProxy@e6d7769@0 into (#75)android.os.BinderProxy@e190089@0
12-02 13:29:37.931  2478  2534 V WindowManager:     startWCT=WindowContainerTransaction { changes = {} hops = [] errorCallbackToken=null taskFragmentOrganizer=null }
12-02 13:29:37.932  2478  2534 V WindowManager:     info={id=76 t=OPEN f=0x0 trk=0 r=[0@Point(0, 0)] c=[{null m=OPEN f=STARTING_WINDOW_TRANSFER|FILLS_TASK|IS_BEHIND_STARTING_WINDOW leash=Surface(name=ActivityRecord{deaea98 u0 com.google.mediapipe.examples.llminference/.MainActivity)/@0xcf01844 sb=Rect(0, 0 - 0, 0) eb=Rect(0, 0 - 1080, 2400) d=-1->0 r=-1->0:-1},{null m=CLOSE f=FILLS_TASK|IS_BEHIND_STARTING_WINDOW|IS_OCCLUDED leash=Surface(name=ActivityRecord{c1b0795 u0 com.google.mediapipe.examples.llminference/.LoginActivity)/@0xe9ba557 sb=Rect(0, 0 - 1080, 2400) eb=Rect(0, 0 - 1080, 2400) d=0}]}
12-02 13:29:38.029  2478 20916 D CoreBackPreview: Window{94fe84f u0 com.google.mediapipe.examples.llminference/com.google.mediapipe.examples.llminference.MainActivity}: Setting back callback OnBackInvokedCallbackInfo{mCallback=android.window.IOnBackInvokedCallback$Stub$Proxy@9b06bba, mPriority=0, mIsAnimationCallback=false}
12-02 13:29:38.120   745   745 I servicemanager: Found android.hardware.graphics.allocator.IAllocator/default in device VINTF manifest.
12-02 13:29:38.123   745   745 I servicemanager: Found android.hardware.graphics.allocator.IAllocator/default in device VINTF manifest.
12-02 13:29:38.191  2849  2883 V WindowManagerShell: Transition animation finished (aborted=false), notifying core (#75)android.os.BinderProxy@e190089@0
12-02 13:29:38.194  2478  2534 V WindowManager: Finish Transition #75: created at 12-02 13:29:37.661 collect-started=0.057ms request-sent=3.793ms started=6.798ms ready=18.896ms sent=19.872ms finished=532.168ms
12-02 13:29:38.195  2478  2534 V WindowManager: Finish Transition #76: created at 12-02 13:29:37.922 collect-started=0.016ms request-sent=1.534ms started=3.103ms ready=5.225ms sent=8.949ms finished=272.843ms
12-02 13:29:38.196  2849  2883 V WindowManagerShell: Track 0 became idle
12-02 13:29:38.196  2849  2883 V WindowManagerShell: All active transition animations finished
12-02 13:29:38.201  2478  2916 D CompatibilityChangeReporter: Compat change id reported: 214016041; UID 10188; state: ENABLED
12-02 13:29:38.205  2478 13803 W InputMethodManagerService: Ignoring hideSoftInput of uid 10124 : com.android.internal.inputmethod.IInputMethodClient$Stub$Proxy@12f94f8
12-02 13:29:38.517   745   745 I servicemanager: Since 'android.hardware.secure_element.ISecureElement/eSE1' could not be found, trying to start it as a lazy AIDL service. (if it's not configured to be a lazy service, it may be stuck starting or still starting).
12-02 13:29:38.519 21533 21533 I servicemanager: Tried to start aidl service android.hardware.secure_element.ISecureElement/eSE1 as a lazy service, but was unable to. Usually this happens when a service is not installed, but if the service is intended to be used as a lazy service, then it may be configured incorrectly.
12-02 13:29:38.557  2478  2916 D CoreBackPreview: Window{5f24d76 u0 Splash Screen com.google.mediapipe.examples.llminference EXITING}: Setting back callback null
12-02 13:29:40.026     1     1 I init    : starting service 'vendor.secure_element'...
12-02 13:29:40.030     1     1 I init    : ... started service 'vendor.secure_element' has pid 21535
12-02 13:29:40.041     1     1 I init    : Service 'vendor.secure_element' (pid 21535) exited with status 1
12-02 13:29:40.041     1     1 I init    : Sending signal 9 to service 'vendor.secure_element' (pid 21535) process group...
12-02 13:29:40.041     1     1 I libprocessgroup: Successfully killed process cgroup uid 1000 pid 21535 in 0ms
12-02 13:29:40.041     1     1 E init    : process with updatable components 'vendor.secure_element' exited 4 times in 4 minutes
12-02 13:29:40.041     1     1 I init    : processing action (sys.init.updatable_crashing=1) from (/system/etc/init/flags_health_check.rc:10)
12-02 13:29:40.042     1     1 I init    : starting service 'exec 6476 (/system/bin/flags_health_check UPDATABLE_CRASHING)'...
12-02 13:29:40.043     1     1 I init    : ... started service 'exec 6476 (/system/bin/flags_health_check UPDATABLE_CRASHING)' has pid 21536
12-02 13:29:40.043     1     1 I init    : SVC_EXEC service 'exec 6476 (/system/bin/flags_health_check UPDATABLE_CRASHING)' pid 21536 (uid 1000 gid 1000+0 context default) started; waiting...
12-02 13:29:40.519   745   745 I servicemanager: Since 'android.hardware.secure_element.ISecureElement/eSE1' could not be found, trying to start it as a lazy AIDL service. (if it's not configured to be a lazy service, it may be stuck starting or still starting).
12-02 13:29:40.520 21537 21537 I servicemanager: Tried to start aidl service android.hardware.secure_element.ISecureElement/eSE1 as a lazy service, but was unable to. Usually this happens when a service is not installed, but if the service is intended to be used as a lazy service, then it may be configured incorrectly.
12-02 13:29:41.478  2478  2544 W ActivityManager: Timeout executing service: ServiceRecord{9a79afb u0 com.android.se/.SecureElementService}
12-02 13:29:41.481  2478 21538 D ActivityManager: created ANR temporary file:/data/anr/temp_anr_4962159789553402998.txt
12-02 13:29:41.481  2478 21538 I ActivityManager: Collecting stacks for pid 21431 into temporary file temp_anr_4962159789553402998.txt
12-02 13:29:41.481  2478 21539 D ActivityManager: created ANR temporary file:/data/anr/temp_anr_6731085844575769844.txt
12-02 13:29:41.481  2478 21539 I ActivityManager: Collecting stacks for pid 21431 into temporary file temp_anr_6731085844575769844.txt
12-02 13:29:41.485  2478 21540 I ActivityManager: dumpStackTraces pids=null
12-02 13:29:41.485  2478 21538 W ActivityManager: Dumping Java threads failed, initiating native stack dump.
12-02 13:29:41.485  2478 21540 I ActivityManager: Dumping to /data/anr/anr_2024-12-02-13-29-41-485
12-02 13:29:41.486  2478 21538 W ActivityManager: Native stack dump failed!
12-02 13:29:41.498  2478 21540 I ActivityManager: dumpStackTraces nativepids=null
12-02 13:29:41.498  2478 21540 I ActivityManager: dumpStackTraces extraPids=null
12-02 13:29:41.498  2478 21540 I ActivityManager: Done dumping
12-02 13:29:41.499  2478 21540 E ActivityManager: ANR in com.android.se
12-02 13:29:41.499  2478 21540 E ActivityManager: PID: 21431
12-02 13:29:41.499  2478 21540 E ActivityManager: Reason: executing service com.android.se/.SecureElementService
12-02 13:29:41.499  2478 21540 E ActivityManager: ErrorId: 18b6de15-c397-4478-aa84-979e0b7c6fe8
12-02 13:29:41.499  2478 21540 E ActivityManager: Frozen: false
12-02 13:29:41.499  2478 21540 E ActivityManager: Load: 0.0 / 0.0 / 0.0
12-02 13:29:41.499  2478 21540 E ActivityManager: ----- Output from /proc/pressure/memory -----
12-02 13:29:41.499  2478 21540 E ActivityManager: some avg10=0.00 avg60=0.00 avg300=0.00 total=522559
12-02 13:29:41.499  2478 21540 E ActivityManager: full avg10=0.00 avg60=0.00 avg300=0.00 total=419947
12-02 13:29:41.499  2478 21540 E ActivityManager: ----- End output from /proc/pressure/memory -----
12-02 13:29:41.499  2478 21540 E ActivityManager: ----- Output from /proc/pressure/cpu -----
12-02 13:29:41.499  2478 21540 E ActivityManager: some avg10=2.88 avg60=2.42 avg300=2.12 total=606169166
12-02 13:29:41.499  2478 21540 E ActivityManager: full avg10=0.00 avg60=0.00 avg300=0.00 total=0
12-02 13:29:41.499  2478 21540 E ActivityManager: ----- End output from /proc/pressure/cpu -----
12-02 13:29:41.499  2478 21540 E ActivityManager: ----- Output from /proc/pressure/io -----
12-02 13:29:41.499  2478 21540 E ActivityManager: some avg10=0.00 avg60=0.00 avg300=0.00 total=3947766
12-02 13:29:41.499  2478 21540 E ActivityManager: full avg10=0.00 avg60=0.00 avg300=0.00 total=2533829
12-02 13:29:41.499  2478 21540 E ActivityManager: ----- End output from /proc/pressure/io -----
12-02 13:29:41.499  2478 21540 E ActivityManager: 
12-02 13:29:41.499  2478 21540 E ActivityManager: CPU usage from 20064ms to -1ms ago (2024-12-02 13:29:21.418 to 2024-12-02 13:29:41.483):
12-02 13:29:41.499  2478 21540 E ActivityManager:   2.3% 1571/surfaceflinger: 1.4% user + 0.8% kernel / faults: 69 minor
12-02 13:29:41.499  2478 21540 E ActivityManager:   2.5% 1468/vendor.qti.hardware.display.composer-service: 1.6% user + 0.8% kernel / faults: 151 minor
12-02 13:29:41.499  2478 21540 E ActivityManager:   1% 932/crtc_commit:201: 0% user + 1% kernel
12-02 13:29:41.499  2478 21540 E ActivityManager:   0.7% 2849/com.android.systemui: 0.4% user + 0.2% kernel / faults: 1097 minor 1 major
12-02 13:29:41.499  2478 21540 E ActivityManager:   1.1% 2478/system_server: 0.3% user + 0.8% kernel / faults: 714 minor
12-02 13:29:41.499  2478 21540 E ActivityManager:   0.7% 2500/irq/299-goodix_ts: 0% user + 0.7% kernel
12-02 13:29:41.499  2478 21540 E ActivityManager:   0.7% 15862/kworker/u16:0-rq_stats: 0% user + 0.7% kernel / faults: 1 minor
12-02 13:29:41.499  2478 21540 E ActivityManager:   0.6% 29599/kworker/u16:2-memlat_wq: 0% user + 0.6% kernel / faults: 2 minor
12-02 13:29:41.499  2478 21540 E ActivityManager:   0.2% 3246/com.android.launcher3: 0.2% user + 0% kernel / faults: 447 minor
12-02 13:29:41.499  2478 21540 E ActivityManager:   0.5% 13077/kworker/u16:1-rq_stats: 0% user + 0.5% kernel / faults: 12 minor
12-02 13:29:41.499  2478 21540 E ActivityManager: 6% TOTAL: 3.2% user + 2.2% kernel + 0% iowait + 0.5% irq + 0% softirq
12-02 13:29:41.499  2478 21540 E ActivityManager: CPU usage from 22166093ms to 22166093ms ago (1970-01-01 00:00:00.000 to 1970-01-01 00:00:00.000) with 0% awake:
12-02 13:29:41.499  2478 21540 E ActivityManager: 0% TOTAL: 0% user + 0% kernel
12-02 13:29:41.500  2478 21540 I ActivityManager: Killing 21431:com.android.se/1068 (adj -800): bg anr
12-02 13:29:41.500  2478 21540 D ActivityManager: Completed ANR of com.android.se in 19ms, latency 2ms
12-02 13:29:41.506  2478  3918 I ActivityManager: Process com.android.se (pid 21431) has died: pers PER 
12-02 13:29:41.506  2478  3918 W ActivityManager: Scheduling restart of crashed service com.android.se/.SecureElementService in 0ms for persistent
12-02 13:29:41.507  2478  3918 W ActivityManager: Re-adding persistent process ProcessRecord{8b68b80 21431:com.android.se/1068}
12-02 13:29:41.507  2478  3918 D CompatibilityChangeReporter: Compat change id reported: 135634846; UID 1068; state: DISABLED
12-02 13:29:41.508  2478  2535 D DisplayManagerService: Drop pending events for gone uid 1068
12-02 13:29:41.515  2478  2545 I ActivityManager: Start proc 21542:com.android.se/1068 for restart com.android.se
12-02 13:29:41.540  2478  3918 I ActivityManager: Flag disabled. Ignoring finishAttachApplication from uid: 1068. pid: 21542
12-02 13:29:41.546   745   745 I servicemanager: Found vendor.qti.hardware.perf2.IPerf/default in device VINTF manifest.
12-02 13:29:41.548   745   745 I servicemanager: Found android.hardware.secure_element.ISecureElement/eSE1 in device VINTF manifest.
12-02 13:29:41.548   745   745 I servicemanager: Since 'android.hardware.secure_element.ISecureElement/eSE1' could not be found, trying to start it as a lazy AIDL service. (if it's not configured to be a lazy service, it may be stuck starting or still starting).
12-02 13:29:41.549 21563 21563 I servicemanager: Tried to start aidl service android.hardware.secure_element.ISecureElement/eSE1 as a lazy service, but was unable to. Usually this happens when a service is not installed, but if the service is intended to be used as a lazy service, then it may be configured incorrectly.
12-02 13:29:41.669  2478  3844 E TaskPersister: File error accessing recents directory (directory doesn't exist?).
12-02 13:29:42.549   745   745 I servicemanager: Since 'android.hardware.secure_element.ISecureElement/eSE1' could not be found, trying to start it as a lazy AIDL service. (if it's not configured to be a lazy service, it may be stuck starting or still starting).
12-02 13:29:42.550 21564 21564 I servicemanager: Tried to start aidl service android.hardware.secure_element.ISecureElement/eSE1 as a lazy service, but was unable to. Usually this happens when a service is not installed, but if the service is intended to be used as a lazy service, then it may be configured incorrectly.
--------- beginning of crash
12-02 13:29:43.026 21489 21525 E AndroidRuntime: FATAL EXCEPTION: DefaultDispatcher-worker-2
12-02 13:29:43.026 21489 21525 E AndroidRuntime: Process: com.google.mediapipe.examples.llminference, PID: 21489
12-02 13:29:43.026 21489 21525 E AndroidRuntime: java.lang.NullPointerException: Attempt to invoke interface method 'java.lang.Object kotlinx.coroutines.flow.MutableStateFlow.getValue()' on a null object reference
12-02 13:29:43.026 21489 21525 E AndroidRuntime: 	at com.google.mediapipe.examples.llminference.ChatViewModel$startConversation$1.invokeSuspend(ChatViewModel.kt:306)
12-02 13:29:43.026 21489 21525 E AndroidRuntime: 	at kotlin.coroutines.jvm.internal.BaseContinuationImpl.resumeWith(ContinuationImpl.kt:33)
12-02 13:29:43.026 21489 21525 E AndroidRuntime: 	at kotlinx.coroutines.DispatchedTask.run(DispatchedTask.kt:106)
12-02 13:29:43.026 21489 21525 E AndroidRuntime: 	at kotlinx.coroutines.internal.LimitedDispatcher$Worker.run(LimitedDispatcher.kt:115)
12-02 13:29:43.026 21489 21525 E AndroidRuntime: 	at kotlinx.coroutines.scheduling.TaskImpl.run(Tasks.kt:100)
12-02 13:29:43.026 21489 21525 E AndroidRuntime: 	at kotlinx.coroutines.scheduling.CoroutineScheduler.runSafely(CoroutineScheduler.kt:584)
12-02 13:29:43.026 21489 21525 E AndroidRuntime: 	at kotlinx.coroutines.scheduling.CoroutineScheduler$Worker.executeTask(CoroutineScheduler.kt:793)
12-02 13:29:43.026 21489 21525 E AndroidRuntime: 	at kotlinx.coroutines.scheduling.CoroutineScheduler$Worker.runWorker(CoroutineScheduler.kt:697)
12-02 13:29:43.026 21489 21525 E AndroidRuntime: 	at kotlinx.coroutines.scheduling.CoroutineScheduler$Worker.run(CoroutineScheduler.kt:684)
12-02 13:29:43.026 21489 21525 E AndroidRuntime: 	Suppressed: kotlinx.coroutines.internal.DiagnosticCoroutineContextException: [StandaloneCoroutine{Cancelling}@6d02c91, Dispatchers.IO]
12-02 13:29:43.028  2478 21573 I DropBoxManagerService: add tag=data_app_crash isTagEnabled=true flags=0x2
12-02 13:29:43.029  2478  3918 W ActivityTaskManager:   Force finishing activity com.google.mediapipe.examples.llminference/.MainActivity
12-02 13:29:43.029  2849  2883 V WindowManagerShell: Transition requested: android.os.BinderProxy@3e8ca23 TransitionRequestInfo { type = CLOSE, triggerTask = null, remoteTransition = null, displayChange = null }
12-02 13:29:43.032  2478  2535 I ActivityManager: Showing crash dialog for package com.google.mediapipe.examples.llminference u0
12-02 13:29:43.039  2478  2535 D CompatibilityChangeReporter: Compat change id reported: 168419799; UID 1000; state: DISABLED
12-02 13:29:43.039  2478  2535 D CompatibilityChangeReporter: Compat change id reported: 273564678; UID 1000; state: DISABLED
12-02 13:29:43.041  2478  2535 D CoreBackPreview: Window{21f23c9 u0 Application Error: com.google.mediapipe.examples.llminference}: Setting back callback OnBackInvokedCallbackInfo{mCallback=android.window.WindowOnBackInvokedDispatcher$OnBackInvokedCallbackWrapper@f41df83, mPriority=0, mIsAnimationCallback=false}
12-02 13:29:43.160  2478  2534 V WindowManager: Sent Transition #77 createdAt=12-02 13:29:43.029 via request=TransitionRequestInfo { type = CLOSE, triggerTask = null, remoteTransition = null, displayChange = null }
12-02 13:29:43.160  2478  2534 V WindowManager:     startWCT=WindowContainerTransaction { changes = {} hops = [] errorCallbackToken=null taskFragmentOrganizer=null }
12-02 13:29:43.160  2478  2534 V WindowManager:     info={id=77 t=CLOSE f=0x10 trk=0 r=[0@Point(0, 0)] c=[{WCT{RemoteToken{b87f5f7 Task{7dd3025 #1 type=home}}} m=TO_FRONT f=SHOW_WALLPAPER|MOVE_TO_TOP leash=Surface(name=Task=1)/@0x436aede sb=Rect(0, 0 - 1080, 2400) eb=Rect(0, 0 - 1080, 2400) d=0},{WCT{RemoteToken{adf3f7c Task{60fd0aa #155 type=standard A=10188:com.google.mediapipe.examples.llminference}}} m=CLOSE f=NONE leash=Surface(name=Task=155)/@0x6878e50 sb=Rect(0, 0 - 1080, 2400) eb=Rect(0, 0 - 1080, 2400) d=0},{null m=TO_FRONT f=IS_WALLPAPER leash=Surface(name=WallpaperWindowToken{ae83e8c token=android.os.Binder@6aed7bf})/@0x7c8e92a sb=Rect(0, 0 - 1080, 2400) eb=Rect(0, 0 - 1080, 2400) d=0}]}
12-02 13:29:43.161  2849  2883 V WindowManagerShell: onTransitionReady android.os.BinderProxy@3e8ca23: {id=77 t=CLOSE f=0x10 trk=0 r=[0@Point(0, 0)] c=[{WCT{android.window.IWindowContainerToken$Stub$Proxy@b519d95} m=TO_FRONT f=SHOW_WALLPAPER|MOVE_TO_TOP leash=Surface(name=Task=1)/@0x8160cd9 sb=Rect(0, 0 - 1080, 2400) eb=Rect(0, 0 - 1080, 2400) d=0},{WCT{android.window.IWindowContainerToken$Stub$Proxy@601aeaa} m=CLOSE f=NONE leash=Surface(name=Task=155)/@0x223c69e sb=Rect(0, 0 - 1080, 2400) eb=Rect(0, 0 - 1080, 2400) d=0},{null m=TO_FRONT f=IS_WALLPAPER leash=Surface(name=WallpaperWindowToken{ae83e8c token=android.os.Binder@6aed7bf})/@0xbf3e57f sb=Rect(0, 0 - 1080, 2400) eb=Rect(0, 0 - 1080, 2400) d=0}]}
12-02 13:29:43.161  2849  2883 V WindowManagerShell: Playing animation for (#77)android.os.BinderProxy@3e8ca23@0
12-02 13:29:43.161  2849  2883 V WindowManagerShell:  try handler com.android.wm.shell.transition.DefaultMixedHandler@3119d2e
12-02 13:29:43.161  2849  2883 V WindowManagerShell:  try handler com.android.wm.shell.keyguard.KeyguardTransitionHandler@be9709f
12-02 13:29:43.161  2849  2883 V WindowManagerShell:  try handler com.android.wm.shell.activityembedding.ActivityEmbeddingController@caf95ec
12-02 13:29:43.161  2849  2883 V WindowManagerShell:  try handler com.android.wm.shell.recents.RecentsTransitionHandler@6f8edb5
12-02 13:29:43.161  2849  2883 V ShellRecents: RecentsTransitionHandler.startAnimation: no controller found
12-02 13:29:43.161  2849  2883 V WindowManagerShell:  try handler com.android.wm.shell.pip.PipTransition@f688c4a
12-02 13:29:43.161  2849  2883 V WindowManagerShell:  try handler com.android.wm.shell.splitscreen.StageCoordinator@57e77bb
12-02 13:29:43.161  2849  2883 V WindowManagerShell:  try handler com.android.wm.shell.transition.RemoteTransitionHandler@4f624d8
12-02 13:29:43.161  2849  2883 V WindowManagerShell: Transition doesn't have explicit remote, search filters for match for {id=77 t=CLOSE f=0x10 trk=0 r=[0@Point(0, 0)] c=[{WCT{android.window.IWindowContainerToken$Stub$Proxy@b519d95} m=TO_FRONT f=SHOW_WALLPAPER|MOVE_TO_TOP leash=Surface(name=Task=1)/@0x8160cd9 sb=Rect(0, 0 - 1080, 2400) eb=Rect(0, 0 - 1080, 2400) d=0},{WCT{android.window.IWindowContainerToken$Stub$Proxy@601aeaa} m=CLOSE f=NONE leash=Surface(name=Task=155)/@0x223c69e sb=Rect(0, 0 - 1080, 2400) eb=Rect(0, 0 - 1080, 2400) d=0},{null m=TO_FRONT f=IS_WALLPAPER leash=Surface(name=WallpaperWindowToken{ae83e8c token=android.os.Binder@6aed7bf})/@0xbf3e57f sb=Rect(0, 0 - 1080, 2400) eb=Rect(0, 0 - 1080, 2400) d=0}]}
12-02 13:29:43.161  2849  2883 V WindowManagerShell:  Checking filter Pair{{types=[] flags=0x0] notFlags=0x100 checks=[{atype=home independent=true modes=[OPEN,TO_FRONT] flags=NONE mustBeTask=false order=TOP topActivity=ComponentInfo{com.android.launcher3/com.android.launcher3.uioverrides.QuickstepLauncher}},{atype=standard independent=true modes=[CLOSE,TO_BACK] flags=NONE mustBeTask=false order=ANY topActivity=null}]} RemoteTransition { remoteTransition = android.window.IRemoteTransition$Stub$Proxy@317b031, appThread = android.app.IApplicationThread$Stub$Proxy@fab2316, debugName = QuickstepLaunchHome }}
12-02 13:29:43.161  2849  2883 D RemoteTransitionHandler: Found filterPair{{types=[] flags=0x0] notFlags=0x100 checks=[{atype=home independent=true modes=[OPEN,TO_FRONT] flags=NONE mustBeTask=false order=TOP topActivity=ComponentInfo{com.android.launcher3/com.android.launcher3.uioverrides.QuickstepLauncher}},{atype=standard independent=true modes=[CLOSE,TO_BACK] flags=NONE mustBeTask=false order=ANY topActivity=null}]} RemoteTransition { remoteTransition = android.window.IRemoteTransition$Stub$Proxy@317b031, appThread = android.app.IApplicationThread$Stub$Proxy@fab2316, debugName = QuickstepLaunchHome }}
12-02 13:29:43.161  2849  2883 V WindowManagerShell:  Delegate animation for #77 to RemoteTransition { remoteTransition = android.window.IRemoteTransition$Stub$Proxy@317b031, appThread = android.app.IApplicationThread$Stub$Proxy@fab2316, debugName = QuickstepLaunchHome }
12-02 13:29:43.162  2849  2883 V WindowManagerShell:  animated by com.android.wm.shell.transition.RemoteTransitionHandler@4f624d8
12-02 13:29:43.480  2849  2883 V WindowManagerShell: Transition animation finished (aborted=false), notifying core (#77)android.os.BinderProxy@3e8ca23@0
12-02 13:29:43.481  2478  2534 V WindowManager: Finish Transition #77: created at 12-02 13:29:43.029 collect-started=0.083ms request-sent=0.122ms started=3.237ms ready=112.744ms sent=131.155ms finished=451.848ms
12-02 13:29:43.482  2849  2883 V WindowManagerShell: Track 0 became idle
12-02 13:29:43.482  2849  2883 V WindowManagerShell: All active transition animations finished
12-02 13:29:43.515  2478  2951 D CoreBackPreview: Window{94fe84f u0 com.google.mediapipe.examples.llminference/com.google.mediapipe.examples.llminference.MainActivity}: Setting back callback null
12-02 13:29:43.539  2478  2951 D ActivityManager: sync unfroze 4092 com.google.android.gms for 6
12-02 13:29:43.550   745   745 I servicemanager: Since 'android.hardware.secure_element.ISecureElement/eSE1' could not be found, trying to start it as a lazy AIDL service. (if it's not configured to be a lazy service, it may be stuck starting or still starting).
12-02 13:29:43.550 21583 21583 I servicemanager: Tried to start aidl service android.hardware.secure_element.ISecureElement/eSE1 as a lazy service, but was unable to. Usually this happens when a service is not installed, but if the service is intended to be used as a lazy service, then it may be configured incorrectly.
12-02 13:29:45.031     1     1 I init    : starting service 'vendor.secure_element'...
12-02 13:29:45.038     1     1 I init    : ... started service 'vendor.secure_element' has pid 21588
12-02 13:29:45.047     1     1 I init    : Service 'vendor.secure_element' (pid 21588) exited with status 1
12-02 13:29:45.047     1     1 I init    : Sending signal 9 to service 'vendor.secure_element' (pid 21588) process group...
12-02 13:29:45.048     1     1 I libprocessgroup: Successfully killed process cgroup uid 1000 pid 21588 in 0ms
12-02 13:29:45.048     1     1 E init    : process with updatable components 'vendor.secure_element' exited 4 times in 4 minutes
12-02 13:29:45.048     1     1 I init    : processing action (sys.init.updatable_crashing=1) from (/system/etc/init/flags_health_check.rc:10)
12-02 13:29:45.048     1     1 I init    : starting service 'exec 6478 (/system/bin/flags_health_check UPDATABLE_CRASHING)'...
12-02 13:29:45.050     1     1 I init    : ... started service 'exec 6478 (/system/bin/flags_health_check UPDATABLE_CRASHING)' has pid 21589
12-02 13:29:45.050     1     1 I init    : SVC_EXEC service 'exec 6478 (/system/bin/flags_health_check UPDATABLE_CRASHING)' pid 21589 (uid 1000 gid 1000+0 context default) started; waiting...
12-02 13:29:45.556   745   745 I servicemanager: Since 'android.hardware.secure_element.ISecureElement/eSE1' could not be found, trying to start it as a lazy AIDL service. (if it's not configured to be a lazy service, it may be stuck starting or still starting).
12-02 13:29:45.557 21590 21590 I servicemanager: Tried to start aidl service android.hardware.secure_element.ISecureElement/eSE1 as a lazy service, but was unable to. Usually this happens when a service is not installed, but if the service is intended to be used as a lazy service, then it may be configured incorrectly.
12-02 13:29:46.528  2478  3844 E TaskPersister: File error accessing recents directory (directory doesn't exist?).
12-02 13:29:46.557   745   745 I servicemanager: Since 'android.hardware.secure_element.ISecureElement/eSE1' could not be found, trying to start it as a lazy AIDL service. (if it's not configured to be a lazy service, it may be stuck starting or still starting).
12-02 13:29:46.558 21591 21591 I servicemanager: Tried to start aidl service android.hardware.secure_element.ISecureElement/eSE1 as a lazy service, but was unable to. Usually this happens when a service is not installed, but if the service is intended to be used as a lazy service, then it may be configured incorrectly.
12-02 13:29:47.560   745   745 I servicemanager: Since 'android.hardware.secure_element.ISecureElement/eSE1' could not be found, trying to start it as a lazy AIDL service. (if it's not configured to be a lazy service, it may be stuck starting or still starting).
12-02 13:29:47.561 21592 21592 I servicemanager: Tried to start aidl service android.hardware.secure_element.ISecureElement/eSE1 as a lazy service, but was unable to. Usually this happens when a service is not installed, but if the service is intended to be used as a lazy service, then it may be configured incorrectly.
12-02 13:29:48.561   745   745 I servicemanager: Since 'android.hardware.secure_element.ISecureElement/eSE1' could not be found, trying to start it as a lazy AIDL service. (if it's not configured to be a lazy service, it may be stuck starting or still starting).
12-02 13:29:48.562 21593 21593 I servicemanager: Tried to start aidl service android.hardware.secure_element.ISecureElement/eSE1 as a lazy service, but was unable to. Usually this happens when a service is not installed, but if the service is intended to be used as a lazy service, then it may be configured incorrectly.
12-02 13:29:49.562   745   745 I servicemanager: Since 'android.hardware.secure_element.ISecureElement/eSE1' could not be found, trying to start it as a lazy AIDL service. (if it's not configured to be a lazy service, it may be stuck starting or still starting).
12-02 13:29:49.562 21596 21596 I servicemanager: Tried to start aidl service android.hardware.secure_element.ISecureElement/eSE1 as a lazy service, but was unable to. Usually this happens when a service is not installed, but if the service is intended to be used as a lazy service, then it may be configured incorrectly.
12-02 13:29:50.039     1     1 I init    : starting service 'vendor.secure_element'...
12-02 13:29:50.044     1     1 I init    : ... started service 'vendor.secure_element' has pid 21599
12-02 13:29:50.053     1     1 I init    : Service 'vendor.secure_element' (pid 21599) exited with status 1
12-02 13:29:50.053     1     1 I init    : Sending signal 9 to service 'vendor.secure_element' (pid 21599) process group...
12-02 13:29:50.053     1     1 I libprocessgroup: Successfully killed process cgroup uid 1000 pid 21599 in 0ms
12-02 13:29:50.053     1     1 E init    : process with updatable components 'vendor.secure_element' exited 4 times in 4 minutes
12-02 13:29:50.053     1     1 I init    : processing action (sys.init.updatable_crashing=1) from (/system/etc/init/flags_health_check.rc:10)
12-02 13:29:50.053     1     1 I init    : starting service 'exec 6480 (/system/bin/flags_health_check UPDATABLE_CRASHING)'...
12-02 13:29:50.055     1     1 I init    : ... started service 'exec 6480 (/system/bin/flags_health_check UPDATABLE_CRASHING)' has pid 21600
12-02 13:29:50.055     1     1 I init    : SVC_EXEC service 'exec 6480 (/system/bin/flags_health_check UPDATABLE_CRASHING)' pid 21600 (uid 1000 gid 1000+0 context default) started; waiting...
12-02 13:29:50.563   745   745 I servicemanager: Since 'android.hardware.secure_element.ISecureElement/eSE1' could not be found, trying to start it as a lazy AIDL service. (if it's not configured to be a lazy service, it may be stuck starting or still starting).
12-02 13:29:50.565 21601 21601 I servicemanager: Tried to start aidl service android.hardware.secure_element.ISecureElement/eSE1 as a lazy service, but was unable to. Usually this happens when a service is not installed, but if the service is intended to be used as a lazy service, then it may be configured incorrectly.
12-02 13:29:51.567   745   745 I servicemanager: Since 'android.hardware.secure_element.ISecureElement/eSE1' could not be found, trying to start it as a lazy AIDL service. (if it's not configured to be a lazy service, it may be stuck starting or still starting).
12-02 13:29:51.568 21602 21602 I servicemanager: Tried to start aidl service android.hardware.secure_element.ISecureElement/eSE1 as a lazy service, but was unable to. Usually this happens when a service is not installed, but if the service is intended to be used as a lazy service, then it may be configured incorrectly.
12-02 13:29:52.571   745   745 I servicemanager: Since 'android.hardware.secure_element.ISecureElement/eSE1' could not be found, trying to start it as a lazy AIDL service. (if it's not configured to be a lazy service, it may be stuck starting or still starting).
12-02 13:29:52.572 21603 21603 I servicemanager: Tried to start aidl service android.hardware.secure_element.ISecureElement/eSE1 as a lazy service, but was unable to. Usually this happens when a service is not installed, but if the service is intended to be used as a lazy service, then it may be configured incorrectly.
12-02 13:29:53.502  2478  2653 D ActivityManager: freezing 21489 com.google.mediapipe.examples.llminference
12-02 13:29:53.502  2478  2653 D ActivityManager: Reschedule freeze for process 21489 com.google.mediapipe.examples.llminference (outstanding txns), timeout=2067
12-02 13:29:53.509  2653  2653 I binder  : 2478:2653 ioctl 400c620e 6f16b0a668 returned -11
12-02 13:29:53.572   745   745 I servicemanager: Since 'android.hardware.secure_element.ISecureElement/eSE1' could not be found, trying to start it as a lazy AIDL service. (if it's not configured to be a lazy service, it may be stuck starting or still starting).
12-02 13:29:53.573 21604 21604 I servicemanager: Tried to start aidl service android.hardware.secure_element.ISecureElement/eSE1 as a lazy service, but was unable to. Usually this happens when a service is not installed, but if the service is intended to be used as a lazy service, then it may be configured incorrectly.
12-02 13:29:54.574   745   745 I servicemanager: Since 'android.hardware.secure_element.ISecureElement/eSE1' could not be found, trying to start it as a lazy AIDL service. (if it's not configured to be a lazy service, it may be stuck starting or still starting).
12-02 13:29:54.575 21605 21605 I servicemanager: Tried to start aidl service android.hardware.secure_element.ISecureElement/eSE1 as a lazy service, but was unable to. Usually this happens when a service is not installed, but if the service is intended to be used as a lazy service, then it may be configured incorrectly.
12-02 13:29:55.044     1     1 I init    : starting service 'vendor.secure_element'...
12-02 13:29:55.050     1     1 I init    : ... started service 'vendor.secure_element' has pid 21606
12-02 13:29:55.058     1     1 I init    : Service 'vendor.secure_element' (pid 21606) exited with status 1
12-02 13:29:55.058     1     1 I init    : Sending signal 9 to service 'vendor.secure_element' (pid 21606) process group...
12-02 13:29:55.058     1     1 I libprocessgroup: Successfully killed process cgroup uid 1000 pid 21606 in 0ms
12-02 13:29:55.058     1     1 E init    : process with updatable components 'vendor.secure_element' exited 4 times in 4 minutes
12-02 13:29:55.059     1     1 I init    : processing action (sys.init.updatable_crashing=1) from (/system/etc/init/flags_health_check.rc:10)
12-02 13:29:55.059     1     1 I init    : starting service 'exec 6481 (/system/bin/flags_health_check UPDATABLE_CRASHING)'...
12-02 13:29:55.060     1     1 I init    : ... started service 'exec 6481 (/system/bin/flags_health_check UPDATABLE_CRASHING)' has pid 21607
12-02 13:29:55.060     1     1 I init    : SVC_EXEC service 'exec 6481 (/system/bin/flags_health_check UPDATABLE_CRASHING)' pid 21607 (uid 1000 gid 1000+0 context default) started; waiting...
12-02 13:29:55.575   745   745 I servicemanager: Since 'android.hardware.secure_element.ISecureElement/eSE1' could not be found, trying to start it as a lazy AIDL service. (if it's not configured to be a lazy service, it may be stuck starting or still starting).
12-02 13:29:55.577 21608 21608 I servicemanager: Tried to start aidl service android.hardware.secure_element.ISecureElement/eSE1 as a lazy service, but was unable to. Usually this happens when a service is not installed, but if the service is intended to be used as a lazy service, then it may be configured incorrectly.
12-02 13:29:55.594  2478  2653 D ActivityManager: freezing 21489 com.google.mediapipe.examples.llminference
12-02 13:29:55.595  2478  2653 D ActivityManager: Reschedule freeze for process 21489 com.google.mediapipe.examples.llminference (outstanding txns), timeout=1000
12-02 13:29:55.601  2653  2653 I binder  : 2478:2653 ioctl 400c620e 6f16b0a668 returned -11
12-02 13:29:56.578   745   745 I servicemanager: Since 'android.hardware.secure_element.ISecureElement/eSE1' could not be found, trying to start it as a lazy AIDL service. (if it's not configured to be a lazy service, it may be stuck starting or still starting).
12-02 13:29:56.579 21609 21609 I servicemanager: Tried to start aidl service android.hardware.secure_element.ISecureElement/eSE1 as a lazy service, but was unable to. Usually this happens when a service is not installed, but if the service is intended to be used as a lazy service, then it may be configured incorrectly.
12-02 13:29:56.605  2478  2653 D ActivityManager: freezing 21489 com.google.mediapipe.examples.llminference
12-02 13:29:56.605  2478  2653 D ActivityManager: Kill app due to repeated failure to freeze binder: 21489 com.google.mediapipe.examples.llminference
12-02 13:29:56.606  2478  2544 I ActivityManager: Killing 21489:com.google.mediapipe.examples.llminference/u0a188 (adj 900): excessive binder traffic during cached
12-02 13:29:56.612  2653  2653 I binder  : 2478:2653 ioctl 400c620e 6f16b0a668 returned -11
12-02 13:29:56.692 17659 17659 W binder_debug: 228 callbacks suppressed
12-02 13:29:56.692 17659 17659 I binder  : release 21489:21525 transaction 1054949 out, still active
12-02 13:29:56.687  2478  2535 D CoreBackPreview: Window{21f23c9 u0 Application Error: com.google.mediapipe.examples.llminference}: Setting back callback null
12-02 13:29:56.689  2478  2537 W ActivityManager: setHasOverlayUi called on unknown pid: 21489
12-02 13:29:56.689  2478  3918 W ActivityManager: Ignoring remove of inactive process: ProcessRecord{372f038 0:com.google.mediapipe.examples.llminference/u0a188}
12-02 13:29:56.696  3918  3918 I binder  : 3918:2478 reply target not found
12-02 13:29:56.696  3918  3918 I binder  : 2478:3918 transaction reply to 0:0 failed 1056853/29189/0, size 4-0 line 3179
12-02 13:29:56.696  3918  3918 I binder  : send failed reply for transaction 1054949, target dead
12-02 13:29:56.699  2478  2537 V WindowManager: Unknown focus tokens, dropping reportFocusChanged
12-02 13:29:56.699  2478  2535 D DisplayManagerService: Drop pending events for gone uid 10188
12-02 13:29:57.579   745   745 I servicemanager: Since 'android.hardware.secure_element.ISecureElement/eSE1' could not be found, trying to start it as a lazy AIDL service. (if it's not configured to be a lazy service, it may be stuck starting or still starting).
12-02 13:29:57.583 21613 21613 I servicemanager: Tried to start aidl service android.hardware.secure_element.ISecureElement/eSE1 as a lazy service, but was unable to. Usually this happens when a service is not installed, but if the service is intended to be used as a lazy service, then it may be configured incorrectly.
12-02 13:29:58.581   745   745 I servicemanager: Since 'android.hardware.secure_element.ISecureElement/eSE1' could not be found, trying to start it as a lazy AIDL service. (if it's not configured to be a lazy service, it may be stuck starting or still starting).
12-02 13:29:58.582 21617 21617 I servicemanager: Tried to start aidl service android.hardware.secure_element.ISecureElement/eSE1 as a lazy service, but was unable to. Usually this happens when a service is not installed, but if the service is intended to be used as a lazy service, then it may be configured incorrectly.
12-02 13:29:59.583   745   745 I servicemanager: Since 'android.hardware.secure_element.ISecureElement/eSE1' could not be found, trying to start it as a lazy AIDL service. (if it's not configured to be a lazy service, it may be stuck starting or still starting).
12-02 13:29:59.584 21618 21618 I servicemanager: Tried to start aidl service android.hardware.secure_element.ISecureElement/eSE1 as a lazy service, but was unable to. Usually this happens when a service is not installed, but if the service is intended to be used as a lazy service, then it may be configured incorrectly.
12-02 13:30:00.049     1     1 I init    : starting service 'vendor.secure_element'...
12-02 13:30:00.054     1     1 I init    : ... started service 'vendor.secure_element' has pid 21620
12-02 13:30:00.062     1     1 I init    : Service 'vendor.secure_element' (pid 21620) exited with status 1
12-02 13:30:00.062     1     1 I init    : Sending signal 9 to service 'vendor.secure_element' (pid 21620) process group...
12-02 13:30:00.063     1     1 I libprocessgroup: Successfully killed process cgroup uid 1000 pid 21620 in 0ms
12-02 13:30:00.063     1     1 E init    : process with updatable components 'vendor.secure_element' exited 4 times in 4 minutes
12-02 13:30:00.063     1     1 I init    : processing action (sys.init.updatable_crashing=1) from (/system/etc/init/flags_health_check.rc:10)
12-02 13:30:00.063     1     1 I init    : starting service 'exec 6482 (/system/bin/flags_health_check UPDATABLE_CRASHING)'...
12-02 13:30:00.064     1     1 I init    : ... started service 'exec 6482 (/system/bin/flags_health_check UPDATABLE_CRASHING)' has pid 21621
12-02 13:30:00.064     1     1 I init    : SVC_EXEC service 'exec 6482 (/system/bin/flags_health_check UPDATABLE_CRASHING)' pid 21621 (uid 1000 gid 1000+0 context default) started; waiting...
12-02 13:30:00.570  2478  2653 D ActivityManager: freezing 4092 com.google.android.gms
12-02 13:30:00.584   745   745 I servicemanager: Since 'android.hardware.secure_element.ISecureElement/eSE1' could not be found, trying to start it as a lazy AIDL service. (if it's not configured to be a lazy service, it may be stuck starting or still starting).
12-02 13:30:00.585 21622 21622 I servicemanager: Tried to start aidl service android.hardware.secure_element.ISecureElement/eSE1 as a lazy service, but was unable to. Usually this happens when a service is not installed, but if the service is intended to be used as a lazy service, then it may be configured incorrectly.
12-02 13:30:01.541  2478  2544 W ActivityManager: Timeout executing service: ServiceRecord{9a79afb u0 com.android.se/.SecureElementService}
12-02 13:30:01.546  2478 21623 D ActivityManager: created ANR temporary file:/data/anr/temp_anr_687270835792851583.txt
12-02 13:30:01.546  2478 21623 I ActivityManager: Collecting stacks for pid 21542 into temporary file temp_anr_687270835792851583.txt
12-02 13:30:01.546  2478 21624 D ActivityManager: created ANR temporary file:/data/anr/temp_anr_3084989229459013752.txt
12-02 13:30:01.546  2478 21624 I ActivityManager: Collecting stacks for pid 21542 into temporary file temp_anr_3084989229459013752.txt
12-02 13:30:01.551  2478 21624 W ActivityManager: Dumping Java threads failed, initiating native stack dump.
12-02 13:30:01.553  2478 21624 W ActivityManager: Native stack dump failed!
12-02 13:30:01.557  2478 21625 I ActivityManager: dumpStackTraces pids=null
12-02 13:30:01.558  2478 21625 I ActivityManager: Dumping to /data/anr/anr_2024-12-02-13-30-01-557
12-02 13:30:01.565  2478 21625 I ActivityManager: dumpStackTraces nativepids=null
12-02 13:30:01.565  2478 21625 I ActivityManager: dumpStackTraces extraPids=null
12-02 13:30:01.565  2478 21625 I ActivityManager: Done dumping
12-02 13:30:01.567  2478 21625 E ActivityManager: ANR in com.android.se
12-02 13:30:01.567  2478 21625 E ActivityManager: PID: 21542
12-02 13:30:01.567  2478 21625 E ActivityManager: Reason: executing service com.android.se/.SecureElementService
12-02 13:30:01.567  2478 21625 E ActivityManager: ErrorId: 599e561b-752f-4cdb-b088-a645e9d66e68
12-02 13:30:01.567  2478 21625 E ActivityManager: Frozen: false
12-02 13:30:01.567  2478 21625 E ActivityManager: Load: 0.0 / 0.0 / 0.0
12-02 13:30:01.567  2478 21625 E ActivityManager: ----- Output from /proc/pressure/memory -----
12-02 13:30:01.567  2478 21625 E ActivityManager: some avg10=0.00 avg60=0.00 avg300=0.00 total=523484
