12-02 13:31:02.796 21975 21975 I servicemanager: Tried to start aidl service android.hardware.secure_element.ISecureElement/eSE1 as a lazy service, but was unable to. Usually this happens when a service is not installed, but if the service is intended to be used as a lazy service, then it may be configured incorrectly.
12-02 13:31:04.129  2478  3844 E TaskPersister: File error accessing recents directory (directory doesn't exist?).
12-02 13:31:05.123     1     1 I init    : ... started service 'vendor.secure_element' has pid 21978
12-02 13:31:05.133     1     1 I init    : Service 'vendor.secure_element' (pid 21978) exited with status 1
12-02 13:31:05.133     1     1 I init    : Sending signal 9 to service 'vendor.secure_element' (pid 21978) process group...
12-02 13:31:05.133     1     1 I libprocessgroup: Successfully killed process cgroup uid 1000 pid 21978 in 0ms
12-02 13:31:05.133     1     1 E init    : process with updatable components 'vendor.secure_element' exited 4 times in 4 minutes
12-02 13:31:05.134     1     1 I init    : processing action (sys.init.updatable_crashing=1) from (/system/etc/init/flags_health_check.rc:10)
12-02 13:31:05.134     1     1 I init    : starting service 'exec 6500 (/system/bin/flags_health_check UPDATABLE_CRASHING)'...
12-02 13:31:05.135     1     1 I init    : ... started service 'exec 6500 (/system/bin/flags_health_check UPDATABLE_CRASHING)' has pid 21979
12-02 13:31:05.135     1     1 I init    : SVC_EXEC service 'exec 6500 (/system/bin/flags_health_check UPDATABLE_CRASHING)' pid 21979 (uid 1000 gid 1000+0 context default) started; waiting...
12-02 13:31:05.146     1     1 I init    : Service 'exec 6500 (/system/bin/flags_health_check UPDATABLE_CRASHING)' (pid 21979) exited with status 0 waiting took 0.010000 seconds
12-02 13:31:05.803   745   745 I servicemanager: Since 'android.hardware.secure_element.ISecureElement/eSE1' could not be found, trying to start it as a lazy AIDL service. (if it's not configured to be a lazy service, it may be stuck starting or still starting).
12-02 13:31:05.804 21980 21980 I servicemanager: Tried to start aidl service android.hardware.secure_element.ISecureElement/eSE1 as a lazy service, but was unable to. Usually this happens when a service is not installed, but if the service is intended to be used as a lazy service, then it may be configured incorrectly.
12-02 13:31:06.804   745   745 I servicemanager: Since 'android.hardware.secure_element.ISecureElement/eSE1' could not be found, trying to start it as a lazy AIDL service. (if it's not configured to be a lazy service, it may be stuck starting or still starting).
12-02 13:31:06.805 21981 21981 I servicemanager: Tried to start aidl service android.hardware.secure_element.ISecureElement/eSE1 as a lazy service, but was unable to. Usually this happens when a service is not installed, but if the service is intended to be used as a lazy service, then it may be configured incorrectly.
12-02 13:31:07.806   745   745 I servicemanager: Since 'android.hardware.secure_element.ISecureElement/eSE1' could not be found, trying to start it as a lazy AIDL service. (if it's not configured to be a lazy service, it may be stuck starting or still starting).
12-02 13:31:07.808 21983 21983 I servicemanager: Tried to start aidl service android.hardware.secure_element.ISecureElement/eSE1 as a lazy service, but was unable to. Usually this happens when a service is not installed, but if the service is intended to be used as a lazy service, then it may be configured incorrectly.
12-02 13:31:08.809   745   745 I servicemanager: Since 'android.hardware.secure_element.ISecureElement/eSE1' could not be found, trying to start it as a lazy AIDL service. (if it's not configured to be a lazy service, it may be stuck starting or still starting).
12-02 13:31:08.810 21984 21984 I servicemanager: Tried to start aidl service android.hardware.secure_element.ISecureElement/eSE1 as a lazy service, but was unable to. Usually this happens when a service is not installed, but if the service is intended to be used as a lazy service, then it may be configured incorrectly.
12-02 13:31:09.809   745   745 I servicemanager: Since 'android.hardware.secure_element.ISecureElement/eSE1' could not be found, trying to start it as a lazy AIDL service. (if it's not configured to be a lazy service, it may be stuck starting or still starting).
12-02 13:31:09.810 21989 21989 I servicemanager: Tried to start aidl service android.hardware.secure_element.ISecureElement/eSE1 as a lazy service, but was unable to. Usually this happens when a service is not installed, but if the service is intended to be used as a lazy service, then it may be configured incorrectly.
12-02 13:31:10.129     1     1 I init    : ... started service 'vendor.secure_element' has pid 21990
12-02 13:31:10.140     1     1 I init    : Service 'vendor.secure_element' (pid 21990) exited with status 1
12-02 13:31:10.140     1     1 I init    : Sending signal 9 to service 'vendor.secure_element' (pid 21990) process group...
12-02 13:31:10.140     1     1 I libprocessgroup: Successfully killed process cgroup uid 1000 pid 21990 in 0ms
12-02 13:31:10.140     1     1 E init    : process with updatable components 'vendor.secure_element' exited 4 times in 4 minutes
12-02 13:31:10.140     1     1 I init    : processing action (sys.init.updatable_crashing=1) from (/system/etc/init/flags_health_check.rc:10)
12-02 13:31:10.141     1     1 I init    : starting service 'exec 6502 (/system/bin/flags_health_check UPDATABLE_CRASHING)'...
12-02 13:31:10.142     1     1 I init    : ... started service 'exec 6502 (/system/bin/flags_health_check UPDATABLE_CRASHING)' has pid 21991
12-02 13:31:10.142     1     1 I init    : SVC_EXEC service 'exec 6502 (/system/bin/flags_health_check UPDATABLE_CRASHING)' pid 21991 (uid 1000 gid 1000+0 context default) started; waiting...
12-02 13:31:10.147     1     1 I init    : Service 'exec 6502 (/system/bin/flags_health_check UPDATABLE_CRASHING)' (pid 21991) exited with status 0 waiting took 0.005000 seconds
12-02 13:31:10.811   745   745 I servicemanager: Since 'android.hardware.secure_element.ISecureElement/eSE1' could not be found, trying to start it as a lazy AIDL service. (if it's not configured to be a lazy service, it may be stuck starting or still starting).
12-02 13:31:10.812 21992 21992 I servicemanager: Tried to start aidl service android.hardware.secure_element.ISecureElement/eSE1 as a lazy service, but was unable to. Usually this happens when a service is not installed, but if the service is intended to be used as a lazy service, then it may be configured incorrectly.
12-02 13:31:11.812   745   745 I servicemanager: Since 'android.hardware.secure_element.ISecureElement/eSE1' could not be found, trying to start it as a lazy AIDL service. (if it's not configured to be a lazy service, it may be stuck starting or still starting).
12-02 13:31:11.813 21993 21993 I servicemanager: Tried to start aidl service android.hardware.secure_element.ISecureElement/eSE1 as a lazy service, but was unable to. Usually this happens when a service is not installed, but if the service is intended to be used as a lazy service, then it may be configured incorrectly.
12-02 13:31:12.814   745   745 I servicemanager: Since 'android.hardware.secure_element.ISecureElement/eSE1' could not be found, trying to start it as a lazy AIDL service. (if it's not configured to be a lazy service, it may be stuck starting or still starting).
12-02 13:31:12.815 21994 21994 I servicemanager: Tried to start aidl service android.hardware.secure_element.ISecureElement/eSE1 as a lazy service, but was unable to. Usually this happens when a service is not installed, but if the service is intended to be used as a lazy service, then it may be configured incorrectly.
12-02 13:31:13.815   745   745 I servicemanager: Since 'android.hardware.secure_element.ISecureElement/eSE1' could not be found, trying to start it as a lazy AIDL service. (if it's not configured to be a lazy service, it may be stuck starting or still starting).
12-02 13:31:13.816 21995 21995 I servicemanager: Tried to start aidl service android.hardware.secure_element.ISecureElement/eSE1 as a lazy service, but was unable to. Usually this happens when a service is not installed, but if the service is intended to be used as a lazy service, then it may be configured incorrectly.
12-02 13:31:14.818   745   745 I servicemanager: Since 'android.hardware.secure_element.ISecureElement/eSE1' could not be found, trying to start it as a lazy AIDL service. (if it's not configured to be a lazy service, it may be stuck starting or still starting).
12-02 13:31:14.819 21996 21996 I servicemanager: Tried to start aidl service android.hardware.secure_element.ISecureElement/eSE1 as a lazy service, but was unable to. Usually this happens when a service is not installed, but if the service is intended to be used as a lazy service, then it may be configured incorrectly.
12-02 13:31:15.135     1     1 I init    : ... started service 'vendor.secure_element' has pid 21997
12-02 13:31:15.150     1     1 I init    : Service 'vendor.secure_element' (pid 21997) exited with status 1
12-02 13:31:15.150     1     1 I init    : Sending signal 9 to service 'vendor.secure_element' (pid 21997) process group...
12-02 13:31:15.150     1     1 I libprocessgroup: Successfully killed process cgroup uid 1000 pid 21997 in 0ms
12-02 13:31:15.150     1     1 E init    : process with updatable components 'vendor.secure_element' exited 4 times in 4 minutes
12-02 13:31:15.151     1     1 I init    : processing action (sys.init.updatable_crashing=1) from (/system/etc/init/flags_health_check.rc:10)
12-02 13:31:15.151     1     1 I init    : starting service 'exec 6503 (/system/bin/flags_health_check UPDATABLE_CRASHING)'...
12-02 13:31:15.153     1     1 I init    : ... started service 'exec 6503 (/system/bin/flags_health_check UPDATABLE_CRASHING)' has pid 21998
12-02 13:31:15.153     1     1 I init    : SVC_EXEC service 'exec 6503 (/system/bin/flags_health_check UPDATABLE_CRASHING)' pid 21998 (uid 1000 gid 1000+0 context default) started; waiting...
12-02 13:31:15.163     1     1 I init    : Service 'exec 6503 (/system/bin/flags_health_check UPDATABLE_CRASHING)' (pid 21998) exited with status 0 waiting took 0.010000 seconds
12-02 13:31:15.818   745   745 I servicemanager: Since 'android.hardware.secure_element.ISecureElement/eSE1' could not be found, trying to start it as a lazy AIDL service. (if it's not configured to be a lazy service, it may be stuck starting or still starting).
12-02 13:31:15.820 21999 21999 I servicemanager: Tried to start aidl service android.hardware.secure_element.ISecureElement/eSE1 as a lazy service, but was unable to. Usually this happens when a service is not installed, but if the service is intended to be used as a lazy service, then it may be configured incorrectly.
12-02 13:31:16.821   745   745 I servicemanager: Since 'android.hardware.secure_element.ISecureElement/eSE1' could not be found, trying to start it as a lazy AIDL service. (if it's not configured to be a lazy service, it may be stuck starting or still starting).
12-02 13:31:16.822 22000 22000 I servicemanager: Tried to start aidl service android.hardware.secure_element.ISecureElement/eSE1 as a lazy service, but was unable to. Usually this happens when a service is not installed, but if the service is intended to be used as a lazy service, then it may be configured incorrectly.
12-02 13:31:17.822   745   745 I servicemanager: Since 'android.hardware.secure_element.ISecureElement/eSE1' could not be found, trying to start it as a lazy AIDL service. (if it's not configured to be a lazy service, it may be stuck starting or still starting).
12-02 13:31:17.824 22003 22003 I servicemanager: Tried to start aidl service android.hardware.secure_element.ISecureElement/eSE1 as a lazy service, but was unable to. Usually this happens when a service is not installed, but if the service is intended to be used as a lazy service, then it may be configured incorrectly.
12-02 13:31:18.258  2478  2653 D ActivityManager: freezing 4092 com.google.android.gms
12-02 13:31:18.826   745   745 I servicemanager: Since 'android.hardware.secure_element.ISecureElement/eSE1' could not be found, trying to start it as a lazy AIDL service. (if it's not configured to be a lazy service, it may be stuck starting or still starting).
12-02 13:31:18.827 22006 22006 I servicemanager: Tried to start aidl service android.hardware.secure_element.ISecureElement/eSE1 as a lazy service, but was unable to. Usually this happens when a service is not installed, but if the service is intended to be used as a lazy service, then it may be configured incorrectly.
12-02 13:31:19.829   745   745 I servicemanager: Since 'android.hardware.secure_element.ISecureElement/eSE1' could not be found, trying to start it as a lazy AIDL service. (if it's not configured to be a lazy service, it may be stuck starting or still starting).
12-02 13:31:19.830 22007 22007 I servicemanager: Tried to start aidl service android.hardware.secure_element.ISecureElement/eSE1 as a lazy service, but was unable to. Usually this happens when a service is not installed, but if the service is intended to be used as a lazy service, then it may be configured incorrectly.
12-02 13:31:20.141     1     1 I init    : ... started service 'vendor.secure_element' has pid 22008
12-02 13:31:20.152     1     1 I init    : Service 'vendor.secure_element' (pid 22008) exited with status 1
12-02 13:31:20.152     1     1 I init    : Sending signal 9 to service 'vendor.secure_element' (pid 22008) process group...
12-02 13:31:20.152     1     1 I libprocessgroup: Successfully killed process cgroup uid 1000 pid 22008 in 0ms
12-02 13:31:20.152     1     1 E init    : process with updatable components 'vendor.secure_element' exited 4 times in 4 minutes
12-02 13:31:20.153     1     1 I init    : processing action (sys.init.updatable_crashing=1) from (/system/etc/init/flags_health_check.rc:10)
12-02 13:31:20.153     1     1 I init    : starting service 'exec 6505 (/system/bin/flags_health_check UPDATABLE_CRASHING)'...
12-02 13:31:20.154     1     1 I init    : ... started service 'exec 6505 (/system/bin/flags_health_check UPDATABLE_CRASHING)' has pid 22009
12-02 13:31:20.154     1     1 I init    : SVC_EXEC service 'exec 6505 (/system/bin/flags_health_check UPDATABLE_CRASHING)' pid 22009 (uid 1000 gid 1000+0 context default) started; waiting...
12-02 13:31:20.159     1     1 I init    : Service 'exec 6505 (/system/bin/flags_health_check UPDATABLE_CRASHING)' (pid 22009) exited with status 0 waiting took 0.005000 seconds
12-02 13:31:20.804 22014 22014 W binder_debug: 222 callbacks suppressed
12-02 13:31:20.804 22014 22014 I binder  : 22014:22014 transaction credentials failed
12-02 13:31:20.804 22014 22014 I binder  : 22014:22014 transaction call to 1458:0 failed 1076444/29201/-1, size 0-0 line 3269
12-02 13:31:20.804 22014 22014 I binder  : 22014:22014 transaction credentials failed
12-02 13:31:20.804 22014 22014 I binder  : 22014:22014 transaction call to 1347:0 failed 1076448/29201/-1, size 0-0 line 3269
12-02 13:31:20.804 22014 22014 I binder  : 22014:22014 transaction credentials failed
12-02 13:31:20.804 22014 22014 I binder  : 22014:22014 transaction call to 1016:0 failed 1076452/29201/-1, size 0-0 line 3269
12-02 13:31:20.804 22014 22014 I binder  : 22014:22014 transaction credentials failed
12-02 13:31:20.804 22014 22014 I binder  : 22014:22014 transaction call to 1459:0 failed 1076456/29201/-1, size 0-0 line 3269
12-02 13:31:20.805 22014 22014 I binder  : 22014:22014 transaction credentials failed
12-02 13:31:20.805 22014 22014 I binder  : 22014:22014 transaction call to 1764:0 failed 1076480/29201/-1, size 0-0 line 3269
12-02 13:31:20.806 22014 22014 W audit   : audit_lost=2479 audit_rate_limit=5 audit_backlog_limit=64
12-02 13:31:20.806 22014 22014 E audit   : rate limit exceeded
12-02 13:31:20.820   745   745 E SELinux : avc:  denied  { find } for pid=22014 uid=2000 name=incident scontext=u:r:shell:s0 tcontext=u:object_r:incident_service:s0 tclass=service_manager permissive=0
12-02 13:31:20.822   745   745 E SELinux : avc:  denied  { find } for pid=22014 uid=2000 name=installd scontext=u:r:shell:s0 tcontext=u:object_r:installd_service:s0 tclass=service_manager permissive=0
12-02 13:31:20.824   745   745 E SELinux : avc:  denied  { find } for pid=22014 uid=2000 name=mdns scontext=u:r:shell:s0 tcontext=u:object_r:mdns_service:s0 tclass=service_manager permissive=0
12-02 13:31:20.829   745   745 E SELinux : avc:  denied  { find } for pid=22014 uid=2000 name=netd scontext=u:r:shell:s0 tcontext=u:object_r:netd_service:s0 tclass=service_manager permissive=0
12-02 13:31:20.829   745   745 I servicemanager: Since 'android.hardware.secure_element.ISecureElement/eSE1' could not be found, trying to start it as a lazy AIDL service. (if it's not configured to be a lazy service, it may be stuck starting or still starting).
12-02 13:31:20.830 22022 22022 I servicemanager: Tried to start aidl service android.hardware.secure_element.ISecureElement/eSE1 as a lazy service, but was unable to. Usually this happens when a service is not installed, but if the service is intended to be used as a lazy service, then it may be configured incorrectly.
12-02 13:31:20.843   745   745 E SELinux : avc:  denied  { find } for pid=22014 uid=2000 name=suspend_control scontext=u:r:shell:s0 tcontext=u:object_r:system_suspend_control_service:s0 tclass=service_manager permissive=0
12-02 13:31:20.844   745   745 E SELinux : avc:  denied  { find } for pid=22014 uid=2000 name=suspend_control_internal scontext=u:r:shell:s0 tcontext=u:object_r:system_suspend_control_internal_service:s0 tclass=service_manager permissive=0
12-02 13:31:20.860   745   745 E SELinux : avc:  denied  { find } for pid=22014 uid=2000 name=vold scontext=u:r:shell:s0 tcontext=u:object_r:vold_service:s0 tclass=service_manager permissive=0
12-02 13:31:20.913  2478 29218 I ActivityManager: Force stopping com.google.mediapipe.examples.llminference appid=10188 user=0: from pid 22025
12-02 13:31:20.915  2478 29218 I AppsFilter: interaction: PackageSetting{4293b0a com.qualcomm.qti.bert/10180} -> PackageSetting{e86a13f com.google.mediapipe.examples.llminference/10188} BLOCKED
12-02 13:31:20.915  2478 29218 I AppsFilter: interaction: PackageSetting{69d5198 com.android.microdroid.empty_payload/10158} -> PackageSetting{e86a13f com.google.mediapipe.examples.llminference/10188} BLOCKED
12-02 13:31:20.945   745   745 E SELinux : avc:  denied  { find } for pid=22028 uid=2000 name=android.hardware.security.keymint.IKeyMintDevice/default scontext=u:r:shell:s0 tcontext=u:object_r:hal_keymint_service:s0 tclass=service_manager permissive=0
12-02 13:31:21.032  2478 29218 D CompatibilityChangeReporter: Compat change id reported: 161252188; UID 10188; state: DISABLED
12-02 13:31:21.033  2478 29218 W ActivityTaskManager: callingPackage for (uid=2000, pid=22033) has no WPC
12-02 13:31:21.040  2478 29218 V SplashScreenExceptionList: SplashScreen checking exception for package com.google.mediapipe.examples.llminference (target sdk:34) -> false
12-02 13:31:21.040  2478 29218 D CompatibilityChangeReporter: Compat change id reported: 205907456; UID 10188; state: ENABLED
12-02 13:31:21.041  2478 29218 I ActivityTaskManager: START u0 {act=android.intent.action.MAIN cat=[android.intent.category.LAUNCHER] flg=0x10000000 cmp=com.google.mediapipe.examples.llminference/.LoginActivity} with LAUNCH_MULTIPLE from uid 2000 (BAL_ALLOW_PERMISSION) result code=0
12-02 13:31:21.042  2849  2883 V WindowManagerShell: Transition requested: android.os.BinderProxy@55e8345 TransitionRequestInfo { type = OPEN, triggerTask = TaskInfo{userId=0 taskId=157 displayId=0 isRunning=true baseIntent=Intent { act=android.intent.action.MAIN cat=[android.intent.category.LAUNCHER] flg=0x10000000 cmp=com.google.mediapipe.examples.llminference/.LoginActivity } baseActivity=ComponentInfo{com.google.mediapipe.examples.llminference/com.google.mediapipe.examples.llminference.LoginActivity} topActivity=ComponentInfo{com.google.mediapipe.examples.llminference/com.google.mediapipe.examples.llminference.LoginActivity} origActivity=null realActivity=ComponentInfo{com.google.mediapipe.examples.llminference/com.google.mediapipe.examples.llminference.LoginActivity} numActivities=1 lastActiveTime=22265652 supportsMultiWindow=true resizeMode=1 isResizeable=true minWidth=-1 minHeight=-1 defaultMinSize=220 token=WCT{android.window.IWindowContainerToken$Stub$Proxy@19b1a9a} topActivityType=1 pictureInPictureParams=null shouldDockBigOverlays=false launchIntoPipHostTaskId=-1 lastParentTaskIdBeforePip=-1 displayCutoutSafeInsets=null topActivityInfo=ActivityInfo{e416fcb com.google.mediapipe.examples.llminference.LoginActivity} launchCookies=[] positionInParent=Point(0, 0) parentTaskId=-1 isFocused=false isVisible=false isVisibleRequested=false isSleeping=false topActivityInSizeCompat=false topActivityEligibleForLetterboxEducation= false topActivityLetterboxed= false isFromDoubleTap= false topActivityLetterboxVerticalPosition= -1 topActivityLetterboxHorizontalPosition= -1 topActivityLetterboxWidth=-1 topActivityLetterboxHeight=-1 locusId=null displayAreaFeatureId=1 cameraCompatControlState=hidden}, remoteTransition = null, displayChange = null }
12-02 13:31:21.043  2478  2537 D CompatibilityChangeReporter: Compat change id reported: 135634846; UID 10188; state: DISABLED
12-02 13:31:21.043  2478  2537 D CompatibilityChangeReporter: Compat change id reported: 177438394; UID 10188; state: DISABLED
12-02 13:31:21.043  2478  2537 D CompatibilityChangeReporter: Compat change id reported: 135772972; UID 10188; state: DISABLED
12-02 13:31:21.043  2478  2537 D CompatibilityChangeReporter: Compat change id reported: 135754954; UID 10188; state: ENABLED
12-02 13:31:21.043  2478  2545 D CompatibilityChangeReporter: Compat change id reported: 143937733; UID 10188; state: ENABLED
12-02 13:31:21.049  2478  2545 I ActivityManager: Start proc 22041:com.google.mediapipe.examples.llminference/u0a188 for next-top-activity {com.google.mediapipe.examples.llminference/com.google.mediapipe.examples.llminference.LoginActivity}
12-02 13:31:21.049  2478 22042 W ContextImpl: Calling a method in the system process without a qualified user: android.app.ContextImpl.sendBroadcast:1220 com.qualcomm.qti.Performance$SendGameLaunchBroadcast.run:247 java.lang.Thread.run:1012 <bottom of call stack> <bottom of call stack> 
12-02 13:31:21.050  2478 29218 D CoreBackPreview: Window{87e3fc2 u0 Splash Screen com.google.mediapipe.examples.llminference}: Setting back callback OnBackInvokedCallbackInfo{mCallback=android.window.IOnBackInvokedCallback$Stub$Proxy@d3b409, mPriority=0, mIsAnimationCallback=false}
12-02 13:31:21.052  2478  2641 D CompatibilityChangeReporter: Compat change id reported: 265195908; UID 10188; state: ENABLED
12-02 13:31:21.054  2478  2534 V WindowManager: Sent Transition #81 createdAt=12-02 13:31:21.034 via request=TransitionRequestInfo { type = OPEN, triggerTask = TaskInfo{userId=0 taskId=157 displayId=0 isRunning=true baseIntent=Intent { act=android.intent.action.MAIN cat=[android.intent.category.LAUNCHER] flg=0x10000000 cmp=com.google.mediapipe.examples.llminference/.LoginActivity } baseActivity=ComponentInfo{com.google.mediapipe.examples.llminference/com.google.mediapipe.examples.llminference.LoginActivity} topActivity=ComponentInfo{com.google.mediapipe.examples.llminference/com.google.mediapipe.examples.llminference.LoginActivity} origActivity=null realActivity=ComponentInfo{com.google.mediapipe.examples.llminference/com.google.mediapipe.examples.llminference.LoginActivity} numActivities=1 lastActiveTime=22265652 supportsMultiWindow=true resizeMode=1 isResizeable=true minWidth=-1 minHeight=-1 defaultMinSize=220 token=WCT{RemoteToken{4f4484b Task{4a0f636 #157 type=standard A=10188:com.google.mediapipe.examples.llminference}}} topActivityType=1 pictureInPictureParams=null shouldDockBigOverlays=false launchIntoPipHostTaskId=-1 lastParentTaskIdBeforePip=-1 displayCutoutSafeInsets=null topActivityInfo=ActivityInfo{f0bd228 com.google.mediapipe.examples.llminference.LoginActivity} launchCookies=[] positionInParent=Point(0, 0) parentTaskId=-1 isFocused=false isVisible=false isVisibleRequested=false isSleeping=false topActivityInSizeCompat=false topActivityEligibleForLetterboxEducation= false topActivityLetterboxed= false isFromDoubleTap= false topActivityLetterboxVerticalPosition= -1 topActivityLetterboxHorizontalPosition= -1 topActivityLetterboxWidth=-1 topActivityLetterboxHeight=-1 locusId=null displayAreaFeatureId=1 cameraCompatControlState=hidden}, remoteTransition = null, displayChange = null }
12-02 13:31:21.054  2478  2534 V WindowManager:     startWCT=WindowContainerTransaction { changes = {} hops = [] errorCallbackToken=null taskFragmentOrganizer=null }
12-02 13:31:21.054  2478  2534 V WindowManager:     info={id=81 t=OPEN f=0x0 trk=0 r=[0@Point(0, 0)] c=[{WCT{RemoteToken{4f4484b Task{4a0f636 #157 type=standard A=10188:com.google.mediapipe.examples.llminference}}} m=OPEN f=NONE leash=Surface(name=Task=157)/@0x4b0582f sb=Rect(0, 0 - 1080, 2400) eb=Rect(0, 0 - 1080, 2400) d=0},{WCT{RemoteToken{b87f5f7 Task{7dd3025 #1 type=home}}} m=TO_BACK f=SHOW_WALLPAPER leash=Surface(name=Task=1)/@0x436aede sb=Rect(0, 0 - 1080, 2400) eb=Rect(0, 0 - 1080, 2400) d=0}]}
12-02 13:31:21.054  2849  2883 V WindowManagerShell: onTransitionReady android.os.BinderProxy@55e8345: {id=81 t=OPEN f=0x0 trk=0 r=[0@Point(0, 0)] c=[{WCT{android.window.IWindowContainerToken$Stub$Proxy@3e646d8} m=OPEN f=NONE leash=Surface(name=Task=157)/@0x6ffc7b5 sb=Rect(0, 0 - 1080, 2400) eb=Rect(0, 0 - 1080, 2400) d=0},{WCT{android.window.IWindowContainerToken$Stub$Proxy@5b22a31} m=TO_BACK f=SHOW_WALLPAPER leash=Surface(name=Task=1)/@0x4bf5e4a sb=Rect(0, 0 - 1080, 2400) eb=Rect(0, 0 - 1080, 2400) d=0}]}
12-02 13:31:21.054  2849  2883 V WindowManagerShell: Playing animation for (#81)android.os.BinderProxy@55e8345@0
12-02 13:31:21.054  2849  2883 V WindowManagerShell:  try handler com.android.wm.shell.transition.DefaultMixedHandler@3119d2e
12-02 13:31:21.054  2849  2883 V WindowManagerShell:  try handler com.android.wm.shell.keyguard.KeyguardTransitionHandler@be9709f
12-02 13:31:21.054  2849  2883 V WindowManagerShell:  try handler com.android.wm.shell.activityembedding.ActivityEmbeddingController@caf95ec
12-02 13:31:21.054  2849  2883 V WindowManagerShell:  try handler com.android.wm.shell.recents.RecentsTransitionHandler@6f8edb5
12-02 13:31:21.054  2849  2883 V ShellRecents: RecentsTransitionHandler.startAnimation: no controller found
12-02 13:31:21.054  2849  2883 V WindowManagerShell:  try handler com.android.wm.shell.pip.PipTransition@f688c4a
12-02 13:31:21.054  2849  2883 V WindowManagerShell:  try handler com.android.wm.shell.splitscreen.StageCoordinator@57e77bb
12-02 13:31:21.054  2849  2883 V WindowManagerShell:  try handler com.android.wm.shell.transition.RemoteTransitionHandler@4f624d8
12-02 13:31:21.054  2849  2883 V WindowManagerShell: Transition doesn't have explicit remote, search filters for match for {id=81 t=OPEN f=0x0 trk=0 r=[0@Point(0, 0)] c=[{WCT{android.window.IWindowContainerToken$Stub$Proxy@3e646d8} m=OPEN f=NONE leash=Surface(name=Task=157)/@0x6ffc7b5 sb=Rect(0, 0 - 1080, 2400) eb=Rect(0, 0 - 1080, 2400) d=0},{WCT{android.window.IWindowContainerToken$Stub$Proxy@5b22a31} m=TO_BACK f=SHOW_WALLPAPER leash=Surface(name=Task=1)/@0x4bf5e4a sb=Rect(0, 0 - 1080, 2400) eb=Rect(0, 0 - 1080, 2400) d=0}]}
12-02 13:31:21.054  2849  2883 V WindowManagerShell:  Checking filter Pair{{types=[] flags=0x0] notFlags=0x100 checks=[{atype=home independent=true modes=[OPEN,TO_FRONT] flags=NONE mustBeTask=false order=TOP topActivity=ComponentInfo{com.android.launcher3/com.android.launcher3.uioverrides.QuickstepLauncher}},{atype=standard independent=true modes=[CLOSE,TO_BACK] flags=NONE mustBeTask=false order=ANY topActivity=null}]} RemoteTransition { remoteTransition = android.window.IRemoteTransition$Stub$Proxy@317b031, appThread = android.app.IApplicationThread$Stub$Proxy@fab2316, debugName = QuickstepLaunchHome }}
12-02 13:31:21.054  2849  2883 V WindowManagerShell:  Delegate animation for #81 to null
12-02 13:31:21.054  2849  2883 V WindowManagerShell:  try handler com.android.wm.shell.transition.DefaultTransitionHandler@992d497
12-02 13:31:21.054  2849  2883 V WindowManagerShell: start default transition animation, info = {id=81 t=OPEN f=0x0 trk=0 r=[0@Point(0, 0)] c=[{WCT{android.window.IWindowContainerToken$Stub$Proxy@3e646d8} m=OPEN f=NONE leash=Surface(name=Task=157)/@0x6ffc7b5 sb=Rect(0, 0 - 1080, 2400) eb=Rect(0, 0 - 1080, 2400) d=0},{WCT{android.window.IWindowContainerToken$Stub$Proxy@5b22a31} m=TO_BACK f=SHOW_WALLPAPER leash=Surface(name=Task=1)/@0x4bf5e4a sb=Rect(0, 0 - 1080, 2400) eb=Rect(0, 0 - 1080, 2400) d=0}]}
12-02 13:31:21.055  2849  2883 V WindowManagerShell: loadAnimation: anim=android.view.animation.AnimationSet@ee4f884 animAttr=0x13 type=OPEN isEntrance=false
12-02 13:31:21.055  2849  2883 V WindowManagerShell: loadAnimation: anim=android.view.animation.AnimationSet@722ee69 animAttr=0x12 type=OPEN isEntrance=true
12-02 13:31:21.055  2849  2883 V WindowManagerShell:  animated by com.android.wm.shell.transition.DefaultTransitionHandler@992d497
12-02 13:31:21.085  2478 29218 D CompatibilityChangeReporter: Compat change id reported: 170503758; UID 10188; state: ENABLED
12-02 13:31:21.233  2478 13505 I AppsFilter: interaction: PackageSetting{b6a1d72 com.google.mediapipe.examples.llminference/10188} -> PackageSetting{330d149 com.android.cts.priv.ctsshim/10170} BLOCKED
12-02 13:31:21.233  2478 13505 I AppsFilter: interaction: PackageSetting{b6a1d72 com.google.mediapipe.examples.llminference/10188} -> PackageSetting{3038a4e com.android.uwb.resources/10173} BLOCKED
12-02 13:31:21.233  2478 13505 I AppsFilter: interaction: PackageSetting{b6a1d72 com.google.mediapipe.examples.llminference/10188} -> PackageSetting{9345376 com.android.internal.display.cutout.emulation.corner/10020} BLOCKED
12-02 13:31:21.233  2478 13505 I AppsFilter: interaction: PackageSetting{b6a1d72 com.google.mediapipe.examples.llminference/10188} -> PackageSetting{ff9ad77 com.android.internal.display.cutout.emulation.double/10003} BLOCKED
12-02 13:31:21.233  2478 13505 I AppsFilter: interaction: PackageSetting{b6a1d72 com.google.mediapipe.examples.llminference/10188} -> PackageSetting{2f9d76f com.android.healthconnect.controller/10156} BLOCKED
12-02 13:31:21.233  2478 13505 I AppsFilter: interaction: PackageSetting{b6a1d72 com.google.mediapipe.examples.llminference/10188} -> PackageSetting{2debc7c com.android.health.connect.backuprestore/10157} BLOCKED
12-02 13:31:21.233  2478 13505 I AppsFilter: interaction: PackageSetting{b6a1d72 com.google.mediapipe.examples.llminference/10188} -> PackageSetting{10a3102 com.android.internal.systemui.navbar.gestural_wide_back/10009} BLOCKED
12-02 13:31:21.233  2478 13505 I AppsFilter: interaction: PackageSetting{b6a1d72 com.google.mediapipe.examples.llminference/10188} -> PackageSetting{a2c3905 com.android.virtualmachine.res/10159} BLOCKED
12-02 13:31:21.233  2478 13505 I AppsFilter: interaction: PackageSetting{b6a1d72 com.google.mediapipe.examples.llminference/10188} -> PackageSetting{d11fd5a org.codeaurora.dialer/10134} BLOCKED
12-02 13:31:21.233  2478 13505 I AppsFilter: interaction: PackageSetting{b6a1d72 com.google.mediapipe.examples.llminference/10188} -> PackageSetting{9767b8b com.android.protips/10050} BLOCKED
12-02 13:31:21.233  2478 13505 I AppsFilter: interaction: PackageSetting{b6a1d72 com.google.mediapipe.examples.llminference/10188} -> PackageSetting{9992468 com.android.htmlviewer/10057} BLOCKED
12-02 13:31:21.233  2478 13505 I AppsFilter: interaction: PackageSetting{b6a1d72 com.google.mediapipe.examples.llminference/10188} -> PackageSetting{fbc6081 com.android.quicksearchbox/10092} BLOCKED
12-02 13:31:21.233  2478 13505 I AppsFilter: interaction: PackageSetting{b6a1d72 com.google.mediapipe.examples.llminference/10188} -> PackageSetting{d629526 com.android.federatedcompute.services/10176} BLOCKED
12-02 13:31:21.233  2478 13505 I AppsFilter: interaction: PackageSetting{b6a1d72 com.google.mediapipe.examples.llminference/10188} -> PackageSetting{dcf4567 com.quicinc.voice.activation/10115} BLOCKED
12-02 13:31:21.233  2478 13505 I AppsFilter: interaction: PackageSetting{b6a1d72 com.google.mediapipe.examples.llminference/10188} -> PackageSetting{cd8de5a com.qualcomm.qti.optinoverlay/10025} BLOCKED
12-02 13:31:21.233  2478 13505 I AppsFilter: interaction: PackageSetting{b6a1d72 com.google.mediapipe.examples.llminference/10188} -> PackageSetting{d101f14 com.android.soundrecorder/10083} BLOCKED
12-02 13:31:21.233  2478 13505 I AppsFilter: interaction: PackageSetting{b6a1d72 com.google.mediapipe.examples.llminference/10188} -> PackageSetting{6cd83bd com.android.safetycenter.resources/10162} BLOCKED
12-02 13:31:21.233  2478 13505 I AppsFilter: interaction: PackageSetting{b6a1d72 com.google.mediapipe.examples.llminference/10188} -> PackageSetting{4d2ddb2 com.android.simappdialog/10055} BLOCKED
12-02 13:31:21.234  2478 13505 I AppsFilter: interaction: PackageSetting{b6a1d72 com.google.mediapipe.examples.llminference/10188} -> PackageSetting{700d103 com.android.connectivity.resources/10164} BLOCKED
12-02 13:31:21.234  2478 13505 I AppsFilter: interaction: PackageSetting{b6a1d72 com.google.mediapipe.examples.llminference/10188} -> PackageSetting{7ae267 com.android.internal.display.cutout.emulation.hole/10014} BLOCKED
12-02 13:31:21.234  2478 13505 I AppsFilter: interaction: PackageSetting{b6a1d72 com.google.mediapipe.examples.llminference/10188} -> PackageSetting{7f7f814 com.android.internal.display.cutout.emulation.tall/10016} BLOCKED
12-02 13:31:21.234  2478 13505 I AppsFilter: interaction: PackageSetting{b6a1d72 com.google.mediapipe.examples.llminference/10188} -> PackageSetting{65a1880 com.android.modulemetadata/10101} BLOCKED
12-02 13:31:21.234  2478 13505 I AppsFilter: interaction: PackageSetting{b6a1d72 com.google.mediapipe.examples.llminference/10188} -> PackageSetting{874deb2 com.android.internal.systemui.navbar.threebutton/10002} BLOCKED
12-02 13:31:21.234  2478 13505 I AppsFilter: interaction: PackageSetting{b6a1d72 com.google.mediapipe.examples.llminference/10188} -> PackageSetting{ad39eb9 com.android.wifi.dialog/10168} BLOCKED
12-02 13:31:21.234  2478 13505 I AppsFilter: interaction: PackageSetting{b6a1d72 com.google.mediapipe.examples.llminference/10188} -> PackageSetting{28d22fe com.android.contacts/10085} BLOCKED
12-02 13:31:21.234  2478 13505 I AppsFilter: interaction: PackageSetting{b6a1d72 com.google.mediapipe.examples.llminference/10188} -> PackageSetting{5357a5f com.android.camera2/10098} BLOCKED
12-02 13:31:21.234  2478 13505 I AppsFilter: interaction: PackageSetting{b6a1d72 com.google.mediapipe.examples.llminference/10188} -> PackageSetting{7883cac com.android.mms/10133} BLOCKED
12-02 13:31:21.234  2478 13505 I AppsFilter: interaction: PackageSetting{b6a1d72 com.google.mediapipe.examples.llminference/10188} -> PackageSetting{866d75 com.android.launcher3/10124} BLOCKED
12-02 13:31:21.234  2478 13505 I AppsFilter: interaction: PackageSetting{b6a1d72 com.google.mediapipe.examples.llminference/10188} -> PackageSetting{c14710a com.android.compos.payload/10160} BLOCKED
12-02 13:31:21.234  2478 13505 I AppsFilter: interaction: PackageSetting{b6a1d72 com.google.mediapipe.examples.llminference/10188} -> PackageSetting{6e15d7b com.android.settings.intelligence/10081} BLOCKED
12-02 13:31:21.234  2478 13505 I AppsFilter: interaction: PackageSetting{b6a1d72 com.google.mediapipe.examples.llminference/10188} -> PackageSetting{927798 com.android.calendar/10108} BLOCKED
12-02 13:31:21.234  2478 13505 I AppsFilter: interaction: PackageSetting{b6a1d72 com.google.mediapipe.examples.llminference/10188} -> PackageSetting{fd5920a com.android.internal.systemui.navbar.gestural_extra_wide_back/10019} BLOCKED
12-02 13:31:21.234  2478 13505 I AppsFilter: interaction: PackageSetting{b6a1d72 com.google.mediapipe.examples.llminference/10188} -> PackageSetting{65d6bf1 com.android.printspooler/10063} BLOCKED
12-02 13:31:21.234  2478 13505 I AppsFilter: interaction: PackageSetting{b6a1d72 com.google.mediapipe.examples.llminference/10188} -> PackageSetting{a1093d6 com.android.dreams.basic/10051} BLOCKED
12-02 13:31:21.234  2478 13505 I AppsFilter: interaction: PackageSetting{b6a1d72 com.google.mediapipe.examples.llminference/10188} -> PackageSetting{39e5657 com.android.webview/10106} BLOCKED
12-02 13:31:21.234  2478 13505 I AppsFilter: interaction: PackageSetting{b6a1d72 com.google.mediapipe.examples.llminference/10188} -> PackageSetting{7037544 com.android.rkpdapp/10169} BLOCKED
12-02 13:31:21.234  2478 13505 I AppsFilter: interaction: PackageSetting{b6a1d72 com.google.mediapipe.examples.llminference/10188} -> PackageSetting{cbd62d com.android.musicfx/10044} BLOCKED
12-02 13:31:21.234  2478 13505 I AppsFilter: interaction: PackageSetting{b6a1d72 com.google.mediapipe.examples.llminference/10188} -> PackageSetting{5da1762 com.example.android.locationattribution/10102} BLOCKED
12-02 13:31:21.234  2478 13505 I AppsFilter: interaction: PackageSetting{b6a1d72 com.google.mediapipe.examples.llminference/10188} -> PackageSetting{8c800f3 com.qualcomm.qti.ramdumpcopyui/10139} BLOCKED
12-02 13:31:21.234  2478 13505 I AppsFilter: interaction: PackageSetting{b6a1d72 com.google.mediapipe.examples.llminference/10188} -> PackageSetting{c64a1b0 com.android.chrome/10113} BLOCKED
12-02 13:31:21.234  2478 13505 I AppsFilter: interaction: PackageSetting{b6a1d72 com.google.mediapipe.examples.llminference/10188} -> PackageSetting{e3ca829 com.android.printservice.recommendation/10054} BLOCKED
12-02 13:31:21.234  2478 13505 I AppsFilter: interaction: PackageSetting{b6a1d72 com.google.mediapipe.examples.llminference/10188} -> PackageSetting{3c647ae co.huggingface.android_transformers.gpt2/10184} BLOCKED
12-02 13:31:21.234  2478 13505 I AppsFilter: interaction: PackageSetting{b6a1d72 com.google.mediapipe.examples.llminference/10188} -> PackageSetting{3d7b94f com.android.gallery3d/10110} BLOCKED
12-02 13:31:21.234  2478 13505 I AppsFilter: interaction: PackageSetting{b6a1d72 com.google.mediapipe.examples.llminference/10188} -> PackageSetting{f6a28dc com.android.wifi.resources/10166} BLOCKED
12-02 13:31:21.234  2478 13505 I AppsFilter: interaction: PackageSetting{b6a1d72 com.google.mediapipe.examples.llminference/10188} -> PackageSetting{ece9de5 com.google.android.partnersetup/10082} BLOCKED
12-02 13:31:21.234  2478 13505 I AppsFilter: interaction: PackageSetting{b6a1d72 com.google.mediapipe.examples.llminference/10188} -> PackageSetting{14461dc com.android.theme.font.notoserifsource/10007} BLOCKED
12-02 13:31:21.234  2478 13505 I AppsFilter: interaction: PackageSetting{b6a1d72 com.google.mediapipe.examples.llminference/10188} -> PackageSetting{c16e2e5 com.android.internal.display.cutout.emulation.waterfall/10004} BLOCKED
12-02 13:31:21.234  2478 13505 I AppsFilter: interaction: PackageSetting{b6a1d72 com.google.mediapipe.examples.llminference/10188} -> PackageSetting{63330ba com.android.nearby.halfsheet/10165} BLOCKED
12-02 13:31:21.234  2478 13505 I AppsFilter: interaction: PackageSetting{b6a1d72 com.google.mediapipe.examples.llminference/10188} -> PackageSetting{6809b6b com.android.inputmethod.latin/10112} BLOCKED
12-02 13:31:21.234  2478 13505 I AppsFilter: interaction: PackageSetting{b6a1d72 com.google.mediapipe.examples.llminference/10188} -> PackageSetting{ba3bfc8 com.android.internal.systemui.navbar.transparent/10017} BLOCKED
12-02 13:31:21.234  2478 13505 I AppsFilter: interaction: PackageSetting{b6a1d72 com.google.mediapipe.examples.llminference/10188} -> PackageSetting{3def6c8 com.android.dreams.phototable/10107} BLOCKED
12-02 13:31:21.234  2478 13505 I AppsFilter: interaction: PackageSetting{b6a1d72 com.google.mediapipe.examples.llminference/10188} -> PackageSetting{bd03361 com.android.providers.partnerbookmarks/10059} BLOCKED
12-02 13:31:21.234  2478 13505 I AppsFilter: interaction: PackageSetting{b6a1d72 com.google.mediapipe.examples.llminference/10188} -> PackageSetting{5539e86 com.android.smspush/10149} BLOCKED
12-02 13:31:21.234  2478 13505 I AppsFilter: interaction: PackageSetting{b6a1d72 com.google.mediapipe.examples.llminference/10188} -> PackageSetting{8b8347 com.android.wallpaper.livepicker/10030} BLOCKED
12-02 13:31:21.234  2478 13505 I AppsFilter: interaction: PackageSetting{b6a1d72 com.google.mediapipe.examples.llminference/10188} -> PackageSetting{d50b774 com.android.cellbroadcastreceiver.module/10155} BLOCKED
12-02 13:31:21.234  2478 13505 I AppsFilter: interaction: PackageSetting{b6a1d72 com.google.mediapipe.examples.llminference/10188} -> PackageSetting{afba49d com.android.apps.tag/10040} BLOCKED
12-02 13:31:21.234  2478 13505 I AppsFilter: interaction: PackageSetting{b6a1d72 com.google.mediapipe.examples.llminference/10188} -> PackageSetting{7bb1d12 com.android.imsserviceentitlement/10084} BLOCKED
12-02 13:31:21.234  2478 13505 I AppsFilter: interaction: PackageSetting{b6a1d72 com.google.mediapipe.examples.llminference/10188} -> PackageSetting{b730ce3 com.android.bookmarkprovider/10064} BLOCKED
12-02 13:31:21.234  2478 13505 I AppsFilter: interaction: PackageSetting{b6a1d72 com.google.mediapipe.examples.llminference/10188} -> PackageSetting{215f625 com.termux/10186} BLOCKED
12-02 13:31:21.234  2478 13505 I AppsFilter: interaction: PackageSetting{b6a1d72 com.google.mediapipe.examples.llminference/10188} -> PackageSetting{9f743fa com.android.cts.ctsshim/10171} BLOCKED
12-02 13:31:21.234  2478 13505 I AppsFilter: interaction: PackageSetting{b6a1d72 com.google.mediapipe.examples.llminference/10188} -> PackageSetting{69d5198 com.android.microdroid.empty_payload/10158} BLOCKED
12-02 13:31:21.234  2478 13505 I AppsFilter: interaction: PackageSetting{b6a1d72 com.google.mediapipe.examples.llminference/10188} -> PackageSetting{87bd6e0 com.android.email/10143} BLOCKED
12-02 13:31:21.234  2478 13505 I AppsFilter: interaction: PackageSetting{b6a1d72 com.google.mediapipe.examples.llminference/10188} -> PackageSetting{972ed99 com.android.hotspot2.osulogin/10167} BLOCKED
12-02 13:31:21.234  2478 13505 I AppsFilter: interaction: PackageSetting{b6a1d72 com.google.mediapipe.examples.llminference/10188} -> PackageSetting{4293b0a com.qualcomm.qti.bert/10180} BLOCKED
12-02 13:31:21.234  2478 13505 I AppsFilter: interaction: PackageSetting{b6a1d72 com.google.mediapipe.examples.llminference/10188} -> PackageSetting{df4f55 com.android.internal.systemui.navbar.gestural/10010} BLOCKED
12-02 13:31:21.234  2478 13505 I AppsFilter: interaction: PackageSetting{b6a1d72 com.google.mediapipe.examples.llminference/10188} -> PackageSetting{7a9f85e com.android.deskclock/10104} BLOCKED
12-02 13:31:21.234  2478 13505 I AppsFilter: interaction: PackageSetting{b6a1d72 com.google.mediapipe.examples.llminference/10188} -> PackageSetting{3bf943f com.android.exchange/10152} BLOCKED
12-02 13:31:21.234  2478 13505 I AppsFilter: interaction: PackageSetting{b6a1d72 com.google.mediapipe.examples.llminference/10188} -> PackageSetting{f77810c com.android.bluetoothmidiservice/10061} BLOCKED
12-02 13:31:21.234  2478 13505 I AppsFilter: interaction: PackageSetting{b6a1d72 com.google.mediapipe.examples.llminference/10188} -> PackageSetting{a7bca55 com.android.captiveportallogin/10048} BLOCKED
12-02 13:31:21.234  2478 13505 I AppsFilter: interaction: PackageSetting{b6a1d72 com.google.mediapipe.examples.llminference/10188} -> PackageSetting{ca56636 com.android.internal.systemui.navbar.gestural_narrow_back/10012} BLOCKED
12-02 13:31:21.251  2478 13803 I ActivityManager: Flag disabled. Ignoring finishAttachApplication from uid: 10188. pid: 22041
12-02 13:31:21.252  2478 13505 I AppsFilter: interaction: PackageSetting{b6a1d72 com.google.mediapipe.examples.llminference/10188} -> PackageSetting{330d149 com.android.cts.priv.ctsshim/10170} BLOCKED
12-02 13:31:21.252  2478 13505 I AppsFilter: interaction: PackageSetting{b6a1d72 com.google.mediapipe.examples.llminference/10188} -> PackageSetting{3038a4e com.android.uwb.resources/10173} BLOCKED
12-02 13:31:21.252  2478 13505 I AppsFilter: interaction: PackageSetting{b6a1d72 com.google.mediapipe.examples.llminference/10188} -> PackageSetting{9345376 com.android.internal.display.cutout.emulation.corner/10020} BLOCKED
12-02 13:31:21.252  2478 13505 I AppsFilter: interaction: PackageSetting{b6a1d72 com.google.mediapipe.examples.llminference/10188} -> PackageSetting{ff9ad77 com.android.internal.display.cutout.emulation.double/10003} BLOCKED
12-02 13:31:21.252  2478 13505 I AppsFilter: interaction: PackageSetting{b6a1d72 com.google.mediapipe.examples.llminference/10188} -> PackageSetting{2f9d76f com.android.healthconnect.controller/10156} BLOCKED
12-02 13:31:21.252  2478 13505 I AppsFilter: interaction: PackageSetting{b6a1d72 com.google.mediapipe.examples.llminference/10188} -> PackageSetting{2debc7c com.android.health.connect.backuprestore/10157} BLOCKED
12-02 13:31:21.252  2478 13505 I AppsFilter: interaction: PackageSetting{b6a1d72 com.google.mediapipe.examples.llminference/10188} -> PackageSetting{10a3102 com.android.internal.systemui.navbar.gestural_wide_back/10009} BLOCKED
12-02 13:31:21.252  2478 13505 I AppsFilter: interaction: PackageSetting{b6a1d72 com.google.mediapipe.examples.llminference/10188} -> PackageSetting{a2c3905 com.android.virtualmachine.res/10159} BLOCKED
12-02 13:31:21.252  2478 13505 I AppsFilter: interaction: PackageSetting{b6a1d72 com.google.mediapipe.examples.llminference/10188} -> PackageSetting{d11fd5a org.codeaurora.dialer/10134} BLOCKED
12-02 13:31:21.252  2478 13505 I AppsFilter: interaction: PackageSetting{b6a1d72 com.google.mediapipe.examples.llminference/10188} -> PackageSetting{9767b8b com.android.protips/10050} BLOCKED
12-02 13:31:21.252  2478 13505 I AppsFilter: interaction: PackageSetting{b6a1d72 com.google.mediapipe.examples.llminference/10188} -> PackageSetting{9992468 com.android.htmlviewer/10057} BLOCKED
12-02 13:31:21.252  2478 13505 I AppsFilter: interaction: PackageSetting{b6a1d72 com.google.mediapipe.examples.llminference/10188} -> PackageSetting{fbc6081 com.android.quicksearchbox/10092} BLOCKED
12-02 13:31:21.252  2478 13505 I AppsFilter: interaction: PackageSetting{b6a1d72 com.google.mediapipe.examples.llminference/10188} -> PackageSetting{d629526 com.android.federatedcompute.services/10176} BLOCKED
12-02 13:31:21.252  2478 13505 I AppsFilter: interaction: PackageSetting{b6a1d72 com.google.mediapipe.examples.llminference/10188} -> PackageSetting{dcf4567 com.quicinc.voice.activation/10115} BLOCKED
12-02 13:31:21.252  2478 13505 I AppsFilter: interaction: PackageSetting{b6a1d72 com.google.mediapipe.examples.llminference/10188} -> PackageSetting{cd8de5a com.qualcomm.qti.optinoverlay/10025} BLOCKED
12-02 13:31:21.252  2478 13505 I AppsFilter: interaction: PackageSetting{b6a1d72 com.google.mediapipe.examples.llminference/10188} -> PackageSetting{d101f14 com.android.soundrecorder/10083} BLOCKED
12-02 13:31:21.252  2478 13505 I AppsFilter: interaction: PackageSetting{b6a1d72 com.google.mediapipe.examples.llminference/10188} -> PackageSetting{6cd83bd com.android.safetycenter.resources/10162} BLOCKED
12-02 13:31:21.252  2478 13505 I AppsFilter: interaction: PackageSetting{b6a1d72 com.google.mediapipe.examples.llminference/10188} -> PackageSetting{4d2ddb2 com.android.simappdialog/10055} BLOCKED
12-02 13:31:21.252  2478 13505 I AppsFilter: interaction: PackageSetting{b6a1d72 com.google.mediapipe.examples.llminference/10188} -> PackageSetting{700d103 com.android.connectivity.resources/10164} BLOCKED
12-02 13:31:21.252  2478 13505 I AppsFilter: interaction: PackageSetting{b6a1d72 com.google.mediapipe.examples.llminference/10188} -> PackageSetting{7ae267 com.android.internal.display.cutout.emulation.hole/10014} BLOCKED
12-02 13:31:21.252  2478 13505 I AppsFilter: interaction: PackageSetting{b6a1d72 com.google.mediapipe.examples.llminference/10188} -> PackageSetting{7f7f814 com.android.internal.display.cutout.emulation.tall/10016} BLOCKED
12-02 13:31:21.252  2478 13505 I AppsFilter: interaction: PackageSetting{b6a1d72 com.google.mediapipe.examples.llminference/10188} -> PackageSetting{65a1880 com.android.modulemetadata/10101} BLOCKED
12-02 13:31:21.252  2478 13505 I AppsFilter: interaction: PackageSetting{b6a1d72 com.google.mediapipe.examples.llminference/10188} -> PackageSetting{874deb2 com.android.internal.systemui.navbar.threebutton/10002} BLOCKED
12-02 13:31:21.252  2478 13505 I AppsFilter: interaction: PackageSetting{b6a1d72 com.google.mediapipe.examples.llminference/10188} -> PackageSetting{ad39eb9 com.android.wifi.dialog/10168} BLOCKED
12-02 13:31:21.252  2478 13505 I AppsFilter: interaction: PackageSetting{b6a1d72 com.google.mediapipe.examples.llminference/10188} -> PackageSetting{28d22fe com.android.contacts/10085} BLOCKED
12-02 13:31:21.252  2478 13505 I AppsFilter: interaction: PackageSetting{b6a1d72 com.google.mediapipe.examples.llminference/10188} -> PackageSetting{5357a5f com.android.camera2/10098} BLOCKED
12-02 13:31:21.252  2478 13505 I AppsFilter: interaction: PackageSetting{b6a1d72 com.google.mediapipe.examples.llminference/10188} -> PackageSetting{7883cac com.android.mms/10133} BLOCKED
12-02 13:31:21.252  2478 13505 I AppsFilter: interaction: PackageSetting{b6a1d72 com.google.mediapipe.examples.llminference/10188} -> PackageSetting{866d75 com.android.launcher3/10124} BLOCKED
12-02 13:31:21.252  2478 13505 I AppsFilter: interaction: PackageSetting{b6a1d72 com.google.mediapipe.examples.llminference/10188} -> PackageSetting{c14710a com.android.compos.payload/10160} BLOCKED
